<!doctype html public "-//w3c//dtd html 4.0 transitional//en">
<html><head>
<title>Static Call Graph - [./build/SG_CHASSIS_C_2024_11_5/SG_CHASSIS_C_2024_11_5.axf]</title></head>
<body><HR>
<H1>Static Call Graph for image ./build/SG_CHASSIS_C_2024_11_5/SG_CHASSIS_C_2024_11_5.axf</H1><HR>
<BR><P>#&#060CALLGRAPH&#062# ARM Linker, 6140101: Last Updated: Mon May 12 05:00:31 2025
<BR><P>
<H3>Maximum Stack Usage =       1416 bytes + Unknown(Functions without stacksize, Cycles, Untraceable Function Pointers)</H3><H3>
Call chain for Maximum Stack Depth:</H3>
RLSTask &rArr; SGPowerControl::PowerUpData_t::UpRLS(PID*, Dji_Motor&, float, float) &rArr; Math::RLS&lang;(unsigned)2&rang;::update(Matrixf&lang;(int)2, (int)1&rang;&, float) &rArr; _Unwind_Resume &rArr; _ZL13unwind_phase2P13unw_context_tP12unw_cursor_tP21_Unwind_Control_Blockb &rArr; __unw_init_local &rArr; libunwind::UnwindCursor&lang;libunwind::LocalAddressSpace, libunwind::Registers_arm&rang;::setInfoBasedOnIPRegister(bool) &rArr; libunwind::UnwindCursor&lang;libunwind::LocalAddressSpace, libunwind::Registers_arm&rang;::getInfoFromEHABISection(unsigned, const libunwind::UnwindInfoSections&) &rArr; abort &rArr; __rt_SIGABRT &rArr; __rt_SIGABRT_inner &rArr; __default_signal_display &rArr; _ttywrch
<P>
<H3>
Functions with no stack information
</H3><UL>
 <LI><a href="#[106]">__user_initial_stackheap</a>
 <LI><a href="#[17a]">__unw_getcontext</a>
 <LI><a href="#[29c]">unw_getcontext</a>
 <LI><a href="#[202]">libunwind::Registers_arm::saveVFPWithFSTMD(void*)</a>
 <LI><a href="#[200]">libunwind::Registers_arm::saveVFPWithFSTMX(void*)</a>
 <LI><a href="#[201]">libunwind::Registers_arm::saveVFPv3(void*)</a>
 <LI><a href="#[208]">libunwind::Registers_arm::restoreCoreAndJumpTo()</a>
 <LI><a href="#[20a]">libunwind::Registers_arm::restoreVFPWithFLDMD(void*)</a>
 <LI><a href="#[209]">libunwind::Registers_arm::restoreVFPWithFLDMX(void*)</a>
 <LI><a href="#[20b]">libunwind::Registers_arm::restoreVFPv3(void*)</a>
</UL>
</UL>
<P>
<H3>
Mutually Recursive functions
</H3> <LI><a href="#[1c]">ADC_IRQHandler</a>&nbsp;&nbsp;&nbsp;&rArr;&nbsp;&nbsp;&nbsp;<a href="#[1c]">ADC_IRQHandler</a><BR>
 <LI><a href="#[4]">BusFault_Handler</a>&nbsp;&nbsp;&nbsp;&rArr;&nbsp;&nbsp;&nbsp;<a href="#[4]">BusFault_Handler</a><BR>
 <LI><a href="#[214]">__clang_call_terminate</a>&nbsp;&nbsp;&nbsp;&rArr;&nbsp;&nbsp;&nbsp;<a href="#[19f]">__cxa_begin_catch</a><BR>
 <LI><a href="#[21a]">__cxa_call_unexpected</a>&nbsp;&nbsp;&nbsp;&rArr;&nbsp;&nbsp;&nbsp;<a href="#[213]">__cxa_end_catch</a><BR>
 <LI><a href="#[1a4]">__cxa_allocate_exception</a>&nbsp;&nbsp;&nbsp;&rArr;&nbsp;&nbsp;&nbsp;<a href="#[d1]">std::terminate()</a><BR>
 <LI><a href="#[19c]">_ZN10__cxxabiv1L14call_terminateEbP21_Unwind_Control_Block</a>&nbsp;&nbsp;&nbsp;&rArr;&nbsp;&nbsp;&nbsp;<a href="#[19f]">__cxa_begin_catch</a><BR>
 <LI><a href="#[21f]">__cxa_rethrow</a>&nbsp;&nbsp;&nbsp;&rArr;&nbsp;&nbsp;&nbsp;<a href="#[19f]">__cxa_begin_catch</a><BR>
 <LI><a href="#[1a0]">std::__terminate(void(*)())</a>&nbsp;&nbsp;&nbsp;&rArr;&nbsp;&nbsp;&nbsp;<a href="#[19f]">__cxa_begin_catch</a><BR>
 <LI><a href="#[2]">HardFault_Handler</a>&nbsp;&nbsp;&nbsp;&rArr;&nbsp;&nbsp;&nbsp;<a href="#[2]">HardFault_Handler</a><BR>
 <LI><a href="#[3]">MemManage_Handler</a>&nbsp;&nbsp;&nbsp;&rArr;&nbsp;&nbsp;&nbsp;<a href="#[3]">MemManage_Handler</a><BR>
 <LI><a href="#[1]">NMI_Handler</a>&nbsp;&nbsp;&nbsp;&rArr;&nbsp;&nbsp;&nbsp;<a href="#[1]">NMI_Handler</a><BR>
 <LI><a href="#[63]">StartDefaultTask</a>&nbsp;&nbsp;&nbsp;&rArr;&nbsp;&nbsp;&nbsp;<a href="#[63]">StartDefaultTask</a><BR>
 <LI><a href="#[5]">UsageFault_Handler</a>&nbsp;&nbsp;&nbsp;&rArr;&nbsp;&nbsp;&nbsp;<a href="#[5]">UsageFault_Handler</a><BR>
</UL>
<P>
<H3>
Function Pointers
</H3><UL>
 <LI><a href="#[1c]">ADC_IRQHandler</a> from startup_stm32f407xx.o(.text) referenced from startup_stm32f407xx.o(RESET)
 <LI><a href="#[4]">BusFault_Handler</a> from stm32f4xx_it.o(.text.BusFault_Handler) referenced from startup_stm32f407xx.o(RESET)
 <LI><a href="#[1e]">CAN1_RX0_IRQHandler</a> from stm32f4xx_it.o(.text.CAN1_RX0_IRQHandler) referenced from startup_stm32f407xx.o(RESET)
 <LI><a href="#[1f]">CAN1_RX1_IRQHandler</a> from stm32f4xx_it.o(.text.CAN1_RX1_IRQHandler) referenced from startup_stm32f407xx.o(RESET)
 <LI><a href="#[20]">CAN1_SCE_IRQHandler</a> from startup_stm32f407xx.o(.text) referenced from startup_stm32f407xx.o(RESET)
 <LI><a href="#[1d]">CAN1_TX_IRQHandler</a> from startup_stm32f407xx.o(.text) referenced from startup_stm32f407xx.o(RESET)
 <LI><a href="#[4a]">CAN2_RX0_IRQHandler</a> from stm32f4xx_it.o(.text.CAN2_RX0_IRQHandler) referenced from startup_stm32f407xx.o(RESET)
 <LI><a href="#[4b]">CAN2_RX1_IRQHandler</a> from stm32f4xx_it.o(.text.CAN2_RX1_IRQHandler) referenced from startup_stm32f407xx.o(RESET)
 <LI><a href="#[4c]">CAN2_SCE_IRQHandler</a> from startup_stm32f407xx.o(.text) referenced from startup_stm32f407xx.o(RESET)
 <LI><a href="#[49]">CAN2_TX_IRQHandler</a> from startup_stm32f407xx.o(.text) referenced from startup_stm32f407xx.o(RESET)
 <LI><a href="#[64]">ChassisTask</a> from ChassisTask.o(.text.ChassisTask) referenced 2 times from freertos.o(.text.MX_FREERTOS_Init)
 <LI><a href="#[65]">CommunicationTask</a> from CommunicationTask.o(.text.CommunicationTask) referenced 2 times from freertos.o(.text.MX_FREERTOS_Init)
 <LI><a href="#[58]">DCMI_IRQHandler</a> from startup_stm32f407xx.o(.text) referenced from startup_stm32f407xx.o(RESET)
 <LI><a href="#[15]">DMA1_Stream0_IRQHandler</a> from startup_stm32f407xx.o(.text) referenced from startup_stm32f407xx.o(RESET)
 <LI><a href="#[16]">DMA1_Stream1_IRQHandler</a> from stm32f4xx_it.o(.text.DMA1_Stream1_IRQHandler) referenced from startup_stm32f407xx.o(RESET)
 <LI><a href="#[17]">DMA1_Stream2_IRQHandler</a> from startup_stm32f407xx.o(.text) referenced from startup_stm32f407xx.o(RESET)
 <LI><a href="#[18]">DMA1_Stream3_IRQHandler</a> from stm32f4xx_it.o(.text.DMA1_Stream3_IRQHandler) referenced from startup_stm32f407xx.o(RESET)
 <LI><a href="#[19]">DMA1_Stream4_IRQHandler</a> from startup_stm32f407xx.o(.text) referenced from startup_stm32f407xx.o(RESET)
 <LI><a href="#[1a]">DMA1_Stream5_IRQHandler</a> from startup_stm32f407xx.o(.text) referenced from startup_stm32f407xx.o(RESET)
 <LI><a href="#[1b]">DMA1_Stream6_IRQHandler</a> from startup_stm32f407xx.o(.text) referenced from startup_stm32f407xx.o(RESET)
 <LI><a href="#[39]">DMA1_Stream7_IRQHandler</a> from startup_stm32f407xx.o(.text) referenced from startup_stm32f407xx.o(RESET)
 <LI><a href="#[42]">DMA2_Stream0_IRQHandler</a> from startup_stm32f407xx.o(.text) referenced from startup_stm32f407xx.o(RESET)
 <LI><a href="#[43]">DMA2_Stream1_IRQHandler</a> from stm32f4xx_it.o(.text.DMA2_Stream1_IRQHandler) referenced from startup_stm32f407xx.o(RESET)
 <LI><a href="#[44]">DMA2_Stream2_IRQHandler</a> from stm32f4xx_it.o(.text.DMA2_Stream2_IRQHandler) referenced from startup_stm32f407xx.o(RESET)
 <LI><a href="#[45]">DMA2_Stream3_IRQHandler</a> from startup_stm32f407xx.o(.text) referenced from startup_stm32f407xx.o(RESET)
 <LI><a href="#[46]">DMA2_Stream4_IRQHandler</a> from startup_stm32f407xx.o(.text) referenced from startup_stm32f407xx.o(RESET)
 <LI><a href="#[4e]">DMA2_Stream5_IRQHandler</a> from startup_stm32f407xx.o(.text) referenced from startup_stm32f407xx.o(RESET)
 <LI><a href="#[4f]">DMA2_Stream6_IRQHandler</a> from stm32f4xx_it.o(.text.DMA2_Stream6_IRQHandler) referenced from startup_stm32f407xx.o(RESET)
 <LI><a href="#[50]">DMA2_Stream7_IRQHandler</a> from stm32f4xx_it.o(.text.DMA2_Stream7_IRQHandler) referenced from startup_stm32f407xx.o(RESET)
 <LI><a href="#[7]">DebugMon_Handler</a> from stm32f4xx_it.o(.text.DebugMon_Handler) referenced from startup_stm32f407xx.o(RESET)
 <LI><a href="#[47]">ETH_IRQHandler</a> from startup_stm32f407xx.o(.text) referenced from startup_stm32f407xx.o(RESET)
 <LI><a href="#[48]">ETH_WKUP_IRQHandler</a> from startup_stm32f407xx.o(.text) referenced from startup_stm32f407xx.o(RESET)
 <LI><a href="#[10]">EXTI0_IRQHandler</a> from startup_stm32f407xx.o(.text) referenced from startup_stm32f407xx.o(RESET)
 <LI><a href="#[32]">EXTI15_10_IRQHandler</a> from startup_stm32f407xx.o(.text) referenced from startup_stm32f407xx.o(RESET)
 <LI><a href="#[11]">EXTI1_IRQHandler</a> from startup_stm32f407xx.o(.text) referenced from startup_stm32f407xx.o(RESET)
 <LI><a href="#[12]">EXTI2_IRQHandler</a> from startup_stm32f407xx.o(.text) referenced from startup_stm32f407xx.o(RESET)
 <LI><a href="#[13]">EXTI3_IRQHandler</a> from startup_stm32f407xx.o(.text) referenced from startup_stm32f407xx.o(RESET)
 <LI><a href="#[14]">EXTI4_IRQHandler</a> from startup_stm32f407xx.o(.text) referenced from startup_stm32f407xx.o(RESET)
 <LI><a href="#[21]">EXTI9_5_IRQHandler</a> from startup_stm32f407xx.o(.text) referenced from startup_stm32f407xx.o(RESET)
 <LI><a href="#[68]">EventTask</a> from EvenTask.o(.text.EventTask) referenced 2 times from freertos.o(.text.MX_FREERTOS_Init)
 <LI><a href="#[e]">FLASH_IRQHandler</a> from startup_stm32f407xx.o(.text) referenced from startup_stm32f407xx.o(RESET)
 <LI><a href="#[3a]">FMC_IRQHandler</a> from startup_stm32f407xx.o(.text) referenced from startup_stm32f407xx.o(RESET)
 <LI><a href="#[5a]">FPU_IRQHandler</a> from startup_stm32f407xx.o(.text) referenced from startup_stm32f407xx.o(RESET)
 <LI><a href="#[59]">HASH_RNG_IRQHandler</a> from startup_stm32f407xx.o(.text) referenced from startup_stm32f407xx.o(RESET)
 <LI><a href="#[2]">HardFault_Handler</a> from stm32f4xx_it.o(.text.HardFault_Handler) referenced from startup_stm32f407xx.o(RESET)
 <LI><a href="#[2a]">I2C1_ER_IRQHandler</a> from startup_stm32f407xx.o(.text) referenced from startup_stm32f407xx.o(RESET)
 <LI><a href="#[29]">I2C1_EV_IRQHandler</a> from startup_stm32f407xx.o(.text) referenced from startup_stm32f407xx.o(RESET)
 <LI><a href="#[2c]">I2C2_ER_IRQHandler</a> from startup_stm32f407xx.o(.text) referenced from startup_stm32f407xx.o(RESET)
 <LI><a href="#[2b]">I2C2_EV_IRQHandler</a> from startup_stm32f407xx.o(.text) referenced from startup_stm32f407xx.o(RESET)
 <LI><a href="#[53]">I2C3_ER_IRQHandler</a> from startup_stm32f407xx.o(.text) referenced from startup_stm32f407xx.o(RESET)
 <LI><a href="#[52]">I2C3_EV_IRQHandler</a> from startup_stm32f407xx.o(.text) referenced from startup_stm32f407xx.o(RESET)
 <LI><a href="#[3]">MemManage_Handler</a> from stm32f4xx_it.o(.text.MemManage_Handler) referenced from startup_stm32f407xx.o(RESET)
 <LI><a href="#[1]">NMI_Handler</a> from stm32f4xx_it.o(.text.NMI_Handler) referenced from startup_stm32f407xx.o(RESET)
 <LI><a href="#[4d]">OTG_FS_IRQHandler</a> from startup_stm32f407xx.o(.text) referenced from startup_stm32f407xx.o(RESET)
 <LI><a href="#[34]">OTG_FS_WKUP_IRQHandler</a> from startup_stm32f407xx.o(.text) referenced from startup_stm32f407xx.o(RESET)
 <LI><a href="#[55]">OTG_HS_EP1_IN_IRQHandler</a> from startup_stm32f407xx.o(.text) referenced from startup_stm32f407xx.o(RESET)
 <LI><a href="#[54]">OTG_HS_EP1_OUT_IRQHandler</a> from startup_stm32f407xx.o(.text) referenced from startup_stm32f407xx.o(RESET)
 <LI><a href="#[57]">OTG_HS_IRQHandler</a> from startup_stm32f407xx.o(.text) referenced from startup_stm32f407xx.o(RESET)
 <LI><a href="#[56]">OTG_HS_WKUP_IRQHandler</a> from startup_stm32f407xx.o(.text) referenced from startup_stm32f407xx.o(RESET)
 <LI><a href="#[b]">PVD_IRQHandler</a> from startup_stm32f407xx.o(.text) referenced from startup_stm32f407xx.o(RESET)
 <LI><a href="#[8]">PendSV_Handler</a> from port.o(.text.PendSV_Handler) referenced from startup_stm32f407xx.o(RESET)
 <LI><a href="#[f]">RCC_IRQHandler</a> from startup_stm32f407xx.o(.text) referenced from startup_stm32f407xx.o(RESET)
 <LI><a href="#[67]">RLSTask</a> from PowerTask.o(.text.RLSTask) referenced 2 times from freertos.o(.text.MX_FREERTOS_Init)
 <LI><a href="#[33]">RTC_Alarm_IRQHandler</a> from startup_stm32f407xx.o(.text) referenced from startup_stm32f407xx.o(RESET)
 <LI><a href="#[d]">RTC_WKUP_IRQHandler</a> from startup_stm32f407xx.o(.text) referenced from startup_stm32f407xx.o(RESET)
 <LI><a href="#[66]">RefeeTask</a> from RefeeTask.o(.text.RefeeTask) referenced 2 times from freertos.o(.text.MX_FREERTOS_Init)
 <LI><a href="#[0]">Reset_Handler</a> from startup_stm32f407xx.o(.text) referenced from startup_stm32f407xx.o(RESET)
 <LI><a href="#[3b]">SDIO_IRQHandler</a> from startup_stm32f407xx.o(.text) referenced from startup_stm32f407xx.o(RESET)
 <LI><a href="#[2d]">SPI1_IRQHandler</a> from startup_stm32f407xx.o(.text) referenced from startup_stm32f407xx.o(RESET)
 <LI><a href="#[2e]">SPI2_IRQHandler</a> from startup_stm32f407xx.o(.text) referenced from startup_stm32f407xx.o(RESET)
 <LI><a href="#[3d]">SPI3_IRQHandler</a> from startup_stm32f407xx.o(.text) referenced from startup_stm32f407xx.o(RESET)
 <LI><a href="#[6]">SVC_Handler</a> from port.o(.text.SVC_Handler) referenced from startup_stm32f407xx.o(RESET)
 <LI><a href="#[63]">StartDefaultTask</a> from freertos.o(.text.StartDefaultTask) referenced 2 times from freertos.o(.text.MX_FREERTOS_Init)
 <LI><a href="#[9]">SysTick_Handler</a> from cmsis_os2.o(.text.SysTick_Handler) referenced from startup_stm32f407xx.o(RESET)
 <LI><a href="#[5b]">SystemInit</a> from system_stm32f4xx.o(.text.SystemInit) referenced from startup_stm32f407xx.o(.text)
 <LI><a href="#[c]">TAMP_STAMP_IRQHandler</a> from startup_stm32f407xx.o(.text) referenced from startup_stm32f407xx.o(RESET)
 <LI><a href="#[22]">TIM1_BRK_TIM9_IRQHandler</a> from startup_stm32f407xx.o(.text) referenced from startup_stm32f407xx.o(RESET)
 <LI><a href="#[25]">TIM1_CC_IRQHandler</a> from startup_stm32f407xx.o(.text) referenced from startup_stm32f407xx.o(RESET)
 <LI><a href="#[24]">TIM1_TRG_COM_TIM11_IRQHandler</a> from startup_stm32f407xx.o(.text) referenced from startup_stm32f407xx.o(RESET)
 <LI><a href="#[23]">TIM1_UP_TIM10_IRQHandler</a> from startup_stm32f407xx.o(.text) referenced from startup_stm32f407xx.o(RESET)
 <LI><a href="#[26]">TIM2_IRQHandler</a> from startup_stm32f407xx.o(.text) referenced from startup_stm32f407xx.o(RESET)
 <LI><a href="#[27]">TIM3_IRQHandler</a> from startup_stm32f407xx.o(.text) referenced from startup_stm32f407xx.o(RESET)
 <LI><a href="#[28]">TIM4_IRQHandler</a> from startup_stm32f407xx.o(.text) referenced from startup_stm32f407xx.o(RESET)
 <LI><a href="#[3c]">TIM5_IRQHandler</a> from startup_stm32f407xx.o(.text) referenced from startup_stm32f407xx.o(RESET)
 <LI><a href="#[40]">TIM6_DAC_IRQHandler</a> from stm32f4xx_it.o(.text.TIM6_DAC_IRQHandler) referenced from startup_stm32f407xx.o(RESET)
 <LI><a href="#[41]">TIM7_IRQHandler</a> from stm32f4xx_it.o(.text.TIM7_IRQHandler) referenced from startup_stm32f407xx.o(RESET)
 <LI><a href="#[35]">TIM8_BRK_TIM12_IRQHandler</a> from startup_stm32f407xx.o(.text) referenced from startup_stm32f407xx.o(RESET)
 <LI><a href="#[38]">TIM8_CC_IRQHandler</a> from startup_stm32f407xx.o(.text) referenced from startup_stm32f407xx.o(RESET)
 <LI><a href="#[37]">TIM8_TRG_COM_TIM14_IRQHandler</a> from startup_stm32f407xx.o(.text) referenced from startup_stm32f407xx.o(RESET)
 <LI><a href="#[36]">TIM8_UP_TIM13_IRQHandler</a> from startup_stm32f407xx.o(.text) referenced from startup_stm32f407xx.o(RESET)
 <LI><a href="#[3e]">UART4_IRQHandler</a> from startup_stm32f407xx.o(.text) referenced from startup_stm32f407xx.o(RESET)
 <LI><a href="#[3f]">UART5_IRQHandler</a> from startup_stm32f407xx.o(.text) referenced from startup_stm32f407xx.o(RESET)
 <LI><a href="#[60]">UART_DMAAbortOnError</a> from stm32f4xx_hal_uart.o(.text.UART_DMAAbortOnError) referenced 2 times from stm32f4xx_hal_uart.o(.text.HAL_UART_IRQHandler)
 <LI><a href="#[5f]">UART_DMAError</a> from stm32f4xx_hal_uart.o(.text.UART_DMAError) referenced 2 times from stm32f4xx_hal_uart.o(.text.HAL_UARTEx_ReceiveToIdle_DMA)
 <LI><a href="#[5f]">UART_DMAError</a> from stm32f4xx_hal_uart.o(.text.UART_DMAError) referenced 2 times from stm32f4xx_hal_uart.o(.text.HAL_UART_Receive_DMA)
 <LI><a href="#[5f]">UART_DMAError</a> from stm32f4xx_hal_uart.o(.text.UART_DMAError) referenced 2 times from stm32f4xx_hal_uart.o(.text.HAL_UART_Transmit_DMA)
 <LI><a href="#[5d]">UART_DMAReceiveCplt</a> from stm32f4xx_hal_uart.o(.text.UART_DMAReceiveCplt) referenced 2 times from stm32f4xx_hal_uart.o(.text.HAL_UARTEx_ReceiveToIdle_DMA)
 <LI><a href="#[5d]">UART_DMAReceiveCplt</a> from stm32f4xx_hal_uart.o(.text.UART_DMAReceiveCplt) referenced 2 times from stm32f4xx_hal_uart.o(.text.HAL_UART_Receive_DMA)
 <LI><a href="#[5e]">UART_DMARxHalfCplt</a> from stm32f4xx_hal_uart.o(.text.UART_DMARxHalfCplt) referenced 2 times from stm32f4xx_hal_uart.o(.text.HAL_UARTEx_ReceiveToIdle_DMA)
 <LI><a href="#[5e]">UART_DMARxHalfCplt</a> from stm32f4xx_hal_uart.o(.text.UART_DMARxHalfCplt) referenced 2 times from stm32f4xx_hal_uart.o(.text.HAL_UART_Receive_DMA)
 <LI><a href="#[61]">UART_DMATransmitCplt</a> from stm32f4xx_hal_uart.o(.text.UART_DMATransmitCplt) referenced 2 times from stm32f4xx_hal_uart.o(.text.HAL_UART_Transmit_DMA)
 <LI><a href="#[62]">UART_DMATxHalfCplt</a> from stm32f4xx_hal_uart.o(.text.UART_DMATxHalfCplt) referenced 2 times from stm32f4xx_hal_uart.o(.text.HAL_UART_Transmit_DMA)
 <LI><a href="#[2f]">USART1_IRQHandler</a> from stm32f4xx_it.o(.text.USART1_IRQHandler) referenced from startup_stm32f407xx.o(RESET)
 <LI><a href="#[30]">USART2_IRQHandler</a> from startup_stm32f407xx.o(.text) referenced from startup_stm32f407xx.o(RESET)
 <LI><a href="#[31]">USART3_IRQHandler</a> from stm32f4xx_it.o(.text.USART3_IRQHandler) referenced from startup_stm32f407xx.o(RESET)
 <LI><a href="#[51]">USART6_IRQHandler</a> from stm32f4xx_it.o(.text.USART6_IRQHandler) referenced from startup_stm32f407xx.o(RESET)
 <LI><a href="#[5]">UsageFault_Handler</a> from stm32f4xx_it.o(.text.UsageFault_Handler) referenced from startup_stm32f407xx.o(RESET)
 <LI><a href="#[a]">WWDG_IRQHandler</a> from startup_stm32f407xx.o(.text) referenced from startup_stm32f407xx.o(RESET)
 <LI><a href="#[cd]">_GLOBAL__sub_I_ChassisTask.cpp</a> from ChassisTask.o(.text._GLOBAL__sub_I_ChassisTask.cpp) referenced from ChassisTask.o(.init_array)
 <LI><a href="#[ce]">_GLOBAL__sub_I_EvenTask.cpp</a> from EvenTask.o(.text._GLOBAL__sub_I_EvenTask.cpp) referenced from EvenTask.o(.init_array)
 <LI><a href="#[cf]">_GLOBAL__sub_I_PowerTask.cpp</a> from PowerTask.o(.text._GLOBAL__sub_I_PowerTask.cpp) referenced from PowerTask.o(.init_array)
 <LI><a href="#[cc]">_GLOBAL__sub_I_Variable.cpp</a> from Variable.o(.text._GLOBAL__sub_I_Variable.cpp) referenced from Variable.o(.init_array)
 <LI><a href="#[97]">PowerMeter::Meter::ISDir()</a> from PowerMeter.o(.text._ZN10PowerMeter5Meter5ISDirEv) referenced from PowerMeter.o(.rodata._ZTVN10PowerMeter5MeterE)
 <LI><a href="#[98]">PowerMeter::Meter::Parse(CAN_RxHeaderTypeDef, unsigned char*)</a> from PowerMeter.o(.text._ZN10PowerMeter5Meter5ParseE19CAN_RxHeaderTypeDefPh) referenced from PowerMeter.o(.rodata._ZTVN10PowerMeter5MeterE)
 <LI><a href="#[99]">__cxxabiv1::__shim_type_info::~__shim_type_info__sub_object()</a> from private_typeinfo.cpp.o(.text._ZN10__cxxabiv116__shim_type_infoD2Ev) referenced from private_typeinfo.cpp.o(.rodata._ZTVN10__cxxabiv117__class_type_infoE)
 <LI><a href="#[99]">__cxxabiv1::__shim_type_info::~__shim_type_info__sub_object()</a> from private_typeinfo.cpp.o(.text._ZN10__cxxabiv116__shim_type_infoD2Ev) referenced from private_typeinfo.cpp.o(.rodata._ZTVN10__cxxabiv120__si_class_type_infoE)
 <LI><a href="#[9a]">__cxxabiv1::__class_type_info::~__class_type_info__deallocating()</a> from private_typeinfo.cpp.o(.text._ZN10__cxxabiv117__class_type_infoD0Ev) referenced from private_typeinfo.cpp.o(.rodata._ZTVN10__cxxabiv117__class_type_infoE)
 <LI><a href="#[a1]">__cxxabiv1::__si_class_type_info::~__si_class_type_info__deallocating()</a> from private_typeinfo.cpp.o(.text._ZN10__cxxabiv120__si_class_type_infoD0Ev) referenced from private_typeinfo.cpp.o(.rodata._ZTVN10__cxxabiv120__si_class_type_infoE)
 <LI><a href="#[73]">_ZN10__cxxabiv1L22exception_cleanup_funcE19_Unwind_Reason_CodeP21_Unwind_Control_Block</a> from cxa_exception.cpp.o(.text._ZN10__cxxabiv1L22exception_cleanup_funcE19_Unwind_Reason_CodeP21_Unwind_Control_Block) referenced 2 times from cxa_exception.cpp.o(.text.__cxa_throw)
 <LI><a href="#[69]">TaskManager::~TaskManager__sub_object()</a> from ChassisTask.o(.text._ZN11TaskManagerD2Ev) referenced 2 times from ChassisTask.o(.text._GLOBAL__sub_I_ChassisTask.cpp)
 <LI><a href="#[a7]">Chassis_Task::StopHandler::handle()</a> from ChassisTask.o(.text._ZN12Chassis_Task11StopHandler6handleEv) referenced from ChassisTask.o(.rodata._ZTVN12Chassis_Task11StopHandlerE)
 <LI><a href="#[a6]">Chassis_Task::StopHandler::~StopHandler__deallocating()</a> from ChassisTask.o(.text._ZN12Chassis_Task11StopHandlerD0Ev) referenced from ChassisTask.o(.rodata._ZTVN12Chassis_Task11StopHandlerE)
 <LI><a href="#[7b]">Chassis_Task::updateState()</a> from ChassisTask.o(.text._ZN12Chassis_Task11updateStateEv) referenced from ChassisTask.o(.rodata._ZTV12Chassis_Task)
 <LI><a href="#[7a]">Chassis_Task::executeState()</a> from ChassisTask.o(.text._ZN12Chassis_Task12executeStateEv) referenced from ChassisTask.o(.rodata._ZTV12Chassis_Task)
 <LI><a href="#[a9]">Chassis_Task::FollowHandler::handle()</a> from ChassisTask.o(.text._ZN12Chassis_Task13FollowHandler6handleEv) referenced from ChassisTask.o(.rodata._ZTVN12Chassis_Task13FollowHandlerE)
 <LI><a href="#[a8]">Chassis_Task::FollowHandler::~FollowHandler__deallocating()</a> from ChassisTask.o(.text._ZN12Chassis_Task13FollowHandlerD0Ev) referenced from ChassisTask.o(.rodata._ZTVN12Chassis_Task13FollowHandlerE)
 <LI><a href="#[ab]">Chassis_Task::KeyBoardHandler::handle()</a> from ChassisTask.o(.text._ZN12Chassis_Task15KeyBoardHandler6handleEv) referenced from ChassisTask.o(.rodata._ZTVN12Chassis_Task15KeyBoardHandlerE)
 <LI><a href="#[aa]">Chassis_Task::KeyBoardHandler::~KeyBoardHandler__deallocating()</a> from ChassisTask.o(.text._ZN12Chassis_Task15KeyBoardHandlerD0Ev) referenced from ChassisTask.o(.rodata._ZTVN12Chassis_Task15KeyBoardHandlerE)
 <LI><a href="#[ad]">Chassis_Task::RotatingHandler::handle()</a> from ChassisTask.o(.text._ZN12Chassis_Task15RotatingHandler6handleEv) referenced from ChassisTask.o(.rodata._ZTVN12Chassis_Task15RotatingHandlerE)
 <LI><a href="#[ac]">Chassis_Task::RotatingHandler::~RotatingHandler__deallocating()</a> from ChassisTask.o(.text._ZN12Chassis_Task15RotatingHandlerD0Ev) referenced from ChassisTask.o(.rodata._ZTVN12Chassis_Task15RotatingHandlerE)
 <LI><a href="#[af]">Chassis_Task::UniversalHandler::handle()</a> from ChassisTask.o(.text._ZN12Chassis_Task16UniversalHandler6handleEv) referenced from ChassisTask.o(.rodata._ZTVN12Chassis_Task16UniversalHandlerE)
 <LI><a href="#[ae]">Chassis_Task::UniversalHandler::~UniversalHandler__deallocating()</a> from ChassisTask.o(.text._ZN12Chassis_Task16UniversalHandlerD0Ev) referenced from ChassisTask.o(.rodata._ZTVN12Chassis_Task16UniversalHandlerE)
 <LI><a href="#[79]">Chassis_Task::~Chassis_Task__deallocating()</a> from ChassisTask.o(.text._ZN12Chassis_TaskD0Ev) referenced from ChassisTask.o(.rodata._ZTV12Chassis_Task)
 <LI><a href="#[78]">Chassis_Task::~Chassis_Task__sub_object()</a> from ChassisTask.o(.text._ZN12Chassis_TaskD2Ev) referenced from ChassisTask.o(.rodata._ZTV12Chassis_Task)
 <LI><a href="#[a5]">StateHandler::~StateHandler__sub_object()</a> from ChassisTask.o(.text._ZN12StateHandlerD2Ev) referenced from ChassisTask.o(.rodata._ZTVN12Chassis_Task11StopHandlerE)
 <LI><a href="#[a5]">StateHandler::~StateHandler__sub_object()</a> from ChassisTask.o(.text._ZN12StateHandlerD2Ev) referenced from ChassisTask.o(.rodata._ZTVN12Chassis_Task13FollowHandlerE)
 <LI><a href="#[a5]">StateHandler::~StateHandler__sub_object()</a> from ChassisTask.o(.text._ZN12StateHandlerD2Ev) referenced from ChassisTask.o(.rodata._ZTVN12Chassis_Task15KeyBoardHandlerE)
 <LI><a href="#[a5]">StateHandler::~StateHandler__sub_object()</a> from ChassisTask.o(.text._ZN12StateHandlerD2Ev) referenced from ChassisTask.o(.rodata._ZTVN12Chassis_Task15RotatingHandlerE)
 <LI><a href="#[a5]">StateHandler::~StateHandler__sub_object()</a> from ChassisTask.o(.text._ZN12StateHandlerD2Ev) referenced from ChassisTask.o(.rodata._ZTVN12Chassis_Task16UniversalHandlerE)
 <LI><a href="#[7c]">SG::UpDate(float, float, float, float)</a> from Wheel.o(.text._ZN2SG6UpDateEffff) referenced from Wheel.o(.rodata._ZTV2SG)
 <LI><a href="#[7d]">Dir::Attach(IObserver*)</a> from EvenTask.o(.text._ZN3Dir6AttachEP9IObserver) referenced from EvenTask.o(.rodata._ZTV3Dir)
 <LI><a href="#[7e]">Dir::Detach(IObserver*)</a> from EvenTask.o(.text._ZN3Dir6DetachEP9IObserver) referenced from EvenTask.o(.rodata._ZTV3Dir)
 <LI><a href="#[7f]">Dir::Notify()</a> from EvenTask.o(.text._ZN3Dir6NotifyEv) referenced from EvenTask.o(.rodata._ZTV3Dir)
 <LI><a href="#[92]">HAL::_floatEqual(float, float)</a> from HAL.o(.text._ZN3HAL11_floatEqualEff) referenced from My_HAL.o(.rodata._ZTV6My_hal)
 <LI><a href="#[91]">HAL::_sgn(float)</a> from HAL.o(.text._ZN3HAL4_sgnEf) referenced from My_HAL.o(.rodata._ZTV6My_hal)
 <LI><a href="#[8e]">HAL::_cosf(float)</a> from HAL.o(.text._ZN3HAL5_cosfEf) referenced from My_HAL.o(.rodata._ZTV6My_hal)
 <LI><a href="#[8d]">HAL::_sinf(float)</a> from HAL.o(.text._ZN3HAL5_sinfEf) referenced from My_HAL.o(.rodata._ZTV6My_hal)
 <LI><a href="#[8f]">HAL::_sqrt(float, float)</a> from HAL.o(.text._ZN3HAL5_sqrtEff) referenced from My_HAL.o(.rodata._ZTV6My_hal)
 <LI><a href="#[90]">HAL::_atan2(float, float)</a> from HAL.o(.text._ZN3HAL6_atan2Eff) referenced from My_HAL.o(.rodata._ZTV6My_hal)
 <LI><a href="#[85]">HAL::~HAL__sub_object()</a> from HAL.o(.text._ZN3HALD2Ev) referenced from My_HAL.o(.rodata._ZTV6My_hal)
 <LI><a href="#[80]">LED::Update()</a> from LED.o(.text._ZN3LED6UpdateEv) referenced from LED.o(.rodata._ZTV3LED)
 <LI><a href="#[82]">LED::~LED__deallocating()</a> from LED.o(.text._ZN3LEDD0Ev) referenced from LED.o(.rodata._ZTV3LED)
 <LI><a href="#[83]">Buzzer::Update()</a> from Buzzer.o(.text._ZN6Buzzer6UpdateEv) referenced from Buzzer.o(.rodata._ZTV6Buzzer)
 <LI><a href="#[84]">Buzzer::~Buzzer__deallocating()</a> from Buzzer.o(.text._ZN6BuzzerD0Ev) referenced from Buzzer.o(.rodata._ZTV6Buzzer)
 <LI><a href="#[8b]">My_hal::_Can_SendDATA(CAN_HandleTypeDef*, unsigned, unsigned char*, unsigned)</a> from My_HAL.o(.text._ZN6My_hal13_Can_SendDATAEP17CAN_HandleTypeDefjPhj) referenced from My_HAL.o(.rodata._ZTV6My_hal)
 <LI><a href="#[8a]">My_hal::_Can_SendREMOTE(CAN_HandleTypeDef*, unsigned, unsigned char*, unsigned)</a> from My_HAL.o(.text._ZN6My_hal15_Can_SendREMOTEEP17CAN_HandleTypeDefjPhj) referenced from My_HAL.o(.rodata._ZTV6My_hal)
 <LI><a href="#[87]">My_hal::init()</a> from My_HAL.o(.text._ZN6My_hal4initEv) referenced from My_HAL.o(.rodata._ZTV6My_hal)
 <LI><a href="#[88]">My_hal::_delay(unsigned long)</a> from My_HAL.o(.text._ZN6My_hal6_delayEm) referenced from My_HAL.o(.rodata._ZTV6My_hal)
 <LI><a href="#[8c]">My_hal::_GetTick()</a> from My_HAL.o(.text._ZN6My_hal8_GetTickEv) referenced from My_HAL.o(.rodata._ZTV6My_hal)
 <LI><a href="#[89]">My_hal::_osDelay(unsigned long)</a> from My_HAL.o(.text._ZN6My_hal8_osDelayEm) referenced from My_HAL.o(.rodata._ZTV6My_hal)
 <LI><a href="#[86]">My_hal::~My_hal__deallocating()</a> from My_HAL.o(.text._ZN6My_halD0Ev) referenced from My_HAL.o(.rodata._ZTV6My_hal)
 <LI><a href="#[6a]">ISubject::~ISubject__sub_object()</a> from EvenTask.o(.text._ZN8ISubjectD2Ev) referenced 2 times from EvenTask.o(.text._GLOBAL__sub_I_EvenTask.cpp)
 <LI><a href="#[94]">Dji_Motor::ISDir()</a> from Dji_Motor.o(.text._ZN9Dji_Motor5ISDirEv) referenced from Dji_Motor.o(.rodata._ZTV9Dji_Motor)
 <LI><a href="#[95]">Dji_Motor::Parse(CAN_RxHeaderTypeDef, unsigned char*)</a> from Dji_Motor.o(.text._ZN9Dji_Motor5ParseE19CAN_RxHeaderTypeDefPh) referenced from Dji_Motor.o(.rodata._ZTV9Dji_Motor)
 <LI><a href="#[96]">IObserver::~IObserver__deallocating()</a> from EvenTask.o(.text._ZN9IObserverD0Ev) referenced from EvenTask.o(.rodata._ZTV9IObserver)
 <LI><a href="#[81]">IObserver::~IObserver__sub_object()</a> from Buzzer.o(.text._ZN9IObserverD2Ev) referenced from LED.o(.rodata._ZTV3LED)
 <LI><a href="#[81]">IObserver::~IObserver__sub_object()</a> from Buzzer.o(.text._ZN9IObserverD2Ev) referenced from Buzzer.o(.rodata._ZTV6Buzzer)
 <LI><a href="#[81]">IObserver::~IObserver__sub_object()</a> from Buzzer.o(.text._ZN9IObserverD2Ev) referenced from EvenTask.o(.rodata._ZTV9IObserver)
 <LI><a href="#[bf]">libunwind::UnwindCursor&lang;libunwind::LocalAddressSpace, libunwind::Registers_arm&rang;::saveVFPAsX()</a> from libunwind.cpp.o(.text._ZN9libunwind12UnwindCursorINS_17LocalAddressSpaceENS_13Registers_armEE10saveVFPAsXEv) referenced from libunwind.cpp.o(.rodata._ZTVN9libunwind12UnwindCursorINS_17LocalAddressSpaceENS_13Registers_armEEE)
 <LI><a href="#[b6]">libunwind::UnwindCursor&lang;libunwind::LocalAddressSpace, libunwind::Registers_arm&rang;::getFloatReg(int)</a> from libunwind.cpp.o(.text._ZN9libunwind12UnwindCursorINS_17LocalAddressSpaceENS_13Registers_armEE11getFloatRegEi) referenced from libunwind.cpp.o(.rodata._ZTVN9libunwind12UnwindCursorINS_17LocalAddressSpaceENS_13Registers_armEEE)
 <LI><a href="#[b7]">libunwind::UnwindCursor&lang;libunwind::LocalAddressSpace, libunwind::Registers_arm&rang;::setFloatReg(int, unsigned long long)</a> from libunwind.cpp.o(.text._ZN9libunwind12UnwindCursorINS_17LocalAddressSpaceENS_13Registers_armEE11setFloatRegEiy) referenced from libunwind.cpp.o(.rodata._ZTVN9libunwind12UnwindCursorINS_17LocalAddressSpaceENS_13Registers_armEEE)
 <LI><a href="#[bb]">libunwind::UnwindCursor&lang;libunwind::LocalAddressSpace, libunwind::Registers_arm&rang;::isSignalFrame()</a> from libunwind.cpp.o(.text._ZN9libunwind12UnwindCursorINS_17LocalAddressSpaceENS_13Registers_armEE13isSignalFrameEv) referenced from libunwind.cpp.o(.rodata._ZTVN9libunwind12UnwindCursorINS_17LocalAddressSpaceENS_13Registers_armEEE)
 <LI><a href="#[b5]">libunwind::UnwindCursor&lang;libunwind::LocalAddressSpace, libunwind::Registers_arm&rang;::validFloatReg(int)</a> from libunwind.cpp.o(.text._ZN9libunwind12UnwindCursorINS_17LocalAddressSpaceENS_13Registers_armEE13validFloatRegEi) referenced from libunwind.cpp.o(.rodata._ZTVN9libunwind12UnwindCursorINS_17LocalAddressSpaceENS_13Registers_armEEE)
 <LI><a href="#[bc]">libunwind::UnwindCursor&lang;libunwind::LocalAddressSpace, libunwind::Registers_arm&rang;::getFunctionName(char*, unsigned, unsigned*)</a> from libunwind.cpp.o(.text._ZN9libunwind12UnwindCursorINS_17LocalAddressSpaceENS_13Registers_armEE15getFunctionNameEPcjPj) referenced from libunwind.cpp.o(.rodata._ZTVN9libunwind12UnwindCursorINS_17LocalAddressSpaceENS_13Registers_armEEE)
 <LI><a href="#[be]">libunwind::UnwindCursor&lang;libunwind::LocalAddressSpace, libunwind::Registers_arm&rang;::getRegisterName(int)</a> from libunwind.cpp.o(.text._ZN9libunwind12UnwindCursorINS_17LocalAddressSpaceENS_13Registers_armEE15getRegisterNameEi) referenced from libunwind.cpp.o(.rodata._ZTVN9libunwind12UnwindCursorINS_17LocalAddressSpaceENS_13Registers_armEEE)
 <LI><a href="#[bd]">libunwind::UnwindCursor&lang;libunwind::LocalAddressSpace, libunwind::Registers_arm&rang;::setInfoBasedOnIPRegister(bool)</a> from libunwind.cpp.o(.text._ZN9libunwind12UnwindCursorINS_17LocalAddressSpaceENS_13Registers_armEE24setInfoBasedOnIPRegisterEb) referenced from libunwind.cpp.o(.rodata._ZTVN9libunwind12UnwindCursorINS_17LocalAddressSpaceENS_13Registers_armEEE)
 <LI><a href="#[b8]">libunwind::UnwindCursor&lang;libunwind::LocalAddressSpace, libunwind::Registers_arm&rang;::step()</a> from libunwind.cpp.o(.text._ZN9libunwind12UnwindCursorINS_17LocalAddressSpaceENS_13Registers_armEE4stepEv) referenced from libunwind.cpp.o(.rodata._ZTVN9libunwind12UnwindCursorINS_17LocalAddressSpaceENS_13Registers_armEEE)
 <LI><a href="#[b3]">libunwind::UnwindCursor&lang;libunwind::LocalAddressSpace, libunwind::Registers_arm&rang;::getReg(int)</a> from libunwind.cpp.o(.text._ZN9libunwind12UnwindCursorINS_17LocalAddressSpaceENS_13Registers_armEE6getRegEi) referenced from libunwind.cpp.o(.rodata._ZTVN9libunwind12UnwindCursorINS_17LocalAddressSpaceENS_13Registers_armEEE)
 <LI><a href="#[ba]">libunwind::UnwindCursor&lang;libunwind::LocalAddressSpace, libunwind::Registers_arm&rang;::jumpto()</a> from libunwind.cpp.o(.text._ZN9libunwind12UnwindCursorINS_17LocalAddressSpaceENS_13Registers_armEE6jumptoEv) referenced from libunwind.cpp.o(.rodata._ZTVN9libunwind12UnwindCursorINS_17LocalAddressSpaceENS_13Registers_armEEE)
 <LI><a href="#[b4]">libunwind::UnwindCursor&lang;libunwind::LocalAddressSpace, libunwind::Registers_arm&rang;::setReg(int, unsigned)</a> from libunwind.cpp.o(.text._ZN9libunwind12UnwindCursorINS_17LocalAddressSpaceENS_13Registers_armEE6setRegEij) referenced from libunwind.cpp.o(.rodata._ZTVN9libunwind12UnwindCursorINS_17LocalAddressSpaceENS_13Registers_armEEE)
 <LI><a href="#[b9]">libunwind::UnwindCursor&lang;libunwind::LocalAddressSpace, libunwind::Registers_arm&rang;::getInfo(unw_proc_info_t*)</a> from libunwind.cpp.o(.text._ZN9libunwind12UnwindCursorINS_17LocalAddressSpaceENS_13Registers_armEE7getInfoEP15unw_proc_info_t) referenced from libunwind.cpp.o(.rodata._ZTVN9libunwind12UnwindCursorINS_17LocalAddressSpaceENS_13Registers_armEEE)
 <LI><a href="#[b2]">libunwind::UnwindCursor&lang;libunwind::LocalAddressSpace, libunwind::Registers_arm&rang;::validReg(int)</a> from libunwind.cpp.o(.text._ZN9libunwind12UnwindCursorINS_17LocalAddressSpaceENS_13Registers_armEE8validRegEi) referenced from libunwind.cpp.o(.rodata._ZTVN9libunwind12UnwindCursorINS_17LocalAddressSpaceENS_13Registers_armEEE)
 <LI><a href="#[b1]">libunwind::UnwindCursor&lang;libunwind::LocalAddressSpace, libunwind::Registers_arm&rang;::~UnwindCursor__deallocating()</a> from libunwind.cpp.o(.text._ZN9libunwind12UnwindCursorINS_17LocalAddressSpaceENS_13Registers_armEED0Ev) referenced from libunwind.cpp.o(.rodata._ZTVN9libunwind12UnwindCursorINS_17LocalAddressSpaceENS_13Registers_armEEE)
 <LI><a href="#[b0]">libunwind::AbstractUnwindCursor::~AbstractUnwindCursor__sub_object()</a> from libunwind.cpp.o(.text._ZN9libunwind20AbstractUnwindCursorD2Ev) referenced from libunwind.cpp.o(.rodata._ZTVN9libunwind12UnwindCursorINS_17LocalAddressSpaceENS_13Registers_armEEE)
 <LI><a href="#[9b]">__cxxabiv1::__shim_type_info::noop1() const</a> from private_typeinfo.cpp.o(.text._ZNK10__cxxabiv116__shim_type_info5noop1Ev) referenced from private_typeinfo.cpp.o(.rodata._ZTVN10__cxxabiv117__class_type_infoE)
 <LI><a href="#[9b]">__cxxabiv1::__shim_type_info::noop1() const</a> from private_typeinfo.cpp.o(.text._ZNK10__cxxabiv116__shim_type_info5noop1Ev) referenced from private_typeinfo.cpp.o(.rodata._ZTVN10__cxxabiv120__si_class_type_infoE)
 <LI><a href="#[9c]">__cxxabiv1::__shim_type_info::noop2() const</a> from private_typeinfo.cpp.o(.text._ZNK10__cxxabiv116__shim_type_info5noop2Ev) referenced from private_typeinfo.cpp.o(.rodata._ZTVN10__cxxabiv117__class_type_infoE)
 <LI><a href="#[9c]">__cxxabiv1::__shim_type_info::noop2() const</a> from private_typeinfo.cpp.o(.text._ZNK10__cxxabiv116__shim_type_info5noop2Ev) referenced from private_typeinfo.cpp.o(.rodata._ZTVN10__cxxabiv120__si_class_type_infoE)
 <LI><a href="#[9e]">__cxxabiv1::__class_type_info::search_above_dst(__cxxabiv1::__dynamic_cast_info*, const void*, const void*, int, bool) const</a> from private_typeinfo.cpp.o(.text._ZNK10__cxxabiv117__class_type_info16search_above_dstEPNS_19__dynamic_cast_infoEPKvS4_ib) referenced from private_typeinfo.cpp.o(.rodata._ZTVN10__cxxabiv117__class_type_infoE)
 <LI><a href="#[9f]">__cxxabiv1::__class_type_info::search_below_dst(__cxxabiv1::__dynamic_cast_info*, const void*, int, bool) const</a> from private_typeinfo.cpp.o(.text._ZNK10__cxxabiv117__class_type_info16search_below_dstEPNS_19__dynamic_cast_infoEPKvib) referenced from private_typeinfo.cpp.o(.rodata._ZTVN10__cxxabiv117__class_type_infoE)
 <LI><a href="#[a0]">__cxxabiv1::__class_type_info::has_unambiguous_public_base(__cxxabiv1::__dynamic_cast_info*, void*, int) const</a> from private_typeinfo.cpp.o(.text._ZNK10__cxxabiv117__class_type_info27has_unambiguous_public_baseEPNS_19__dynamic_cast_infoEPvi) referenced from private_typeinfo.cpp.o(.rodata._ZTVN10__cxxabiv117__class_type_infoE)
 <LI><a href="#[9d]">__cxxabiv1::__class_type_info::can_catch(const __cxxabiv1::__shim_type_info*, void*&) const</a> from private_typeinfo.cpp.o(.text._ZNK10__cxxabiv117__class_type_info9can_catchEPKNS_16__shim_type_infoERPv) referenced from private_typeinfo.cpp.o(.rodata._ZTVN10__cxxabiv117__class_type_infoE)
 <LI><a href="#[9d]">__cxxabiv1::__class_type_info::can_catch(const __cxxabiv1::__shim_type_info*, void*&) const</a> from private_typeinfo.cpp.o(.text._ZNK10__cxxabiv117__class_type_info9can_catchEPKNS_16__shim_type_infoERPv) referenced from private_typeinfo.cpp.o(.rodata._ZTVN10__cxxabiv120__si_class_type_infoE)
 <LI><a href="#[a2]">__cxxabiv1::__si_class_type_info::search_above_dst(__cxxabiv1::__dynamic_cast_info*, const void*, const void*, int, bool) const</a> from private_typeinfo.cpp.o(.text._ZNK10__cxxabiv120__si_class_type_info16search_above_dstEPNS_19__dynamic_cast_infoEPKvS4_ib) referenced from private_typeinfo.cpp.o(.rodata._ZTVN10__cxxabiv120__si_class_type_infoE)
 <LI><a href="#[a3]">__cxxabiv1::__si_class_type_info::search_below_dst(__cxxabiv1::__dynamic_cast_info*, const void*, int, bool) const</a> from private_typeinfo.cpp.o(.text._ZNK10__cxxabiv120__si_class_type_info16search_below_dstEPNS_19__dynamic_cast_infoEPKvib) referenced from private_typeinfo.cpp.o(.rodata._ZTVN10__cxxabiv120__si_class_type_infoE)
 <LI><a href="#[a4]">__cxxabiv1::__si_class_type_info::has_unambiguous_public_base(__cxxabiv1::__dynamic_cast_info*, void*, int) const</a> from private_typeinfo.cpp.o(.text._ZNK10__cxxabiv120__si_class_type_info27has_unambiguous_public_baseEPNS_19__dynamic_cast_infoEPvi) referenced from private_typeinfo.cpp.o(.rodata._ZTVN10__cxxabiv120__si_class_type_infoE)
 <LI><a href="#[c2]">std::logic_error::what() const</a> from stdlib_stdexcept.cpp.o(.text._ZNKSt11logic_error4whatEv) referenced from stdlib_stdexcept.cpp.o(.rodata._ZTVSt11logic_error)
 <LI><a href="#[c2]">std::logic_error::what() const</a> from stdlib_stdexcept.cpp.o(.text._ZNKSt11logic_error4whatEv) referenced from stdlib_stdexcept.cpp.o(.rodata._ZTVSt12length_error)
 <LI><a href="#[c6]">std::bad_exception::what() const</a> from stdlib_exception.cpp.o(.text._ZNKSt13bad_exception4whatEv) referenced from stdlib_exception.cpp.o(.rodata._ZTVSt13bad_exception)
 <LI><a href="#[c8]">std::bad_alloc::what() const</a> from stdlib_exception.cpp.o(.text._ZNKSt9bad_alloc4whatEv) referenced from stdlib_exception.cpp.o(.rodata._ZTVSt9bad_alloc)
 <LI><a href="#[c1]">std::logic_error::~logic_error__deallocating()</a> from stdlib_stdexcept.cpp.o(.text._ZNSt11logic_errorD0Ev) referenced from stdlib_stdexcept.cpp.o(.rodata._ZTVSt11logic_error)
 <LI><a href="#[c0]">std::logic_error::~logic_error__sub_object()</a> from stdlib_stdexcept.cpp.o(.text._ZNSt11logic_errorD2Ev) referenced from stdlib_stdexcept.cpp.o(.rodata._ZTVSt11logic_error)
 <LI><a href="#[c0]">std::logic_error::~logic_error__sub_object()</a> from stdlib_stdexcept.cpp.o(.text._ZNSt11logic_errorD2Ev) referenced from stdlib_stdexcept.cpp.o(.rodata._ZTVSt12length_error)
 <LI><a href="#[c3]">std::length_error::~length_error__deallocating()</a> from stdlib_stdexcept.cpp.o(.text._ZNSt12length_errorD0Ev) referenced from stdlib_stdexcept.cpp.o(.rodata._ZTVSt12length_error)
 <LI><a href="#[6d]">std::length_error::~length_error()</a> from stdlib_stdexcept.cpp.o(.text._ZNSt11logic_errorD2Ev) referenced 2 times from ChassisTask.o(.text._ZN11TaskManager7addTaskI12Chassis_TaskJEEEbDpOT0_)
 <LI><a href="#[6d]">std::length_error::~length_error()</a> from stdlib_stdexcept.cpp.o(.text._ZNSt11logic_errorD2Ev) referenced 2 times from vector.cpp.o(.text._ZNKSt3__120__vector_base_commonILb1EE20__throw_length_errorEv)
 <LI><a href="#[c5]">std::bad_exception::~bad_exception__deallocating()</a> from stdlib_exception.cpp.o(.text._ZNSt13bad_exceptionD0Ev) referenced from stdlib_exception.cpp.o(.rodata._ZTVSt13bad_exception)
 <LI><a href="#[72]">std::bad_exception::~bad_exception()</a> from stdlib_exception.cpp.o(.text._ZNSt9exceptionD2Ev) referenced 2 times from cxa_personality.cpp.o(.text.__cxa_call_unexpected)
 <LI><a href="#[6b]">std::__1::unique_ptr&lang;LED, std::__1::default_delete&lang;LED&rang;&rang;::~unique_ptr__sub_object()</a> from EvenTask.o(.text._ZNSt3__110unique_ptrI3LEDNS_14default_deleteIS1_EEED2Ev) referenced 2 times from EvenTask.o(.text._GLOBAL__sub_I_EvenTask.cpp)
 <LI><a href="#[6c]">std::__1::unique_ptr&lang;Buzzer, std::__1::default_delete&lang;Buzzer&rang;&rang;::~unique_ptr__sub_object()</a> from EvenTask.o(.text._ZNSt3__110unique_ptrI6BuzzerNS_14default_deleteIS1_EEED2Ev) referenced 2 times from EvenTask.o(.text._GLOBAL__sub_I_EvenTask.cpp)
 <LI><a href="#[c7]">std::bad_alloc::~bad_alloc__deallocating()</a> from stdlib_exception.cpp.o(.text._ZNSt9bad_allocD0Ev) referenced from stdlib_exception.cpp.o(.rodata._ZTVSt9bad_alloc)
 <LI><a href="#[71]">std::bad_alloc::~bad_alloc()</a> from stdlib_exception.cpp.o(.text._ZNSt9exceptionD2Ev) referenced 2 times from new.cpp.o(.text._Znwj)
 <LI><a href="#[c4]">std::exception::~exception__sub_object()</a> from stdlib_exception.cpp.o(.text._ZNSt9exceptionD2Ev) referenced from stdlib_exception.cpp.o(.rodata._ZTVSt13bad_exception)
 <LI><a href="#[c4]">std::exception::~exception__sub_object()</a> from stdlib_exception.cpp.o(.text._ZNSt9exceptionD2Ev) referenced from stdlib_exception.cpp.o(.rodata._ZTVSt9bad_alloc)
 <LI><a href="#[d1]">std::terminate()</a> from cxa_handlers.cpp.o(.text._ZSt9terminatev) referenced from cxa_default_handlers.cpp.o(.data.__cxa_unexpected_handler)
 <LI><a href="#[6e]">__aeabi_unwind_cpp_pr0</a> from Unwind-EHABI.cpp.o(.text.__aeabi_unwind_cpp_pr0) referenced 2 times from libunwind.cpp.o(.text._ZN9libunwind12UnwindCursorINS_17LocalAddressSpaceENS_13Registers_armEE23getInfoFromEHABISectionEjRKNS_18UnwindInfoSectionsE)
 <LI><a href="#[6f]">__aeabi_unwind_cpp_pr1</a> from Unwind-EHABI.cpp.o(.text.__aeabi_unwind_cpp_pr1) referenced 2 times from libunwind.cpp.o(.text._ZN9libunwind12UnwindCursorINS_17LocalAddressSpaceENS_13Registers_armEE23getInfoFromEHABISectionEjRKNS_18UnwindInfoSectionsE)
 <LI><a href="#[70]">__aeabi_unwind_cpp_pr2</a> from Unwind-EHABI.cpp.o(.text.__aeabi_unwind_cpp_pr2) referenced 2 times from libunwind.cpp.o(.text._ZN9libunwind12UnwindCursorINS_17LocalAddressSpaceENS_13Registers_armEE23getInfoFromEHABISectionEjRKNS_18UnwindInfoSectionsE)
 <LI><a href="#[93]">__cxa_pure_virtual</a> from cxa_virtual.cpp.o(.text.__cxa_pure_virtual) referenced 3 times from EvenTask.o(.rodata._ZTV8ISubject)
 <LI><a href="#[93]">__cxa_pure_virtual</a> from cxa_virtual.cpp.o(.text.__cxa_pure_virtual) referenced from EvenTask.o(.rodata._ZTV9IObserver)
 <LI><a href="#[c9]">__cxx_global_var_init</a> from darw_dynamic.o(.text.__cxx_global_var_init) referenced from darw_dynamic.o(.init_array)
 <LI><a href="#[ca]">__cxx_global_var_init.1</a> from darw_dynamic.o(.text.__cxx_global_var_init.1) referenced from darw_dynamic.o(.init_array)
 <LI><a href="#[cb]">__cxx_global_var_init.2</a> from darw_dynamic.o(.text.__cxx_global_var_init.2) referenced from darw_dynamic.o(.init_array)
 <LI><a href="#[77]">__gxx_personality_v0</a> from cxa_personality.cpp.o(.text.__gxx_personality_v0) referenced from EvenTask.o(.ARM.extab.text._GLOBAL__sub_I_EvenTask.cpp)
 <LI><a href="#[77]">__gxx_personality_v0</a> from cxa_personality.cpp.o(.text.__gxx_personality_v0) referenced from ChassisTask.o(.ARM.extab.text._ZN11TaskManager7addTaskI12Chassis_TaskJEEEbDpOT0_)
 <LI><a href="#[77]">__gxx_personality_v0</a> from cxa_personality.cpp.o(.text.__gxx_personality_v0) referenced from PowerTask.o(.ARM.extab.text._ZN4Math3RLSILj2EE5resetEv)
 <LI><a href="#[77]">__gxx_personality_v0</a> from cxa_personality.cpp.o(.text.__gxx_personality_v0) referenced from PowerTask.o(.ARM.extab.text._ZN4Math3RLSILj2EE6updateER7MatrixfILi2ELi1EEf)
 <LI><a href="#[77]">__gxx_personality_v0</a> from cxa_personality.cpp.o(.text.__gxx_personality_v0) referenced from vector.cpp.o(.ARM.extab.text._ZNKSt3__120__vector_base_commonILb1EE20__throw_length_errorEv)
 <LI><a href="#[77]">__gxx_personality_v0</a> from cxa_personality.cpp.o(.text.__gxx_personality_v0) referenced from stdexcept.cpp.o(.ARM.extab.text._ZNSt11logic_errorC2EPKc)
 <LI><a href="#[77]">__gxx_personality_v0</a> from cxa_personality.cpp.o(.text.__gxx_personality_v0) referenced from cxa_handlers.cpp.o(.ARM.extab.text._ZSt11__terminatePFvvE)
 <LI><a href="#[77]">__gxx_personality_v0</a> from cxa_personality.cpp.o(.text.__gxx_personality_v0) referenced from cxa_handlers.cpp.o(.ARM.extab.text._ZSt9terminatev)
 <LI><a href="#[77]">__gxx_personality_v0</a> from cxa_personality.cpp.o(.text.__gxx_personality_v0) referenced from cxa_exception.cpp.o(.ARM.extab.text.__cxa_allocate_exception)
 <LI><a href="#[77]">__gxx_personality_v0</a> from cxa_personality.cpp.o(.text.__gxx_personality_v0) referenced from cxa_exception.cpp.o(.ARM.extab.text.__cxa_begin_catch)
 <LI><a href="#[77]">__gxx_personality_v0</a> from cxa_personality.cpp.o(.text.__gxx_personality_v0) referenced from cxa_exception.cpp.o(.ARM.extab.text.__cxa_begin_cleanup)
 <LI><a href="#[77]">__gxx_personality_v0</a> from cxa_personality.cpp.o(.text.__gxx_personality_v0) referenced from cxa_personality.cpp.o(.ARM.extab.text.__cxa_call_unexpected)
 <LI><a href="#[77]">__gxx_personality_v0</a> from cxa_personality.cpp.o(.text.__gxx_personality_v0) referenced from cxa_exception.cpp.o(.ARM.extab.text.__cxa_decrement_exception_refcount)
 <LI><a href="#[77]">__gxx_personality_v0</a> from cxa_personality.cpp.o(.text.__gxx_personality_v0) referenced from cxa_exception.cpp.o(.ARM.extab.text.__cxa_free_exception)
 <LI><a href="#[5c]">__main</a> from __main.o(!!!main) referenced from startup_stm32f407xx.o(.text)
 <LI><a href="#[d0]">abort</a> from abort.o(.text) referenced from cxa_default_handlers.cpp.o(.data.__cxa_terminate_handler)
 <LI><a href="#[75]">prvIdleTask</a> from tasks.o(.text.prvIdleTask) referenced 2 times from tasks.o(.text.vTaskStartScheduler)
 <LI><a href="#[74]">prvTaskExitError</a> from port.o(.text.prvTaskExitError) referenced 2 times from port.o(.text.pxPortInitialiseStack)
 <LI><a href="#[76]">prvTimerTask</a> from timers.o(.text.prvTimerTask) referenced 2 times from timers.o(.text.xTimerCreateTimerTask)
</UL>
<P>
<H3>
Global Symbols
</H3>
<P><STRONG><a name="[5c]"></a>__main</STRONG> (Thumb, 8 bytes, Stack size 0 bytes, __main.o(!!!main))
<BR><BR>[Calls]<UL><LI><a href="#[d5]">&gt;&gt;</a>&nbsp;&nbsp;&nbsp;__rt_entry
<LI><a href="#[d4]">&gt;&gt;</a>&nbsp;&nbsp;&nbsp;__scatterload
</UL>
<BR>[Address Reference Count : 1]<UL><LI> startup_stm32f407xx.o(.text)
</UL>
<P><STRONG><a name="[d4]"></a>__scatterload</STRONG> (Thumb, 0 bytes, Stack size unknown bytes, __scatter.o(!!!scatter))
<BR><BR>[Called By]<UL><LI><a href="#[5c]">&gt;&gt;</a>&nbsp;&nbsp;&nbsp;__main
</UL>

<P><STRONG><a name="[d6]"></a>__scatterload_rt2</STRONG> (Thumb, 44 bytes, Stack size unknown bytes, __scatter.o(!!!scatter), UNUSED)
<BR><BR>[Calls]<UL><LI><a href="#[d5]">&gt;&gt;</a>&nbsp;&nbsp;&nbsp;__rt_entry
</UL>

<P><STRONG><a name="[26b]"></a>__scatterload_rt2_thumb_only</STRONG> (Thumb, 0 bytes, Stack size unknown bytes, __scatter.o(!!!scatter), UNUSED)

<P><STRONG><a name="[26c]"></a>__scatterload_null</STRONG> (Thumb, 0 bytes, Stack size unknown bytes, __scatter.o(!!!scatter), UNUSED)

<P><STRONG><a name="[d7]"></a>__scatterload_copy</STRONG> (Thumb, 26 bytes, Stack size unknown bytes, __scatter_copy.o(!!handler_copy), UNUSED)
<BR><BR>[Calls]<UL><LI><a href="#[d7]">&gt;&gt;</a>&nbsp;&nbsp;&nbsp;__scatterload_copy
</UL>
<BR>[Called By]<UL><LI><a href="#[d7]">&gt;&gt;</a>&nbsp;&nbsp;&nbsp;__scatterload_copy
</UL>

<P><STRONG><a name="[26d]"></a>__scatterload_zeroinit</STRONG> (Thumb, 28 bytes, Stack size unknown bytes, __scatter_zi.o(!!handler_zi), UNUSED)

<P><STRONG><a name="[e2]"></a>__rt_lib_init</STRONG> (Thumb, 0 bytes, Stack size unknown bytes, libinit.o(.ARM.Collect$$libinit$$00000000))
<BR><BR>[Called By]<UL><LI><a href="#[e1]">&gt;&gt;</a>&nbsp;&nbsp;&nbsp;__rt_entry_li
</UL>

<P><STRONG><a name="[d8]"></a>__rt_lib_init_fp_1</STRONG> (Thumb, 0 bytes, Stack size unknown bytes, libinit2.o(.ARM.Collect$$libinit$$00000001))
<BR><BR>[Calls]<UL><LI><a href="#[d9]">&gt;&gt;</a>&nbsp;&nbsp;&nbsp;_fp_init
</UL>

<P><STRONG><a name="[da]"></a>__rt_lib_init_heap_2</STRONG> (Thumb, 0 bytes, Stack size unknown bytes, libinit2.o(.ARM.Collect$$libinit$$00000005))
<BR><BR>[Stack]<UL><LI>Max Depth = 64 + Unknown Stack Size
<LI>Call Chain = __rt_lib_init_heap_2 &rArr; _init_alloc &rArr; __rt_SIGRTMEM &rArr; __rt_SIGRTMEM_inner &rArr; __default_signal_display &rArr; _ttywrch
</UL>
<BR>[Calls]<UL><LI><a href="#[db]">&gt;&gt;</a>&nbsp;&nbsp;&nbsp;_init_alloc
</UL>

<P><STRONG><a name="[26e]"></a>__rt_lib_init_preinit_1</STRONG> (Thumb, 0 bytes, Stack size unknown bytes, libinit2.o(.ARM.Collect$$libinit$$00000004))

<P><STRONG><a name="[26f]"></a>__rt_lib_init_alloca_1</STRONG> (Thumb, 0 bytes, Stack size unknown bytes, libinit2.o(.ARM.Collect$$libinit$$0000002E))

<P><STRONG><a name="[270]"></a>__rt_lib_init_argv_1</STRONG> (Thumb, 0 bytes, Stack size unknown bytes, libinit2.o(.ARM.Collect$$libinit$$0000002C))

<P><STRONG><a name="[271]"></a>__rt_lib_init_atexit_1</STRONG> (Thumb, 0 bytes, Stack size unknown bytes, libinit2.o(.ARM.Collect$$libinit$$0000001B))

<P><STRONG><a name="[272]"></a>__rt_lib_init_clock_1</STRONG> (Thumb, 0 bytes, Stack size unknown bytes, libinit2.o(.ARM.Collect$$libinit$$00000021))

<P><STRONG><a name="[dc]"></a>__rt_lib_init_cpp_2</STRONG> (Thumb, 0 bytes, Stack size unknown bytes, libinit2.o(.ARM.Collect$$libinit$$00000031))
<BR><BR>[Stack]<UL><LI>Max Depth = 16 + Unknown Stack Size
<LI>Call Chain = __rt_lib_init_cpp_2 &rArr; __cpp_initialize__aeabi_
</UL>
<BR>[Calls]<UL><LI><a href="#[d3]">&gt;&gt;</a>&nbsp;&nbsp;&nbsp;__cpp_initialize__aeabi_
</UL>

<P><STRONG><a name="[273]"></a>__rt_lib_init_exceptions_1</STRONG> (Thumb, 0 bytes, Stack size unknown bytes, libinit2.o(.ARM.Collect$$libinit$$00000030))

<P><STRONG><a name="[274]"></a>__rt_lib_init_fp_trap_1</STRONG> (Thumb, 0 bytes, Stack size unknown bytes, libinit2.o(.ARM.Collect$$libinit$$0000001F))

<P><STRONG><a name="[275]"></a>__rt_lib_init_getenv_1</STRONG> (Thumb, 0 bytes, Stack size unknown bytes, libinit2.o(.ARM.Collect$$libinit$$00000023))

<P><STRONG><a name="[276]"></a>__rt_lib_init_heap_1</STRONG> (Thumb, 0 bytes, Stack size unknown bytes, libinit2.o(.ARM.Collect$$libinit$$0000000A))

<P><STRONG><a name="[277]"></a>__rt_lib_init_lc_collate_1</STRONG> (Thumb, 0 bytes, Stack size unknown bytes, libinit2.o(.ARM.Collect$$libinit$$00000011))

<P><STRONG><a name="[278]"></a>__rt_lib_init_lc_ctype_1</STRONG> (Thumb, 0 bytes, Stack size unknown bytes, libinit2.o(.ARM.Collect$$libinit$$00000013))

<P><STRONG><a name="[279]"></a>__rt_lib_init_lc_monetary_1</STRONG> (Thumb, 0 bytes, Stack size unknown bytes, libinit2.o(.ARM.Collect$$libinit$$00000015))

<P><STRONG><a name="[27a]"></a>__rt_lib_init_lc_numeric_1</STRONG> (Thumb, 0 bytes, Stack size unknown bytes, libinit2.o(.ARM.Collect$$libinit$$00000017))

<P><STRONG><a name="[27b]"></a>__rt_lib_init_lc_time_1</STRONG> (Thumb, 0 bytes, Stack size unknown bytes, libinit2.o(.ARM.Collect$$libinit$$00000019))

<P><STRONG><a name="[27c]"></a>__rt_lib_init_rand_1</STRONG> (Thumb, 0 bytes, Stack size unknown bytes, libinit2.o(.ARM.Collect$$libinit$$0000000E))

<P><STRONG><a name="[27d]"></a>__rt_lib_init_signal_1</STRONG> (Thumb, 0 bytes, Stack size unknown bytes, libinit2.o(.ARM.Collect$$libinit$$0000001D))

<P><STRONG><a name="[27e]"></a>__rt_lib_init_stdio_1</STRONG> (Thumb, 0 bytes, Stack size unknown bytes, libinit2.o(.ARM.Collect$$libinit$$00000025))

<P><STRONG><a name="[27f]"></a>__rt_lib_init_user_alloc_1</STRONG> (Thumb, 0 bytes, Stack size unknown bytes, libinit2.o(.ARM.Collect$$libinit$$0000000C))

<P><STRONG><a name="[280]"></a>__rt_lib_init_cpp_1</STRONG> (Thumb, 0 bytes, Stack size unknown bytes, libinit2.o(.ARM.Collect$$libinit$$00000032))

<P><STRONG><a name="[281]"></a>__rt_lib_init_return</STRONG> (Thumb, 0 bytes, Stack size unknown bytes, libinit2.o(.ARM.Collect$$libinit$$00000033))

<P><STRONG><a name="[e7]"></a>__rt_lib_shutdown</STRONG> (Thumb, 0 bytes, Stack size unknown bytes, libshutdown.o(.ARM.Collect$$libshutdown$$00000000))
<BR><BR>[Called By]<UL><LI><a href="#[d0]">&gt;&gt;</a>&nbsp;&nbsp;&nbsp;abort
<LI><a href="#[e6]">&gt;&gt;</a>&nbsp;&nbsp;&nbsp;__rt_exit_ls
</UL>

<P><STRONG><a name="[dd]"></a>__rt_lib_shutdown_cpp_2</STRONG> (Thumb, 0 bytes, Stack size unknown bytes, libshutdown2.o(.ARM.Collect$$libshutdown$$00000001))
<BR><BR>[Stack]<UL><LI>Max Depth = 40 + Unknown Stack Size
<LI>Call Chain = __rt_lib_shutdown_cpp_2 &rArr; __cxa_finalize &rArr; free
</UL>
<BR>[Calls]<UL><LI><a href="#[de]">&gt;&gt;</a>&nbsp;&nbsp;&nbsp;__cxa_finalize
</UL>

<P><STRONG><a name="[282]"></a>__rt_lib_shutdown_cpp_1</STRONG> (Thumb, 0 bytes, Stack size unknown bytes, libshutdown2.o(.ARM.Collect$$libshutdown$$00000002))

<P><STRONG><a name="[283]"></a>__rt_lib_shutdown_fp_trap_1</STRONG> (Thumb, 0 bytes, Stack size unknown bytes, libshutdown2.o(.ARM.Collect$$libshutdown$$00000007))

<P><STRONG><a name="[284]"></a>__rt_lib_shutdown_heap_1</STRONG> (Thumb, 0 bytes, Stack size unknown bytes, libshutdown2.o(.ARM.Collect$$libshutdown$$0000000F))

<P><STRONG><a name="[285]"></a>__rt_lib_shutdown_return</STRONG> (Thumb, 0 bytes, Stack size unknown bytes, libshutdown2.o(.ARM.Collect$$libshutdown$$00000010))

<P><STRONG><a name="[286]"></a>__rt_lib_shutdown_signal_1</STRONG> (Thumb, 0 bytes, Stack size unknown bytes, libshutdown2.o(.ARM.Collect$$libshutdown$$0000000A))

<P><STRONG><a name="[287]"></a>__rt_lib_shutdown_stdio_1</STRONG> (Thumb, 0 bytes, Stack size unknown bytes, libshutdown2.o(.ARM.Collect$$libshutdown$$00000004))

<P><STRONG><a name="[288]"></a>__rt_lib_shutdown_user_alloc_1</STRONG> (Thumb, 0 bytes, Stack size unknown bytes, libshutdown2.o(.ARM.Collect$$libshutdown$$0000000C))

<P><STRONG><a name="[d5]"></a>__rt_entry</STRONG> (Thumb, 0 bytes, Stack size unknown bytes, __rtentry.o(.ARM.Collect$$rtentry$$00000000))
<BR><BR>[Called By]<UL><LI><a href="#[5c]">&gt;&gt;</a>&nbsp;&nbsp;&nbsp;__main
<LI><a href="#[d6]">&gt;&gt;</a>&nbsp;&nbsp;&nbsp;__scatterload_rt2
</UL>

<P><STRONG><a name="[289]"></a>__rt_entry_presh_1</STRONG> (Thumb, 0 bytes, Stack size unknown bytes, __rtentry2.o(.ARM.Collect$$rtentry$$00000002))

<P><STRONG><a name="[df]"></a>__rt_entry_sh</STRONG> (Thumb, 0 bytes, Stack size unknown bytes, __rtentry4.o(.ARM.Collect$$rtentry$$00000004))
<BR><BR>[Stack]<UL><LI>Max Depth = 8 + Unknown Stack Size
<LI>Call Chain = __rt_entry_sh &rArr; __user_setup_stackheap
</UL>
<BR>[Calls]<UL><LI><a href="#[e0]">&gt;&gt;</a>&nbsp;&nbsp;&nbsp;__user_setup_stackheap
</UL>

<P><STRONG><a name="[e1]"></a>__rt_entry_li</STRONG> (Thumb, 0 bytes, Stack size unknown bytes, __rtentry2.o(.ARM.Collect$$rtentry$$0000000A))
<BR><BR>[Calls]<UL><LI><a href="#[e2]">&gt;&gt;</a>&nbsp;&nbsp;&nbsp;__rt_lib_init
</UL>

<P><STRONG><a name="[28a]"></a>__rt_entry_postsh_1</STRONG> (Thumb, 0 bytes, Stack size unknown bytes, __rtentry2.o(.ARM.Collect$$rtentry$$00000009))

<P><STRONG><a name="[e3]"></a>__rt_entry_main</STRONG> (Thumb, 0 bytes, Stack size unknown bytes, __rtentry2.o(.ARM.Collect$$rtentry$$0000000D))
<BR><BR>[Stack]<UL><LI>Max Depth = 1176 + Unknown Stack Size
<LI>Call Chain = __rt_entry_main &rArr; main &rArr; Init &rArr; operator new(unsigned) &rArr; __cxa_throw &rArr; _ZN10__cxxabiv1L12failed_throwEPNS_15__cxa_exceptionE &rArr; __cxa_begin_catch &rArr; std::terminate() &rArr; std::__terminate(void(*)()) &rArr;  __cxa_begin_catch (Cycle)
</UL>
<BR>[Calls]<UL><LI><a href="#[e4]">&gt;&gt;</a>&nbsp;&nbsp;&nbsp;main
<LI><a href="#[e5]">&gt;&gt;</a>&nbsp;&nbsp;&nbsp;exit
</UL>

<P><STRONG><a name="[28b]"></a>__rt_entry_postli_1</STRONG> (Thumb, 0 bytes, Stack size unknown bytes, __rtentry2.o(.ARM.Collect$$rtentry$$0000000C))

<P><STRONG><a name="[107]"></a>__rt_exit</STRONG> (Thumb, 0 bytes, Stack size unknown bytes, rtexit.o(.ARM.Collect$$rtexit$$00000000))
<BR><BR>[Called By]<UL><LI><a href="#[e5]">&gt;&gt;</a>&nbsp;&nbsp;&nbsp;exit
</UL>

<P><STRONG><a name="[e6]"></a>__rt_exit_ls</STRONG> (Thumb, 0 bytes, Stack size unknown bytes, rtexit2.o(.ARM.Collect$$rtexit$$00000003))
<BR><BR>[Calls]<UL><LI><a href="#[e7]">&gt;&gt;</a>&nbsp;&nbsp;&nbsp;__rt_lib_shutdown
</UL>

<P><STRONG><a name="[28c]"></a>__rt_exit_prels_1</STRONG> (Thumb, 0 bytes, Stack size unknown bytes, rtexit2.o(.ARM.Collect$$rtexit$$00000002))

<P><STRONG><a name="[e8]"></a>__rt_exit_exit</STRONG> (Thumb, 0 bytes, Stack size unknown bytes, rtexit2.o(.ARM.Collect$$rtexit$$00000004))
<BR><BR>[Calls]<UL><LI><a href="#[e9]">&gt;&gt;</a>&nbsp;&nbsp;&nbsp;_sys_exit
</UL>

<P><STRONG><a name="[0]"></a>Reset_Handler</STRONG> (Thumb, 8 bytes, Stack size 0 bytes, startup_stm32f407xx.o(.text))
<BR>[Address Reference Count : 1]<UL><LI> startup_stm32f407xx.o(RESET)
</UL>
<P><STRONG><a name="[1c]"></a>ADC_IRQHandler</STRONG> (Thumb, 0 bytes, Stack size 0 bytes, startup_stm32f407xx.o(.text))
<BR><BR>[Calls]<UL><LI><a href="#[1c]">&gt;&gt;</a>&nbsp;&nbsp;&nbsp;ADC_IRQHandler
</UL>
<BR>[Called By]<UL><LI><a href="#[1c]">&gt;&gt;</a>&nbsp;&nbsp;&nbsp;ADC_IRQHandler
</UL>
<BR>[Address Reference Count : 1]<UL><LI> startup_stm32f407xx.o(RESET)
</UL>
<P><STRONG><a name="[20]"></a>CAN1_SCE_IRQHandler</STRONG> (Thumb, 0 bytes, Stack size 0 bytes, startup_stm32f407xx.o(.text))
<BR>[Address Reference Count : 1]<UL><LI> startup_stm32f407xx.o(RESET)
</UL>
<P><STRONG><a name="[1d]"></a>CAN1_TX_IRQHandler</STRONG> (Thumb, 0 bytes, Stack size 0 bytes, startup_stm32f407xx.o(.text))
<BR>[Address Reference Count : 1]<UL><LI> startup_stm32f407xx.o(RESET)
</UL>
<P><STRONG><a name="[4c]"></a>CAN2_SCE_IRQHandler</STRONG> (Thumb, 0 bytes, Stack size 0 bytes, startup_stm32f407xx.o(.text))
<BR>[Address Reference Count : 1]<UL><LI> startup_stm32f407xx.o(RESET)
</UL>
<P><STRONG><a name="[49]"></a>CAN2_TX_IRQHandler</STRONG> (Thumb, 0 bytes, Stack size 0 bytes, startup_stm32f407xx.o(.text))
<BR>[Address Reference Count : 1]<UL><LI> startup_stm32f407xx.o(RESET)
</UL>
<P><STRONG><a name="[58]"></a>DCMI_IRQHandler</STRONG> (Thumb, 0 bytes, Stack size 0 bytes, startup_stm32f407xx.o(.text))
<BR>[Address Reference Count : 1]<UL><LI> startup_stm32f407xx.o(RESET)
</UL>
<P><STRONG><a name="[15]"></a>DMA1_Stream0_IRQHandler</STRONG> (Thumb, 0 bytes, Stack size 0 bytes, startup_stm32f407xx.o(.text))
<BR>[Address Reference Count : 1]<UL><LI> startup_stm32f407xx.o(RESET)
</UL>
<P><STRONG><a name="[17]"></a>DMA1_Stream2_IRQHandler</STRONG> (Thumb, 0 bytes, Stack size 0 bytes, startup_stm32f407xx.o(.text))
<BR>[Address Reference Count : 1]<UL><LI> startup_stm32f407xx.o(RESET)
</UL>
<P><STRONG><a name="[19]"></a>DMA1_Stream4_IRQHandler</STRONG> (Thumb, 0 bytes, Stack size 0 bytes, startup_stm32f407xx.o(.text))
<BR>[Address Reference Count : 1]<UL><LI> startup_stm32f407xx.o(RESET)
</UL>
<P><STRONG><a name="[1a]"></a>DMA1_Stream5_IRQHandler</STRONG> (Thumb, 0 bytes, Stack size 0 bytes, startup_stm32f407xx.o(.text))
<BR>[Address Reference Count : 1]<UL><LI> startup_stm32f407xx.o(RESET)
</UL>
<P><STRONG><a name="[1b]"></a>DMA1_Stream6_IRQHandler</STRONG> (Thumb, 0 bytes, Stack size 0 bytes, startup_stm32f407xx.o(.text))
<BR>[Address Reference Count : 1]<UL><LI> startup_stm32f407xx.o(RESET)
</UL>
<P><STRONG><a name="[39]"></a>DMA1_Stream7_IRQHandler</STRONG> (Thumb, 0 bytes, Stack size 0 bytes, startup_stm32f407xx.o(.text))
<BR>[Address Reference Count : 1]<UL><LI> startup_stm32f407xx.o(RESET)
</UL>
<P><STRONG><a name="[42]"></a>DMA2_Stream0_IRQHandler</STRONG> (Thumb, 0 bytes, Stack size 0 bytes, startup_stm32f407xx.o(.text))
<BR>[Address Reference Count : 1]<UL><LI> startup_stm32f407xx.o(RESET)
</UL>
<P><STRONG><a name="[45]"></a>DMA2_Stream3_IRQHandler</STRONG> (Thumb, 0 bytes, Stack size 0 bytes, startup_stm32f407xx.o(.text))
<BR>[Address Reference Count : 1]<UL><LI> startup_stm32f407xx.o(RESET)
</UL>
<P><STRONG><a name="[46]"></a>DMA2_Stream4_IRQHandler</STRONG> (Thumb, 0 bytes, Stack size 0 bytes, startup_stm32f407xx.o(.text))
<BR>[Address Reference Count : 1]<UL><LI> startup_stm32f407xx.o(RESET)
</UL>
<P><STRONG><a name="[4e]"></a>DMA2_Stream5_IRQHandler</STRONG> (Thumb, 0 bytes, Stack size 0 bytes, startup_stm32f407xx.o(.text))
<BR>[Address Reference Count : 1]<UL><LI> startup_stm32f407xx.o(RESET)
</UL>
<P><STRONG><a name="[47]"></a>ETH_IRQHandler</STRONG> (Thumb, 0 bytes, Stack size 0 bytes, startup_stm32f407xx.o(.text))
<BR>[Address Reference Count : 1]<UL><LI> startup_stm32f407xx.o(RESET)
</UL>
<P><STRONG><a name="[48]"></a>ETH_WKUP_IRQHandler</STRONG> (Thumb, 0 bytes, Stack size 0 bytes, startup_stm32f407xx.o(.text))
<BR>[Address Reference Count : 1]<UL><LI> startup_stm32f407xx.o(RESET)
</UL>
<P><STRONG><a name="[10]"></a>EXTI0_IRQHandler</STRONG> (Thumb, 0 bytes, Stack size 0 bytes, startup_stm32f407xx.o(.text))
<BR>[Address Reference Count : 1]<UL><LI> startup_stm32f407xx.o(RESET)
</UL>
<P><STRONG><a name="[32]"></a>EXTI15_10_IRQHandler</STRONG> (Thumb, 0 bytes, Stack size 0 bytes, startup_stm32f407xx.o(.text))
<BR>[Address Reference Count : 1]<UL><LI> startup_stm32f407xx.o(RESET)
</UL>
<P><STRONG><a name="[11]"></a>EXTI1_IRQHandler</STRONG> (Thumb, 0 bytes, Stack size 0 bytes, startup_stm32f407xx.o(.text))
<BR>[Address Reference Count : 1]<UL><LI> startup_stm32f407xx.o(RESET)
</UL>
<P><STRONG><a name="[12]"></a>EXTI2_IRQHandler</STRONG> (Thumb, 0 bytes, Stack size 0 bytes, startup_stm32f407xx.o(.text))
<BR>[Address Reference Count : 1]<UL><LI> startup_stm32f407xx.o(RESET)
</UL>
<P><STRONG><a name="[13]"></a>EXTI3_IRQHandler</STRONG> (Thumb, 0 bytes, Stack size 0 bytes, startup_stm32f407xx.o(.text))
<BR>[Address Reference Count : 1]<UL><LI> startup_stm32f407xx.o(RESET)
</UL>
<P><STRONG><a name="[14]"></a>EXTI4_IRQHandler</STRONG> (Thumb, 0 bytes, Stack size 0 bytes, startup_stm32f407xx.o(.text))
<BR>[Address Reference Count : 1]<UL><LI> startup_stm32f407xx.o(RESET)
</UL>
<P><STRONG><a name="[21]"></a>EXTI9_5_IRQHandler</STRONG> (Thumb, 0 bytes, Stack size 0 bytes, startup_stm32f407xx.o(.text))
<BR>[Address Reference Count : 1]<UL><LI> startup_stm32f407xx.o(RESET)
</UL>
<P><STRONG><a name="[e]"></a>FLASH_IRQHandler</STRONG> (Thumb, 0 bytes, Stack size 0 bytes, startup_stm32f407xx.o(.text))
<BR>[Address Reference Count : 1]<UL><LI> startup_stm32f407xx.o(RESET)
</UL>
<P><STRONG><a name="[3a]"></a>FMC_IRQHandler</STRONG> (Thumb, 0 bytes, Stack size 0 bytes, startup_stm32f407xx.o(.text))
<BR>[Address Reference Count : 1]<UL><LI> startup_stm32f407xx.o(RESET)
</UL>
<P><STRONG><a name="[5a]"></a>FPU_IRQHandler</STRONG> (Thumb, 0 bytes, Stack size 0 bytes, startup_stm32f407xx.o(.text))
<BR>[Address Reference Count : 1]<UL><LI> startup_stm32f407xx.o(RESET)
</UL>
<P><STRONG><a name="[59]"></a>HASH_RNG_IRQHandler</STRONG> (Thumb, 0 bytes, Stack size 0 bytes, startup_stm32f407xx.o(.text))
<BR>[Address Reference Count : 1]<UL><LI> startup_stm32f407xx.o(RESET)
</UL>
<P><STRONG><a name="[2a]"></a>I2C1_ER_IRQHandler</STRONG> (Thumb, 0 bytes, Stack size 0 bytes, startup_stm32f407xx.o(.text))
<BR>[Address Reference Count : 1]<UL><LI> startup_stm32f407xx.o(RESET)
</UL>
<P><STRONG><a name="[29]"></a>I2C1_EV_IRQHandler</STRONG> (Thumb, 0 bytes, Stack size 0 bytes, startup_stm32f407xx.o(.text))
<BR>[Address Reference Count : 1]<UL><LI> startup_stm32f407xx.o(RESET)
</UL>
<P><STRONG><a name="[2c]"></a>I2C2_ER_IRQHandler</STRONG> (Thumb, 0 bytes, Stack size 0 bytes, startup_stm32f407xx.o(.text))
<BR>[Address Reference Count : 1]<UL><LI> startup_stm32f407xx.o(RESET)
</UL>
<P><STRONG><a name="[2b]"></a>I2C2_EV_IRQHandler</STRONG> (Thumb, 0 bytes, Stack size 0 bytes, startup_stm32f407xx.o(.text))
<BR>[Address Reference Count : 1]<UL><LI> startup_stm32f407xx.o(RESET)
</UL>
<P><STRONG><a name="[53]"></a>I2C3_ER_IRQHandler</STRONG> (Thumb, 0 bytes, Stack size 0 bytes, startup_stm32f407xx.o(.text))
<BR>[Address Reference Count : 1]<UL><LI> startup_stm32f407xx.o(RESET)
</UL>
<P><STRONG><a name="[52]"></a>I2C3_EV_IRQHandler</STRONG> (Thumb, 0 bytes, Stack size 0 bytes, startup_stm32f407xx.o(.text))
<BR>[Address Reference Count : 1]<UL><LI> startup_stm32f407xx.o(RESET)
</UL>
<P><STRONG><a name="[4d]"></a>OTG_FS_IRQHandler</STRONG> (Thumb, 0 bytes, Stack size 0 bytes, startup_stm32f407xx.o(.text))
<BR>[Address Reference Count : 1]<UL><LI> startup_stm32f407xx.o(RESET)
</UL>
<P><STRONG><a name="[34]"></a>OTG_FS_WKUP_IRQHandler</STRONG> (Thumb, 0 bytes, Stack size 0 bytes, startup_stm32f407xx.o(.text))
<BR>[Address Reference Count : 1]<UL><LI> startup_stm32f407xx.o(RESET)
</UL>
<P><STRONG><a name="[55]"></a>OTG_HS_EP1_IN_IRQHandler</STRONG> (Thumb, 0 bytes, Stack size 0 bytes, startup_stm32f407xx.o(.text))
<BR>[Address Reference Count : 1]<UL><LI> startup_stm32f407xx.o(RESET)
</UL>
<P><STRONG><a name="[54]"></a>OTG_HS_EP1_OUT_IRQHandler</STRONG> (Thumb, 0 bytes, Stack size 0 bytes, startup_stm32f407xx.o(.text))
<BR>[Address Reference Count : 1]<UL><LI> startup_stm32f407xx.o(RESET)
</UL>
<P><STRONG><a name="[57]"></a>OTG_HS_IRQHandler</STRONG> (Thumb, 0 bytes, Stack size 0 bytes, startup_stm32f407xx.o(.text))
<BR>[Address Reference Count : 1]<UL><LI> startup_stm32f407xx.o(RESET)
</UL>
<P><STRONG><a name="[56]"></a>OTG_HS_WKUP_IRQHandler</STRONG> (Thumb, 0 bytes, Stack size 0 bytes, startup_stm32f407xx.o(.text))
<BR>[Address Reference Count : 1]<UL><LI> startup_stm32f407xx.o(RESET)
</UL>
<P><STRONG><a name="[b]"></a>PVD_IRQHandler</STRONG> (Thumb, 0 bytes, Stack size 0 bytes, startup_stm32f407xx.o(.text))
<BR>[Address Reference Count : 1]<UL><LI> startup_stm32f407xx.o(RESET)
</UL>
<P><STRONG><a name="[f]"></a>RCC_IRQHandler</STRONG> (Thumb, 0 bytes, Stack size 0 bytes, startup_stm32f407xx.o(.text))
<BR>[Address Reference Count : 1]<UL><LI> startup_stm32f407xx.o(RESET)
</UL>
<P><STRONG><a name="[33]"></a>RTC_Alarm_IRQHandler</STRONG> (Thumb, 0 bytes, Stack size 0 bytes, startup_stm32f407xx.o(.text))
<BR>[Address Reference Count : 1]<UL><LI> startup_stm32f407xx.o(RESET)
</UL>
<P><STRONG><a name="[d]"></a>RTC_WKUP_IRQHandler</STRONG> (Thumb, 0 bytes, Stack size 0 bytes, startup_stm32f407xx.o(.text))
<BR>[Address Reference Count : 1]<UL><LI> startup_stm32f407xx.o(RESET)
</UL>
<P><STRONG><a name="[3b]"></a>SDIO_IRQHandler</STRONG> (Thumb, 0 bytes, Stack size 0 bytes, startup_stm32f407xx.o(.text))
<BR>[Address Reference Count : 1]<UL><LI> startup_stm32f407xx.o(RESET)
</UL>
<P><STRONG><a name="[2d]"></a>SPI1_IRQHandler</STRONG> (Thumb, 0 bytes, Stack size 0 bytes, startup_stm32f407xx.o(.text))
<BR>[Address Reference Count : 1]<UL><LI> startup_stm32f407xx.o(RESET)
</UL>
<P><STRONG><a name="[2e]"></a>SPI2_IRQHandler</STRONG> (Thumb, 0 bytes, Stack size 0 bytes, startup_stm32f407xx.o(.text))
<BR>[Address Reference Count : 1]<UL><LI> startup_stm32f407xx.o(RESET)
</UL>
<P><STRONG><a name="[3d]"></a>SPI3_IRQHandler</STRONG> (Thumb, 0 bytes, Stack size 0 bytes, startup_stm32f407xx.o(.text))
<BR>[Address Reference Count : 1]<UL><LI> startup_stm32f407xx.o(RESET)
</UL>
<P><STRONG><a name="[c]"></a>TAMP_STAMP_IRQHandler</STRONG> (Thumb, 0 bytes, Stack size 0 bytes, startup_stm32f407xx.o(.text))
<BR>[Address Reference Count : 1]<UL><LI> startup_stm32f407xx.o(RESET)
</UL>
<P><STRONG><a name="[22]"></a>TIM1_BRK_TIM9_IRQHandler</STRONG> (Thumb, 0 bytes, Stack size 0 bytes, startup_stm32f407xx.o(.text))
<BR>[Address Reference Count : 1]<UL><LI> startup_stm32f407xx.o(RESET)
</UL>
<P><STRONG><a name="[25]"></a>TIM1_CC_IRQHandler</STRONG> (Thumb, 0 bytes, Stack size 0 bytes, startup_stm32f407xx.o(.text))
<BR>[Address Reference Count : 1]<UL><LI> startup_stm32f407xx.o(RESET)
</UL>
<P><STRONG><a name="[24]"></a>TIM1_TRG_COM_TIM11_IRQHandler</STRONG> (Thumb, 0 bytes, Stack size 0 bytes, startup_stm32f407xx.o(.text))
<BR>[Address Reference Count : 1]<UL><LI> startup_stm32f407xx.o(RESET)
</UL>
<P><STRONG><a name="[23]"></a>TIM1_UP_TIM10_IRQHandler</STRONG> (Thumb, 0 bytes, Stack size 0 bytes, startup_stm32f407xx.o(.text))
<BR>[Address Reference Count : 1]<UL><LI> startup_stm32f407xx.o(RESET)
</UL>
<P><STRONG><a name="[26]"></a>TIM2_IRQHandler</STRONG> (Thumb, 0 bytes, Stack size 0 bytes, startup_stm32f407xx.o(.text))
<BR>[Address Reference Count : 1]<UL><LI> startup_stm32f407xx.o(RESET)
</UL>
<P><STRONG><a name="[27]"></a>TIM3_IRQHandler</STRONG> (Thumb, 0 bytes, Stack size 0 bytes, startup_stm32f407xx.o(.text))
<BR>[Address Reference Count : 1]<UL><LI> startup_stm32f407xx.o(RESET)
</UL>
<P><STRONG><a name="[28]"></a>TIM4_IRQHandler</STRONG> (Thumb, 0 bytes, Stack size 0 bytes, startup_stm32f407xx.o(.text))
<BR>[Address Reference Count : 1]<UL><LI> startup_stm32f407xx.o(RESET)
</UL>
<P><STRONG><a name="[3c]"></a>TIM5_IRQHandler</STRONG> (Thumb, 0 bytes, Stack size 0 bytes, startup_stm32f407xx.o(.text))
<BR>[Address Reference Count : 1]<UL><LI> startup_stm32f407xx.o(RESET)
</UL>
<P><STRONG><a name="[35]"></a>TIM8_BRK_TIM12_IRQHandler</STRONG> (Thumb, 0 bytes, Stack size 0 bytes, startup_stm32f407xx.o(.text))
<BR>[Address Reference Count : 1]<UL><LI> startup_stm32f407xx.o(RESET)
</UL>
<P><STRONG><a name="[38]"></a>TIM8_CC_IRQHandler</STRONG> (Thumb, 0 bytes, Stack size 0 bytes, startup_stm32f407xx.o(.text))
<BR>[Address Reference Count : 1]<UL><LI> startup_stm32f407xx.o(RESET)
</UL>
<P><STRONG><a name="[37]"></a>TIM8_TRG_COM_TIM14_IRQHandler</STRONG> (Thumb, 0 bytes, Stack size 0 bytes, startup_stm32f407xx.o(.text))
<BR>[Address Reference Count : 1]<UL><LI> startup_stm32f407xx.o(RESET)
</UL>
<P><STRONG><a name="[36]"></a>TIM8_UP_TIM13_IRQHandler</STRONG> (Thumb, 0 bytes, Stack size 0 bytes, startup_stm32f407xx.o(.text))
<BR>[Address Reference Count : 1]<UL><LI> startup_stm32f407xx.o(RESET)
</UL>
<P><STRONG><a name="[3e]"></a>UART4_IRQHandler</STRONG> (Thumb, 0 bytes, Stack size 0 bytes, startup_stm32f407xx.o(.text))
<BR>[Address Reference Count : 1]<UL><LI> startup_stm32f407xx.o(RESET)
</UL>
<P><STRONG><a name="[3f]"></a>UART5_IRQHandler</STRONG> (Thumb, 0 bytes, Stack size 0 bytes, startup_stm32f407xx.o(.text))
<BR>[Address Reference Count : 1]<UL><LI> startup_stm32f407xx.o(RESET)
</UL>
<P><STRONG><a name="[30]"></a>USART2_IRQHandler</STRONG> (Thumb, 0 bytes, Stack size 0 bytes, startup_stm32f407xx.o(.text))
<BR>[Address Reference Count : 1]<UL><LI> startup_stm32f407xx.o(RESET)
</UL>
<P><STRONG><a name="[a]"></a>WWDG_IRQHandler</STRONG> (Thumb, 0 bytes, Stack size 0 bytes, startup_stm32f407xx.o(.text))
<BR>[Address Reference Count : 1]<UL><LI> startup_stm32f407xx.o(RESET)
</UL>
<P><STRONG><a name="[106]"></a>__user_initial_stackheap</STRONG> (Thumb, 0 bytes, Stack size unknown bytes, startup_stm32f407xx.o(.text))
<BR><BR>[Called By]<UL><LI><a href="#[e0]">&gt;&gt;</a>&nbsp;&nbsp;&nbsp;__user_setup_stackheap
</UL>

<P><STRONG><a name="[134]"></a>__aeabi_uldivmod</STRONG> (Thumb, 0 bytes, Stack size 48 bytes, lludivv7m.o(.text))
<BR><BR>[Stack]<UL><LI>Max Depth = 48<LI>Call Chain = __aeabi_uldivmod
</UL>
<BR>[Called By]<UL><LI><a href="#[14e]">&gt;&gt;</a>&nbsp;&nbsp;&nbsp;UART_SetConfig
<LI><a href="#[133]">&gt;&gt;</a>&nbsp;&nbsp;&nbsp;HAL_RCC_GetSysClockFreq
</UL>

<P><STRONG><a name="[28d]"></a>_ll_udiv</STRONG> (Thumb, 240 bytes, Stack size 48 bytes, lludivv7m.o(.text), UNUSED)

<P><STRONG><a name="[ea]"></a>__cxa_atexit</STRONG> (Thumb, 10 bytes, Stack size 0 bytes, cxa_atexit.o(.text))
<BR><BR>[Stack]<UL><LI>Max Depth = 72<LI>Call Chain = __cxa_atexit &rArr; __aeabi_atexit &rArr; malloc &rArr; __Heap_Full &rArr; __Heap_ProvideMemory &rArr; free
</UL>
<BR>[Calls]<UL><LI><a href="#[eb]">&gt;&gt;</a>&nbsp;&nbsp;&nbsp;__aeabi_atexit
</UL>
<BR>[Called By]<UL><LI><a href="#[cd]">&gt;&gt;</a>&nbsp;&nbsp;&nbsp;_GLOBAL__sub_I_ChassisTask.cpp
<LI><a href="#[ce]">&gt;&gt;</a>&nbsp;&nbsp;&nbsp;_GLOBAL__sub_I_EvenTask.cpp
</UL>

<P><STRONG><a name="[210]"></a>strlen</STRONG> (Thumb, 62 bytes, Stack size 8 bytes, strlen.o(.text), UNUSED)
<BR><BR>[Called By]<UL><LI><a href="#[20f]">&gt;&gt;</a>&nbsp;&nbsp;&nbsp;std::logic_error::logic_error(const char*)
</UL>

<P><STRONG><a name="[ef]"></a>__aeabi_memcpy</STRONG> (Thumb, 0 bytes, Stack size 0 bytes, rt_memcpy_v6.o(.text))
<BR><BR>[Called By]<UL><LI><a href="#[23a]">&gt;&gt;</a>&nbsp;&nbsp;&nbsp;xQueueReceive
<LI><a href="#[238]">&gt;&gt;</a>&nbsp;&nbsp;&nbsp;xQueueGenericSend
<LI><a href="#[1d2]">&gt;&gt;</a>&nbsp;&nbsp;&nbsp;RM_RefereeSystem::RM_RefereeSystemSendDataN(const RM_RefereeSystem::graphic_data_struct_t*, int)
<LI><a href="#[16a]">&gt;&gt;</a>&nbsp;&nbsp;&nbsp;UI::send_graphic_queue::send()
<LI><a href="#[20f]">&gt;&gt;</a>&nbsp;&nbsp;&nbsp;std::logic_error::logic_error(const char*)
<LI><a href="#[ee]">&gt;&gt;</a>&nbsp;&nbsp;&nbsp;__rt_memmove
<LI><a href="#[17b]">&gt;&gt;</a>&nbsp;&nbsp;&nbsp;__unw_init_local
</UL>

<P><STRONG><a name="[ec]"></a>__rt_memcpy</STRONG> (Thumb, 138 bytes, Stack size 0 bytes, rt_memcpy_v6.o(.text), UNUSED)
<BR><BR>[Calls]<UL><LI><a href="#[ed]">&gt;&gt;</a>&nbsp;&nbsp;&nbsp;__aeabi_memcpy4
</UL>

<P><STRONG><a name="[28e]"></a>_memcpy_lastbytes</STRONG> (Thumb, 0 bytes, Stack size unknown bytes, rt_memcpy_v6.o(.text), UNUSED)

<P><STRONG><a name="[18e]"></a>__aeabi_memmove</STRONG> (Thumb, 0 bytes, Stack size 0 bytes, rt_memmove_v6.o(.text))
<BR><BR>[Called By]<UL><LI><a href="#[152]">&gt;&gt;</a>&nbsp;&nbsp;&nbsp;Communicat::Gimbal_to_Chassis::Data_receive(__UART_HandleTypeDef*)
</UL>

<P><STRONG><a name="[ee]"></a>__rt_memmove</STRONG> (Thumb, 132 bytes, Stack size 0 bytes, rt_memmove_v6.o(.text), UNUSED)
<BR><BR>[Calls]<UL><LI><a href="#[ef]">&gt;&gt;</a>&nbsp;&nbsp;&nbsp;__aeabi_memcpy
<LI><a href="#[f0]">&gt;&gt;</a>&nbsp;&nbsp;&nbsp;__memmove_aligned
</UL>

<P><STRONG><a name="[28f]"></a>__memmove_lastfew</STRONG> (Thumb, 0 bytes, Stack size unknown bytes, rt_memmove_v6.o(.text), UNUSED)

<P><STRONG><a name="[ed]"></a>__aeabi_memcpy4</STRONG> (Thumb, 0 bytes, Stack size 8 bytes, rt_memcpy_w.o(.text))
<BR><BR>[Stack]<UL><LI>Max Depth = 8<LI>Call Chain = __aeabi_memcpy4
</UL>
<BR>[Called By]<UL><LI><a href="#[1ce]">&gt;&gt;</a>&nbsp;&nbsp;&nbsp;RM_RefereeSystem::RM_RefereeSystemSendStr(RM_RefereeSystem::ext_client_custom_character_t)
<LI><a href="#[ec]">&gt;&gt;</a>&nbsp;&nbsp;&nbsp;__rt_memcpy
<LI><a href="#[fe]">&gt;&gt;</a>&nbsp;&nbsp;&nbsp;__rt_memmove_w
</UL>

<P><STRONG><a name="[290]"></a>__aeabi_memcpy8</STRONG> (Thumb, 0 bytes, Stack size 8 bytes, rt_memcpy_w.o(.text), UNUSED)

<P><STRONG><a name="[291]"></a>__rt_memcpy_w</STRONG> (Thumb, 100 bytes, Stack size 8 bytes, rt_memcpy_w.o(.text), UNUSED)

<P><STRONG><a name="[292]"></a>_memcpy_lastbytes_aligned</STRONG> (Thumb, 0 bytes, Stack size unknown bytes, rt_memcpy_w.o(.text), UNUSED)

<P><STRONG><a name="[f1]"></a>__aeabi_memset4</STRONG> (Thumb, 16 bytes, Stack size 0 bytes, aeabi_memset4.o(.text))
<BR><BR>[Calls]<UL><LI><a href="#[f2]">&gt;&gt;</a>&nbsp;&nbsp;&nbsp;_memset_w
</UL>
<BR>[Called By]<UL><LI><a href="#[232]">&gt;&gt;</a>&nbsp;&nbsp;&nbsp;prvInitialiseNewTask
</UL>

<P><STRONG><a name="[293]"></a>__aeabi_memset8</STRONG> (Thumb, 0 bytes, Stack size 0 bytes, aeabi_memset4.o(.text), UNUSED)

<P><STRONG><a name="[1ca]"></a>__aeabi_memclr</STRONG> (Thumb, 0 bytes, Stack size 0 bytes, rt_memclr.o(.text))
<BR><BR>[Called By]<UL><LI><a href="#[1c9]">&gt;&gt;</a>&nbsp;&nbsp;&nbsp;RM_RefereeSystem::RM_RefereeSystemDelete(char, char)
<LI><a href="#[16a]">&gt;&gt;</a>&nbsp;&nbsp;&nbsp;UI::send_graphic_queue::send()
</UL>

<P><STRONG><a name="[f3]"></a>__rt_memclr</STRONG> (Thumb, 68 bytes, Stack size 0 bytes, rt_memclr.o(.text), UNUSED)
<BR><BR>[Calls]<UL><LI><a href="#[f2]">&gt;&gt;</a>&nbsp;&nbsp;&nbsp;_memset_w
</UL>

<P><STRONG><a name="[294]"></a>_memset</STRONG> (Thumb, 0 bytes, Stack size unknown bytes, rt_memclr.o(.text), UNUSED)

<P><STRONG><a name="[1cf]"></a>__aeabi_memclr4</STRONG> (Thumb, 0 bytes, Stack size 4 bytes, rt_memclr_w.o(.text))
<BR><BR>[Stack]<UL><LI>Max Depth = 4<LI>Call Chain = __aeabi_memclr4
</UL>
<BR>[Called By]<UL><LI><a href="#[1ce]">&gt;&gt;</a>&nbsp;&nbsp;&nbsp;RM_RefereeSystem::RM_RefereeSystemSendStr(RM_RefereeSystem::ext_client_custom_character_t)
<LI><a href="#[1d2]">&gt;&gt;</a>&nbsp;&nbsp;&nbsp;RM_RefereeSystem::RM_RefereeSystemSendDataN(const RM_RefereeSystem::graphic_data_struct_t*, int)
<LI><a href="#[20e]">&gt;&gt;</a>&nbsp;&nbsp;&nbsp;__dynamic_cast
<LI><a href="#[9d]">&gt;&gt;</a>&nbsp;&nbsp;&nbsp;__cxxabiv1::__class_type_info::can_catch(const __cxxabiv1::__shim_type_info*, void*&) const
<LI><a href="#[b9]">&gt;&gt;</a>&nbsp;&nbsp;&nbsp;libunwind::UnwindCursor&lang;libunwind::LocalAddressSpace, libunwind::Registers_arm&rang;::getInfo(unw_proc_info_t*)
</UL>

<P><STRONG><a name="[19a]"></a>__aeabi_memclr8</STRONG> (Thumb, 0 bytes, Stack size 4 bytes, rt_memclr_w.o(.text))
<BR><BR>[Stack]<UL><LI>Max Depth = 4<LI>Call Chain = __aeabi_memclr8
</UL>
<BR>[Called By]<UL><LI><a href="#[1a4]">&gt;&gt;</a>&nbsp;&nbsp;&nbsp;__cxa_allocate_exception
<LI><a href="#[17b]">&gt;&gt;</a>&nbsp;&nbsp;&nbsp;__unw_init_local
<LI><a href="#[199]">&gt;&gt;</a>&nbsp;&nbsp;&nbsp;_ZN10__cxxabiv1L11scan_eh_tabERNS_12_GLOBAL__N_112scan_resultsE14_Unwind_ActionbP21_Unwind_Control_BlockP15_Unwind_Context
</UL>

<P><STRONG><a name="[295]"></a>__rt_memclr_w</STRONG> (Thumb, 78 bytes, Stack size 4 bytes, rt_memclr_w.o(.text), UNUSED)

<P><STRONG><a name="[f2]"></a>_memset_w</STRONG> (Thumb, 0 bytes, Stack size unknown bytes, rt_memclr_w.o(.text))
<BR><BR>[Called By]<UL><LI><a href="#[f3]">&gt;&gt;</a>&nbsp;&nbsp;&nbsp;__rt_memclr
<LI><a href="#[f1]">&gt;&gt;</a>&nbsp;&nbsp;&nbsp;__aeabi_memset4
</UL>

<P><STRONG><a name="[296]"></a>__use_two_region_memory</STRONG> (Thumb, 2 bytes, Stack size 0 bytes, heapauxi.o(.text), UNUSED)

<P><STRONG><a name="[297]"></a>__rt_heap_escrow</STRONG> (Thumb, 2 bytes, Stack size 0 bytes, heapauxi.o(.text), UNUSED)

<P><STRONG><a name="[298]"></a>__rt_heap_expand</STRONG> (Thumb, 2 bytes, Stack size 0 bytes, heapauxi.o(.text), UNUSED)

<P><STRONG><a name="[d3]"></a>__cpp_initialize__aeabi_</STRONG> (Thumb, 28 bytes, Stack size 16 bytes, init_aeabi.o(.text))
<BR><BR>[Stack]<UL><LI>Max Depth = 16<LI>Call Chain = __cpp_initialize__aeabi_
</UL>
<BR>[Called By]<UL><LI><a href="#[dc]">&gt;&gt;</a>&nbsp;&nbsp;&nbsp;__rt_lib_init_cpp_2
</UL>

<P><STRONG><a name="[f4]"></a>malloc</STRONG> (Thumb, 94 bytes, Stack size 16 bytes, h1_alloc.o(.text))
<BR><BR>[Stack]<UL><LI>Max Depth = 48<LI>Call Chain = malloc &rArr; __Heap_Full &rArr; __Heap_ProvideMemory &rArr; free
</UL>
<BR>[Calls]<UL><LI><a href="#[f6]">&gt;&gt;</a>&nbsp;&nbsp;&nbsp;__Heap_Full
<LI><a href="#[f5]">&gt;&gt;</a>&nbsp;&nbsp;&nbsp;__rt_heap_descriptor
</UL>
<BR>[Called By]<UL><LI><a href="#[155]">&gt;&gt;</a>&nbsp;&nbsp;&nbsp;operator new(unsigned)
<LI><a href="#[eb]">&gt;&gt;</a>&nbsp;&nbsp;&nbsp;__aeabi_atexit
</UL>

<P><STRONG><a name="[f7]"></a>free</STRONG> (Thumb, 78 bytes, Stack size 16 bytes, h1_free.o(.text))
<BR><BR>[Stack]<UL><LI>Max Depth = 16<LI>Call Chain = free
</UL>
<BR>[Calls]<UL><LI><a href="#[f5]">&gt;&gt;</a>&nbsp;&nbsp;&nbsp;__rt_heap_descriptor
</UL>
<BR>[Called By]<UL><LI><a href="#[171]">&gt;&gt;</a>&nbsp;&nbsp;&nbsp;operator delete (void*)
<LI><a href="#[195]">&gt;&gt;</a>&nbsp;&nbsp;&nbsp;__cxxabiv1::__aligned_free_with_fallback(void*)
<LI><a href="#[ff]">&gt;&gt;</a>&nbsp;&nbsp;&nbsp;__Heap_ProvideMemory
<LI><a href="#[de]">&gt;&gt;</a>&nbsp;&nbsp;&nbsp;__cxa_finalize
</UL>

<P><STRONG><a name="[f8]"></a>posix_memalign</STRONG> (Thumb, 180 bytes, Stack size 32 bytes, h1_memalign.o(.text))
<BR><BR>[Stack]<UL><LI>Max Depth = 64<LI>Call Chain = posix_memalign &rArr; __Heap_Full &rArr; __Heap_ProvideMemory &rArr; free
</UL>
<BR>[Calls]<UL><LI><a href="#[f6]">&gt;&gt;</a>&nbsp;&nbsp;&nbsp;__Heap_Full
<LI><a href="#[f5]">&gt;&gt;</a>&nbsp;&nbsp;&nbsp;__rt_heap_descriptor
</UL>
[...]
<BR><BR>[Stack]<UL><LI>Max Depth = 40<LI>Call Chain = prvUnlockQueue &rArr; xTaskRemoveFromEventList
</UL>
<BR>[Calls]<UL><LI><a href="#[23d]">&gt;&gt;</a>&nbsp;&nbsp;&nbsp;vTaskMissedYield
<LI><a href="#[23c]">&gt;&gt;</a>&nbsp;&nbsp;&nbsp;xTaskRemoveFromEventList
<LI><a href="#[22f]">&gt;&gt;</a>&nbsp;&nbsp;&nbsp;vPortExitCritical
<LI><a href="#[22c]">&gt;&gt;</a>&nbsp;&nbsp;&nbsp;vPortEnterCritical
</UL>
<BR>[Called By]<UL><LI><a href="#[239]">&gt;&gt;</a>&nbsp;&nbsp;&nbsp;vQueueWaitForMessageRestricted
<LI><a href="#[23a]">&gt;&gt;</a>&nbsp;&nbsp;&nbsp;xQueueReceive
<LI><a href="#[238]">&gt;&gt;</a>&nbsp;&nbsp;&nbsp;xQueueGenericSend
</UL>

<P><STRONG><a name="[232]"></a>prvInitialiseNewTask</STRONG> (Thumb, 296 bytes, Stack size 32 bytes, tasks.o(.text.prvInitialiseNewTask))
<BR><BR>[Stack]<UL><LI>Max Depth = 32 + Unknown Stack Size
<LI>Call Chain = prvInitialiseNewTask
</UL>
<BR>[Calls]<UL><LI><a href="#[234]">&gt;&gt;</a>&nbsp;&nbsp;&nbsp;pxPortInitialiseStack
<LI><a href="#[233]">&gt;&gt;</a>&nbsp;&nbsp;&nbsp;vListInitialiseItem
<LI><a href="#[f1]">&gt;&gt;</a>&nbsp;&nbsp;&nbsp;__aeabi_memset4
</UL>
<BR>[Called By]<UL><LI><a href="#[22a]">&gt;&gt;</a>&nbsp;&nbsp;&nbsp;xTaskCreateStatic
<LI><a href="#[229]">&gt;&gt;</a>&nbsp;&nbsp;&nbsp;xTaskCreate
<LI><a href="#[228]">&gt;&gt;</a>&nbsp;&nbsp;&nbsp;vTaskStartScheduler
</UL>

<P><STRONG><a name="[22b]"></a>prvAddNewTaskToReadyList</STRONG> (Thumb, 650 bytes, Stack size 24 bytes, tasks.o(.text.prvAddNewTaskToReadyList))
<BR><BR>[Stack]<UL><LI>Max Depth = 24<LI>Call Chain = prvAddNewTaskToReadyList
</UL>
<BR>[Calls]<UL><LI><a href="#[22e]">&gt;&gt;</a>&nbsp;&nbsp;&nbsp;vListInsertEnd
<LI><a href="#[22d]">&gt;&gt;</a>&nbsp;&nbsp;&nbsp;vListInitialise
<LI><a href="#[22f]">&gt;&gt;</a>&nbsp;&nbsp;&nbsp;vPortExitCritical
<LI><a href="#[22c]">&gt;&gt;</a>&nbsp;&nbsp;&nbsp;vPortEnterCritical
</UL>
<BR>[Called By]<UL><LI><a href="#[22a]">&gt;&gt;</a>&nbsp;&nbsp;&nbsp;xTaskCreateStatic
<LI><a href="#[229]">&gt;&gt;</a>&nbsp;&nbsp;&nbsp;xTaskCreate
<LI><a href="#[228]">&gt;&gt;</a>&nbsp;&nbsp;&nbsp;vTaskStartScheduler
</UL>

<P><STRONG><a name="[75]"></a>prvIdleTask</STRONG> (Thumb, 134 bytes, Stack size 0 bytes, tasks.o(.text.prvIdleTask))
<BR><BR>[Stack]<UL><LI>Max Depth = 72<LI>Call Chain = prvIdleTask &rArr; vPortFree &rArr; xTaskResumeAll &rArr; xTaskIncrementTick
</UL>
<BR>[Calls]<UL><LI><a href="#[231]">&gt;&gt;</a>&nbsp;&nbsp;&nbsp;uxListRemove
<LI><a href="#[22f]">&gt;&gt;</a>&nbsp;&nbsp;&nbsp;vPortExitCritical
<LI><a href="#[22c]">&gt;&gt;</a>&nbsp;&nbsp;&nbsp;vPortEnterCritical
<LI><a href="#[230]">&gt;&gt;</a>&nbsp;&nbsp;&nbsp;vPortFree
</UL>
<BR>[Address Reference Count : 1]<UL><LI> tasks.o(.text.vTaskStartScheduler)
</UL>
<P><STRONG><a name="[76]"></a>prvTimerTask</STRONG> (Thumb, 906 bytes, Stack size 32 bytes, timers.o(.text.prvTimerTask))
<BR><BR>[Stack]<UL><LI>Max Depth = 136<LI>Call Chain = prvTimerTask &rArr; xQueueReceive &rArr; xTaskResumeAll &rArr; xTaskIncrementTick
</UL>
<BR>[Calls]<UL><LI><a href="#[239]">&gt;&gt;</a>&nbsp;&nbsp;&nbsp;vQueueWaitForMessageRestricted
<LI><a href="#[231]">&gt;&gt;</a>&nbsp;&nbsp;&nbsp;uxListRemove
<LI><a href="#[237]">&gt;&gt;</a>&nbsp;&nbsp;&nbsp;vListInsert
<LI><a href="#[23a]">&gt;&gt;</a>&nbsp;&nbsp;&nbsp;xQueueReceive
<LI><a href="#[238]">&gt;&gt;</a>&nbsp;&nbsp;&nbsp;xQueueGenericSend
<LI><a href="#[230]">&gt;&gt;</a>&nbsp;&nbsp;&nbsp;vPortFree
<LI><a href="#[1fb]">&gt;&gt;</a>&nbsp;&nbsp;&nbsp;xTaskGetTickCount
<LI><a href="#[236]">&gt;&gt;</a>&nbsp;&nbsp;&nbsp;xTaskResumeAll
<LI><a href="#[235]">&gt;&gt;</a>&nbsp;&nbsp;&nbsp;vTaskSuspendAll
<LI><a href="#[16b]">&gt;&gt;</a>&nbsp;&nbsp;&nbsp;xTaskGetSchedulerState
</UL>
<BR>[Address Reference Count : 1]<UL><LI> timers.o(.text.xTimerCreateTimerTask)
</UL>
<P><STRONG><a name="[c9]"></a>__cxx_global_var_init</STRONG> (Thumb, 76 bytes, Stack size 8 bytes, darw_dynamic.o(.text.__cxx_global_var_init))
<BR><BR>[Stack]<UL><LI>Max Depth = 72 + Unknown Stack Size
<LI>Call Chain = __cxx_global_var_init &rArr; __cxa_guard_acquire &rArr; abort_message &rArr; abort &rArr; __rt_SIGABRT &rArr; __rt_SIGABRT_inner &rArr; __default_signal_display &rArr; _ttywrch
</UL>
<BR>[Calls]<UL><LI><a href="#[222]">&gt;&gt;</a>&nbsp;&nbsp;&nbsp;__cxa_guard_release
<LI><a href="#[221]">&gt;&gt;</a>&nbsp;&nbsp;&nbsp;__cxa_guard_acquire
</UL>
<BR>[Address Reference Count : 1]<UL><LI> darw_dynamic.o(.init_array)
</UL>
<P><STRONG><a name="[ca]"></a>__cxx_global_var_init.1</STRONG> (Thumb, 68 bytes, Stack size 8 bytes, darw_dynamic.o(.text.__cxx_global_var_init.1))
<BR><BR>[Stack]<UL><LI>Max Depth = 72 + Unknown Stack Size
<LI>Call Chain = __cxx_global_var_init.1 &rArr; __cxa_guard_acquire &rArr; abort_message &rArr; abort &rArr; __rt_SIGABRT &rArr; __rt_SIGABRT_inner &rArr; __default_signal_display &rArr; _ttywrch
</UL>
<BR>[Calls]<UL><LI><a href="#[222]">&gt;&gt;</a>&nbsp;&nbsp;&nbsp;__cxa_guard_release
<LI><a href="#[221]">&gt;&gt;</a>&nbsp;&nbsp;&nbsp;__cxa_guard_acquire
</UL>
<BR>[Address Reference Count : 1]<UL><LI> darw_dynamic.o(.init_array)
</UL>
<P><STRONG><a name="[cb]"></a>__cxx_global_var_init.2</STRONG> (Thumb, 80 bytes, Stack size 8 bytes, darw_dynamic.o(.text.__cxx_global_var_init.2))
<BR><BR>[Stack]<UL><LI>Max Depth = 72 + Unknown Stack Size
<LI>Call Chain = __cxx_global_var_init.2 &rArr; __cxa_guard_acquire &rArr; abort_message &rArr; abort &rArr; __rt_SIGABRT &rArr; __rt_SIGABRT_inner &rArr; __default_signal_display &rArr; _ttywrch
</UL>
<BR>[Calls]<UL><LI><a href="#[222]">&gt;&gt;</a>&nbsp;&nbsp;&nbsp;__cxa_guard_release
<LI><a href="#[221]">&gt;&gt;</a>&nbsp;&nbsp;&nbsp;__cxa_guard_acquire
</UL>
<BR>[Address Reference Count : 1]<UL><LI> darw_dynamic.o(.init_array)
</UL>
<P><STRONG><a name="[cc]"></a>_GLOBAL__sub_I_Variable.cpp</STRONG> (Thumb, 854 bytes, Stack size 32 bytes, Variable.o(.text._GLOBAL__sub_I_Variable.cpp))
<BR><BR>[Stack]<UL><LI>Max Depth = 96<LI>Call Chain = _GLOBAL__sub_I_Variable.cpp &rArr; Dji_Motor::Dji_Motor(short, unsigned char, Dji_Motor_Data*, unsigned char*) &rArr; RM_Motor::_Motor_ID_IDX_BIND_(unsigned char*, unsigned char)
</UL>
<BR>[Calls]<UL><LI><a href="#[175]">&gt;&gt;</a>&nbsp;&nbsp;&nbsp;PowerMeter::Meter::Meter(short, unsigned char, PowerMeter::Meter_Data*, unsigned char*)
<LI><a href="#[174]">&gt;&gt;</a>&nbsp;&nbsp;&nbsp;Dji_Motor::Dji_Motor(short, unsigned char, Dji_Motor_Data*, unsigned char*)
</UL>
<BR>[Address Reference Count : 1]<UL><LI> Variable.o(.init_array)
</UL>
<P><STRONG><a name="[cd]"></a>_GLOBAL__sub_I_ChassisTask.cpp</STRONG> (Thumb, 36 bytes, Stack size 0 bytes, ChassisTask.o(.text._GLOBAL__sub_I_ChassisTask.cpp))
<BR><BR>[Stack]<UL><LI>Max Depth = 72<LI>Call Chain = _GLOBAL__sub_I_ChassisTask.cpp &rArr; __cxa_atexit &rArr; __aeabi_atexit &rArr; malloc &rArr; __Heap_Full &rArr; __Heap_ProvideMemory &rArr; free
</UL>
<BR>[Calls]<UL><LI><a href="#[ea]">&gt;&gt;</a>&nbsp;&nbsp;&nbsp;__cxa_atexit
</UL>
<BR>[Address Reference Count : 1]<UL><LI> ChassisTask.o(.init_array)
</UL>
<P><STRONG><a name="[ce]"></a>_GLOBAL__sub_I_EvenTask.cpp</STRONG> (Thumb, 242 bytes, Stack size 24 bytes, EvenTask.o(.text._GLOBAL__sub_I_EvenTask.cpp))
<BR><BR>[Stack]<UL><LI>Max Depth = 1192 + Unknown Stack Size
<LI>Call Chain = _GLOBAL__sub_I_EvenTask.cpp &rArr; operator new(unsigned) &rArr; __cxa_throw &rArr; _ZN10__cxxabiv1L12failed_throwEPNS_15__cxa_exceptionE &rArr; __cxa_begin_catch &rArr; std::terminate() &rArr; std::__terminate(void(*)()) &rArr;  __cxa_begin_catch (Cycle)
</UL>
<BR>[Calls]<UL><LI><a href="#[171]">&gt;&gt;</a>&nbsp;&nbsp;&nbsp;operator delete (void*)
<LI><a href="#[155]">&gt;&gt;</a>&nbsp;&nbsp;&nbsp;operator new(unsigned)
<LI><a href="#[ea]">&gt;&gt;</a>&nbsp;&nbsp;&nbsp;__cxa_atexit
<LI><a href="#[172]">&gt;&gt;</a>&nbsp;&nbsp;&nbsp;_Unwind_Resume
</UL>
<BR>[Address Reference Count : 1]<UL><LI> EvenTask.o(.init_array)
</UL>
<P><STRONG><a name="[cf]"></a>_GLOBAL__sub_I_PowerTask.cpp</STRONG> (Thumb, 12 bytes, Stack size 0 bytes, PowerTask.o(.text._GLOBAL__sub_I_PowerTask.cpp))
<BR><BR>[Stack]<UL><LI>Max Depth = 1160 + Unknown Stack Size
<LI>Call Chain = _GLOBAL__sub_I_PowerTask.cpp &rArr; SGPowerControl::PowerTask_t::PowerTask_t__sub_object() &rArr; Math::RLS&lang;(unsigned)2&rang;::RLS__sub_object(float, float) &rArr; Math::RLS&lang;(unsigned)2&rang;::reset() &rArr; _Unwind_Resume &rArr; _ZL13unwind_phase2P13unw_context_tP12unw_cursor_tP21_Unwind_Control_Blockb &rArr; __unw_init_local &rArr; libunwind::UnwindCursor&lang;libunwind::LocalAddressSpace, libunwind::Registers_arm&rang;::setInfoBasedOnIPRegister(bool) &rArr; libunwind::UnwindCursor&lang;libunwind::LocalAddressSpace, libunwind::Registers_arm&rang;::getInfoFromEHABISection(unsigned, const libunwind::UnwindInfoSections&) &rArr; abort &rArr; __rt_SIGABRT &rArr; __rt_SIGABRT_inner &rArr; __default_signal_display &rArr; _ttywrch
</UL>
<BR>[Calls]<UL><LI><a href="#[173]">&gt;&gt;</a>&nbsp;&nbsp;&nbsp;SGPowerControl::PowerTask_t::PowerTask_t__sub_object()
</UL>
<BR>[Address Reference Count : 1]<UL><LI> PowerTask.o(.init_array)
</UL>
<P><STRONG><a name="[262]"></a>_dadd1</STRONG> (Thumb, 0 bytes, Stack size unknown bytes, daddsub_clz.o(x$fpl$dadd), UNUSED)
<BR><BR>[Called By]<UL><LI><a href="#[261]">&gt;&gt;</a>&nbsp;&nbsp;&nbsp;_dsub
</UL>

<P><STRONG><a name="[257]"></a>_dsub1</STRONG> (Thumb, 0 bytes, Stack size unknown bytes, daddsub_clz.o(x$fpl$dsub), UNUSED)
<BR><BR>[Called By]<UL><LI><a href="#[256]">&gt;&gt;</a>&nbsp;&nbsp;&nbsp;_dadd
</UL>

<P><STRONG><a name="[19e]"></a>_ZN10__cxxabiv1L12failed_throwEPNS_15__cxa_exceptionE</STRONG> (Thumb, 16 bytes, Stack size 8 bytes, cxa_exception.cpp.o(.text._ZN10__cxxabiv1L12failed_throwEPNS_15__cxa_exceptionE))
<BR><BR>[Stack]<UL><LI>Max Depth = 1136 + Unknown Stack Size
<LI>Call Chain = _ZN10__cxxabiv1L12failed_throwEPNS_15__cxa_exceptionE &rArr; __cxa_begin_catch &rArr; std::terminate() &rArr; std::__terminate(void(*)()) &rArr;  __cxa_begin_catch (Cycle)
</UL>
<BR>[Calls]<UL><LI><a href="#[19f]">&gt;&gt;</a>&nbsp;&nbsp;&nbsp;__cxa_begin_catch
<LI><a href="#[1a0]">&gt;&gt;</a>&nbsp;&nbsp;&nbsp;std::__terminate(void(*)())
</UL>
<BR>[Called By]<UL><LI><a href="#[1a6]">&gt;&gt;</a>&nbsp;&nbsp;&nbsp;__cxa_throw
</UL>

<P><STRONG><a name="[73]"></a>_ZN10__cxxabiv1L22exception_cleanup_funcE19_Unwind_Reason_CodeP21_Unwind_Control_Block</STRONG> (Thumb, 22 bytes, Stack size 8 bytes, cxa_exception.cpp.o(.text._ZN10__cxxabiv1L22exception_cleanup_funcE19_Unwind_Reason_CodeP21_Unwind_Control_Block))
<BR><BR>[Stack]<UL><LI>Max Depth = 1112 + Unknown Stack Size
<LI>Call Chain = _ZN10__cxxabiv1L22exception_cleanup_funcE19_Unwind_Reason_CodeP21_Unwind_Control_Block &rArr; std::__terminate(void(*)()) &rArr;  __cxa_begin_catch (Cycle)
</UL>
<BR>[Calls]<UL><LI><a href="#[1a0]">&gt;&gt;</a>&nbsp;&nbsp;&nbsp;std::__terminate(void(*)())
<LI><a href="#[1a2]">&gt;&gt;</a>&nbsp;&nbsp;&nbsp;__cxa_decrement_exception_refcount
</UL>
<BR>[Address Reference Count : 1]<UL><LI> cxa_exception.cpp.o(.text.__cxa_throw)
</UL>
<P><STRONG><a name="[d2]"></a>__cxa_end_cleanup_impl</STRONG> (Thumb, 96 bytes, Stack size 8 bytes, cxa_exception.cpp.o(.text.__cxa_end_cleanup_impl), UNUSED, KEPT)
<BR><BR>[Stack]<UL><LI>Max Depth = 1120 + Unknown Stack Size
<LI>Call Chain = __cxa_end_cleanup_impl &rArr; std::terminate() &rArr; std::__terminate(void(*)()) &rArr;  __cxa_begin_catch (Cycle)
</UL>
<BR>[Calls]<UL><LI><a href="#[d1]">&gt;&gt;</a>&nbsp;&nbsp;&nbsp;std::terminate()
<LI><a href="#[21b]">&gt;&gt;</a>&nbsp;&nbsp;&nbsp;__cxa_get_globals
</UL>

<P><STRONG><a name="[199]"></a>_ZN10__cxxabiv1L11scan_eh_tabERNS_12_GLOBAL__N_112scan_resultsE14_Unwind_ActionbP21_Unwind_Control_BlockP15_Unwind_Context</STRONG> (Thumb, 908 bytes, Stack size 96 bytes, cxa_personality.cpp.o(.text._ZN10__cxxabiv1L11scan_eh_tabERNS_12_GLOBAL__N_112scan_resultsE14_Unwind_ActionbP21_Unwind_Control_BlockP15_Unwind_Context))
<BR><BR>[Stack]<UL><LI>Max Depth = 160 + Unknown Stack Size
<LI>Call Chain = _ZN10__cxxabiv1L11scan_eh_tabERNS_12_GLOBAL__N_112scan_resultsE14_Unwind_ActionbP21_Unwind_Control_BlockP15_Unwind_Context &rArr; _Unwind_VRS_Get &rArr; abort &rArr; __rt_SIGABRT &rArr; __rt_SIGABRT_inner &rArr; __default_signal_display &rArr; _ttywrch
</UL>
<BR>[Calls]<UL><LI><a href="#[19a]">&gt;&gt;</a>&nbsp;&nbsp;&nbsp;__aeabi_memclr8
<LI><a href="#[17d]">&gt;&gt;</a>&nbsp;&nbsp;&nbsp;_Unwind_VRS_Get
<LI><a href="#[178]">&gt;&gt;</a>&nbsp;&nbsp;&nbsp;_Unwind_GetRegionStart
<LI><a href="#[176]">&gt;&gt;</a>&nbsp;&nbsp;&nbsp;_Unwind_GetLanguageSpecificData
<LI><a href="#[19d]">&gt;&gt;</a>&nbsp;&nbsp;&nbsp;_ZN10__cxxabiv1L24exception_spec_can_catchExPKhhPKNS_16__shim_type_infoEPvP21_Unwind_Control_Block
<LI><a href="#[19b]">&gt;&gt;</a>&nbsp;&nbsp;&nbsp;_ZN10__cxxabiv1L18readEncodedPointerEPPKhh
<LI><a href="#[19c]">&gt;&gt;</a>&nbsp;&nbsp;&nbsp;_ZN10__cxxabiv1L14call_terminateEbP21_Unwind_Control_Block
</UL>
<BR>[Called By]<UL><LI><a href="#[77]">&gt;&gt;</a>&nbsp;&nbsp;&nbsp;__gxx_personality_v0
</UL>

<P><STRONG><a name="[1a1]"></a>_ZN10__cxxabiv1L13set_registersEP21_Unwind_Control_BlockP15_Unwind_ContextRKNS_12_GLOBAL__N_112scan_resultsE</STRONG> (Thumb, 92 bytes, Stack size 32 bytes, cxa_personality.cpp.o(.text._ZN10__cxxabiv1L13set_registersEP21_Unwind_Control_BlockP15_Unwind_ContextRKNS_12_GLOBAL__N_112scan_resultsE))
<BR><BR>[Stack]<UL><LI>Max Depth = 104 + Unknown Stack Size
<LI>Call Chain = _ZN10__cxxabiv1L13set_registersEP21_Unwind_Control_BlockP15_Unwind_ContextRKNS_12_GLOBAL__N_112scan_resultsE &rArr; _Unwind_VRS_Set &rArr; __unw_set_reg
</UL>
<BR>[Calls]<UL><LI><a href="#[184]">&gt;&gt;</a>&nbsp;&nbsp;&nbsp;_Unwind_VRS_Set
<LI><a href="#[17d]">&gt;&gt;</a>&nbsp;&nbsp;&nbsp;_Unwind_VRS_Get
</UL>
<BR>[Called By]<UL><LI><a href="#[77]">&gt;&gt;</a>&nbsp;&nbsp;&nbsp;__gxx_personality_v0
</UL>

<P><STRONG><a name="[19c]"></a>_ZN10__cxxabiv1L14call_terminateEbP21_Unwind_Control_Block</STRONG> (Thumb, 26 bytes, Stack size 16 bytes, cxa_personality.cpp.o(.text._ZN10__cxxabiv1L14call_terminateEbP21_Unwind_Control_Block))
<BR><BR>[Stack]<UL><LI>Max Depth = 16 + In Cycle
<LI>Call Chain = _ZN10__cxxabiv1L14call_terminateEbP21_Unwind_Control_Block &rArr;  __cxa_begin_catch (Cycle)
</UL>
<BR>[Calls]<UL><LI><a href="#[19f]">&gt;&gt;</a>&nbsp;&nbsp;&nbsp;__cxa_begin_catch
<LI><a href="#[d1]">&gt;&gt;</a>&nbsp;&nbsp;&nbsp;std::terminate()
<LI><a href="#[1a0]">&gt;&gt;</a>&nbsp;&nbsp;&nbsp;std::__terminate(void(*)())
</UL>
<BR>[Called By]<UL><LI><a href="#[77]">&gt;&gt;</a>&nbsp;&nbsp;&nbsp;__gxx_personality_v0
<LI><a href="#[19d]">&gt;&gt;</a>&nbsp;&nbsp;&nbsp;_ZN10__cxxabiv1L24exception_spec_can_catchExPKhhPKNS_16__shim_type_infoEPvP21_Unwind_Control_Block
<LI><a href="#[199]">&gt;&gt;</a>&nbsp;&nbsp;&nbsp;_ZN10__cxxabiv1L11scan_eh_tabERNS_12_GLOBAL__N_112scan_resultsE14_Unwind_ActionbP21_Unwind_Control_BlockP15_Unwind_Context
<LI><a href="#[21a]">&gt;&gt;</a>&nbsp;&nbsp;&nbsp;__cxa_call_unexpected
</UL>

<P><STRONG><a name="[19b]"></a>_ZN10__cxxabiv1L18readEncodedPointerEPPKhh</STRONG> (Thumb, 298 bytes, Stack size 16 bytes, cxa_personality.cpp.o(.text._ZN10__cxxabiv1L18readEncodedPointerEPPKhh))
<BR><BR>[Stack]<UL><LI>Max Depth = 64 + Unknown Stack Size
<LI>Call Chain = _ZN10__cxxabiv1L18readEncodedPointerEPPKhh &rArr; abort &rArr; __rt_SIGABRT &rArr; __rt_SIGABRT_inner &rArr; __default_signal_display &rArr; _ttywrch
</UL>
<BR>[Calls]<UL><LI><a href="#[d0]">&gt;&gt;</a>&nbsp;&nbsp;&nbsp;abort
</UL>
<BR>[Called By]<UL><LI><a href="#[199]">&gt;&gt;</a>&nbsp;&nbsp;&nbsp;_ZN10__cxxabiv1L11scan_eh_tabERNS_12_GLOBAL__N_112scan_resultsE14_Unwind_ActionbP21_Unwind_Control_BlockP15_Unwind_Context
<LI><a href="#[21a]">&gt;&gt;</a>&nbsp;&nbsp;&nbsp;__cxa_call_unexpected
</UL>

<P><STRONG><a name="[19d]"></a>_ZN10__cxxabiv1L24exception_spec_can_catchExPKhhPKNS_16__shim_type_infoEPvP21_Unwind_Control_Block</STRONG> (Thumb, 66 bytes, Stack size 24 bytes, cxa_personality.cpp.o(.text._ZN10__cxxabiv1L24exception_spec_can_catchExPKhhPKNS_16__shim_type_infoEPvP21_Unwind_Control_Block))
<BR><BR>[Stack]<UL><LI>Max Depth = 40<LI>Call Chain = _ZN10__cxxabiv1L24exception_spec_can_catchExPKhhPKNS_16__shim_type_infoEPvP21_Unwind_Control_Block &rArr; _ZN10__cxxabiv1L14call_terminateEbP21_Unwind_Control_Block &rArr;  __cxa_begin_catch (Cycle)
</UL>
<BR>[Calls]<UL><LI><a href="#[19c]">&gt;&gt;</a>&nbsp;&nbsp;&nbsp;_ZN10__cxxabiv1L14call_terminateEbP21_Unwind_Control_Block
</UL>
<BR>[Called By]<UL><LI><a href="#[199]">&gt;&gt;</a>&nbsp;&nbsp;&nbsp;_ZN10__cxxabiv1L11scan_eh_tabERNS_12_GLOBAL__N_112scan_resultsE14_Unwind_ActionbP21_Unwind_Control_BlockP15_Unwind_Context
<LI><a href="#[21a]">&gt;&gt;</a>&nbsp;&nbsp;&nbsp;__cxa_call_unexpected
</UL>

<P><STRONG><a name="[17c]"></a>_ZL13unwind_phase2P13unw_context_tP12unw_cursor_tP21_Unwind_Control_Blockb</STRONG> (Thumb, 164 bytes, Stack size 80 bytes, Unwind-EHABI.cpp.o(.text._ZL13unwind_phase2P13unw_context_tP12unw_cursor_tP21_Unwind_Control_Blockb))
<BR><BR>[Stack]<UL><LI>Max Depth = 208 + Unknown Stack Size
<LI>Call Chain = _ZL13unwind_phase2P13unw_context_tP12unw_cursor_tP21_Unwind_Control_Blockb &rArr; __unw_init_local &rArr; libunwind::UnwindCursor&lang;libunwind::LocalAddressSpace, libunwind::Registers_arm&rang;::setInfoBasedOnIPRegister(bool) &rArr; libunwind::UnwindCursor&lang;libunwind::LocalAddressSpace, libunwind::Registers_arm&rang;::getInfoFromEHABISection(unsigned, const libunwind::UnwindInfoSections&) &rArr; abort &rArr; __rt_SIGABRT &rArr; __rt_SIGABRT_inner &rArr; __default_signal_display &rArr; _ttywrch
</UL>
<BR>[Calls]<UL><LI><a href="#[d0]">&gt;&gt;</a>&nbsp;&nbsp;&nbsp;abort
<LI><a href="#[182]">&gt;&gt;</a>&nbsp;&nbsp;&nbsp;__unw_set_reg
<LI><a href="#[18c]">&gt;&gt;</a>&nbsp;&nbsp;&nbsp;__unw_resume
<LI><a href="#[17b]">&gt;&gt;</a>&nbsp;&nbsp;&nbsp;__unw_init_local
<LI><a href="#[17e]">&gt;&gt;</a>&nbsp;&nbsp;&nbsp;__unw_get_reg
<LI><a href="#[177]">&gt;&gt;</a>&nbsp;&nbsp;&nbsp;__unw_get_proc_info
</UL>
<BR>[Called By]<UL><LI><a href="#[172]">&gt;&gt;</a>&nbsp;&nbsp;&nbsp;_Unwind_Resume
<LI><a href="#[179]">&gt;&gt;</a>&nbsp;&nbsp;&nbsp;_Unwind_RaiseException
</UL>

<P><STRONG><a name="[1c1]"></a>&lang;unnamed namespace 1&rang;::unwindOneFrame(unsigned, _Unwind_Control_Block*, _Unwind_Context*)</STRONG> (Thumb, 60 bytes, Stack size 56 bytes, Unwind-EHABI.cpp.o(.text._ZN12_GLOBAL__N_114unwindOneFrameEjP21_Unwind_Control_BlockP15_Unwind_Context))
<BR><BR>[Stack]<UL><LI>Max Depth = 64<LI>Call Chain = &lang;unnamed namespace 1&rang;::unwindOneFrame(unsigned, _Unwind_Control_Block*, _Unwind_Context*) &rArr; __unw_get_proc_info
</UL>
<BR>[Calls]<UL><LI><a href="#[1c2]">&gt;&gt;</a>&nbsp;&nbsp;&nbsp;__unw_step
<LI><a href="#[177]">&gt;&gt;</a>&nbsp;&nbsp;&nbsp;__unw_get_proc_info
</UL>
<BR>[Called By]<UL><LI><a href="#[6e]">&gt;&gt;</a>&nbsp;&nbsp;&nbsp;__aeabi_unwind_cpp_pr0
<LI><a href="#[6f]">&gt;&gt;</a>&nbsp;&nbsp;&nbsp;__aeabi_unwind_cpp_pr1
<LI><a href="#[70]">&gt;&gt;</a>&nbsp;&nbsp;&nbsp;__aeabi_unwind_cpp_pr2
</UL>

<P><STRONG><a name="[196]"></a>&lang;unnamed namespace 1&rang;::fallback_free(void*)</STRONG> (Thumb, 140 bytes, Stack size 28 bytes, fallback_malloc.cpp.o(.text._ZN12_GLOBAL__N_113fallback_freeEPv))
<BR><BR>[Stack]<UL><LI>Max Depth = 28<LI>Call Chain = &lang;unnamed namespace 1&rang;::fallback_free(void*)
</UL>
<BR>[Called By]<UL><LI><a href="#[195]">&gt;&gt;</a>&nbsp;&nbsp;&nbsp;__cxxabiv1::__aligned_free_with_fallback(void*)
</UL>

<P><STRONG><a name="[198]"></a>&lang;unnamed namespace 1&rang;::fallback_malloc(unsigned)</STRONG> (Thumb, 146 bytes, Stack size 8 bytes, fallback_malloc.cpp.o(.text._ZN12_GLOBAL__N_115fallback_mallocEj))
<BR><BR>[Stack]<UL><LI>Max Depth = 8<LI>Call Chain = &lang;unnamed namespace 1&rang;::fallback_malloc(unsigned)
</UL>
<BR>[Called By]<UL><LI><a href="#[197]">&gt;&gt;</a>&nbsp;&nbsp;&nbsp;__cxxabiv1::__aligned_malloc_with_fallback(unsigned)
</UL>
<P>
<H3>
Undefined Global Symbols
</H3><HR></body></html>
