Component: Arm Compiler for Embedded 6.18 Tool: armlink [5e4cc100]

==============================================================================

Section Cross References

    can.o(.text.MX_CAN1_Init) refers to can.o(.bss.hcan1) for hcan1
    can.o(.text.MX_CAN1_Init) refers to stm32f4xx_hal_can.o(.text.HAL_CAN_Init) for HAL_CAN_Init
    can.o(.text.MX_CAN1_Init) refers to main.o(.text.Error_Handler) for Error_Handler
    can.o(.ARM.exidx.text.MX_CAN1_Init) refers to can.o(.text.MX_CAN1_Init) for [Anonymous Symbol]
    can.o(.text.MX_CAN2_Init) refers to can.o(.bss.hcan2) for hcan2
    can.o(.text.MX_CAN2_Init) refers to stm32f4xx_hal_can.o(.text.HAL_CAN_Init) for HAL_CAN_Init
    can.o(.text.MX_CAN2_Init) refers to main.o(.text.Error_Handler) for Error_Handler
    can.o(.ARM.exidx.text.MX_CAN2_Init) refers to can.o(.text.MX_CAN2_Init) for [Anonymous Symbol]
    can.o(.text.HAL_CAN_MspInit) refers to can.o(.bss.HAL_RCC_CAN1_CLK_ENABLED) for HAL_RCC_CAN1_CLK_ENABLED
    can.o(.text.HAL_CAN_MspInit) refers to stm32f4xx_hal_gpio.o(.text.HAL_GPIO_Init) for HAL_GPIO_Init
    can.o(.text.HAL_CAN_MspInit) refers to stm32f4xx_hal_cortex.o(.text.HAL_NVIC_SetPriority) for HAL_NVIC_SetPriority
    can.o(.text.HAL_CAN_MspInit) refers to stm32f4xx_hal_cortex.o(.text.HAL_NVIC_EnableIRQ) for HAL_NVIC_EnableIRQ
    can.o(.ARM.exidx.text.HAL_CAN_MspInit) refers to can.o(.text.HAL_CAN_MspInit) for [Anonymous Symbol]
    can.o(.text.HAL_CAN_MspDeInit) refers to can.o(.bss.HAL_RCC_CAN1_CLK_ENABLED) for HAL_RCC_CAN1_CLK_ENABLED
    can.o(.text.HAL_CAN_MspDeInit) refers to stm32f4xx_hal_gpio.o(.text.HAL_GPIO_DeInit) for HAL_GPIO_DeInit
    can.o(.text.HAL_CAN_MspDeInit) refers to stm32f4xx_hal_cortex.o(.text.HAL_NVIC_DisableIRQ) for HAL_NVIC_DisableIRQ
    can.o(.ARM.exidx.text.HAL_CAN_MspDeInit) refers to can.o(.text.HAL_CAN_MspDeInit) for [Anonymous Symbol]
    dma.o(.text.MX_DMA_Init) refers to stm32f4xx_hal_cortex.o(.text.HAL_NVIC_SetPriority) for HAL_NVIC_SetPriority
    dma.o(.text.MX_DMA_Init) refers to stm32f4xx_hal_cortex.o(.text.HAL_NVIC_EnableIRQ) for HAL_NVIC_EnableIRQ
    dma.o(.ARM.exidx.text.MX_DMA_Init) refers to dma.o(.text.MX_DMA_Init) for [Anonymous Symbol]
    freertos.o(.text.MX_FREERTOS_Init) refers to freertos.o(.text.StartDefaultTask) for StartDefaultTask
    freertos.o(.text.MX_FREERTOS_Init) refers to freertos.o(.rodata.defaultTask_attributes) for defaultTask_attributes
    freertos.o(.text.MX_FREERTOS_Init) refers to cmsis_os2.o(.text.osThreadNew) for osThreadNew
    freertos.o(.text.MX_FREERTOS_Init) refers to freertos.o(.bss..L_MergedGlobals) for .L_MergedGlobals
    freertos.o(.text.MX_FREERTOS_Init) refers to ChassisTask.o(.text.ChassisTask) for ChassisTask
    freertos.o(.text.MX_FREERTOS_Init) refers to freertos.o(.rodata.chassisTask_attributes) for chassisTask_attributes
    freertos.o(.text.MX_FREERTOS_Init) refers to CommunicationTask.o(.text.CommunicationTask) for CommunicationTask
    freertos.o(.text.MX_FREERTOS_Init) refers to CommunicationTask.o(.text.CommunicationTask) for CommunicationTask
    freertos.o(.text.MX_FREERTOS_Init) refers to freertos.o(.rodata.communicationTa_attributes) for communicationTa_attributes
    freertos.o(.text.MX_FREERTOS_Init) refers to RefeeTask.o(.text.RefeeTask) for RefeeTask
    freertos.o(.text.MX_FREERTOS_Init) refers to freertos.o(.rodata.refeeTask_attributes) for refeeTask_attributes
    freertos.o(.text.MX_FREERTOS_Init) refers to PowerTask.o(.text.RLSTask) for RLSTask
    freertos.o(.text.MX_FREERTOS_Init) refers to freertos.o(.rodata.rlsTask_attributes) for rlsTask_attributes
    freertos.o(.text.MX_FREERTOS_Init) refers to EvenTask.o(.text.EventTask) for EventTask
    freertos.o(.text.MX_FREERTOS_Init) refers to freertos.o(.rodata.eventTask_attributes) for eventTask_attributes
    freertos.o(.ARM.exidx.text.MX_FREERTOS_Init) refers to freertos.o(.text.MX_FREERTOS_Init) for [Anonymous Symbol]
    freertos.o(.text.StartDefaultTask) refers to cmsis_os2.o(.text.osDelay) for osDelay
    freertos.o(.ARM.exidx.text.StartDefaultTask) refers to freertos.o(.text.StartDefaultTask) for [Anonymous Symbol]
    freertos.o(.rodata.defaultTask_attributes) refers to freertos.o(.rodata.str1.1) for [Anonymous Symbol]
    freertos.o(.rodata.chassisTask_attributes) refers to freertos.o(.rodata.str1.1) for [Anonymous Symbol]
    freertos.o(.rodata.communicationTa_attributes) refers to freertos.o(.rodata.str1.1) for [Anonymous Symbol]
    freertos.o(.rodata.refeeTask_attributes) refers to freertos.o(.rodata.str1.1) for [Anonymous Symbol]
    freertos.o(.rodata.rlsTask_attributes) refers to freertos.o(.rodata.str1.1) for [Anonymous Symbol]
    freertos.o(.rodata.eventTask_attributes) refers to freertos.o(.rodata.str1.1) for [Anonymous Symbol]
    gpio.o(.ARM.exidx.text.MX_GPIO_Init) refers to gpio.o(.text.MX_GPIO_Init) for [Anonymous Symbol]
    main.o(.text.main) refers to stm32f4xx_hal.o(.text.HAL_Init) for HAL_Init
[...]
    private_typeinfo.cpp.o(.rodata._ZTVN10__cxxabiv116__shim_type_infoE) refers to private_typeinfo.cpp.o(.text._ZN10__cxxabiv116__shim_type_infoD2Ev) for __cxxabiv1::__shim_type_info::~__shim_type_info__sub_object()
    private_typeinfo.cpp.o(.rodata._ZTVN10__cxxabiv116__shim_type_infoE) refers to private_typeinfo.cpp.o(.text._ZN10__cxxabiv116__shim_type_infoD0Ev) for __cxxabiv1::__shim_type_info::~__shim_type_info__deallocating()
    private_typeinfo.cpp.o(.rodata._ZTVN10__cxxabiv116__shim_type_infoE) refers to private_typeinfo.cpp.o(.text._ZNK10__cxxabiv116__shim_type_info5noop1Ev) for __cxxabiv1::__shim_type_info::noop1() const
    private_typeinfo.cpp.o(.rodata._ZTVN10__cxxabiv116__shim_type_infoE) refers to private_typeinfo.cpp.o(.text._ZNK10__cxxabiv116__shim_type_info5noop2Ev) for __cxxabiv1::__shim_type_info::noop2() const
    private_typeinfo.cpp.o(.rodata._ZTVN10__cxxabiv116__shim_type_infoE) refers to cxa_virtual.cpp.o(.text.__cxa_pure_virtual) for __cxa_pure_virtual
    private_typeinfo.cpp.o(.rodata._ZTVN10__cxxabiv123__fundamental_type_infoE) refers to private_typeinfo.cpp.o(.rodata._ZTIN10__cxxabiv123__fundamental_type_infoE) for typeinfo for __cxxabiv1::__fundamental_type_info
    private_typeinfo.cpp.o(.rodata._ZTVN10__cxxabiv123__fundamental_type_infoE) refers to private_typeinfo.cpp.o(.text._ZN10__cxxabiv116__shim_type_infoD2Ev) for __cxxabiv1::__shim_type_info::~__shim_type_info__sub_object()
    private_typeinfo.cpp.o(.rodata._ZTVN10__cxxabiv123__fundamental_type_infoE) refers to private_typeinfo.cpp.o(.text._ZN10__cxxabiv123__fundamental_type_infoD0Ev) for __cxxabiv1::__fundamental_type_info::~__fundamental_type_info__deallocating()
    private_typeinfo.cpp.o(.rodata._ZTVN10__cxxabiv123__fundamental_type_infoE) refers to private_typeinfo.cpp.o(.text._ZNK10__cxxabiv116__shim_type_info5noop1Ev) for __cxxabiv1::__shim_type_info::noop1() const
    private_typeinfo.cpp.o(.rodata._ZTVN10__cxxabiv123__fundamental_type_infoE) refers to private_typeinfo.cpp.o(.text._ZNK10__cxxabiv116__shim_type_info5noop2Ev) for __cxxabiv1::__shim_type_info::noop2() const
    private_typeinfo.cpp.o(.rodata._ZTVN10__cxxabiv123__fundamental_type_infoE) refers to private_typeinfo.cpp.o(.text._ZNK10__cxxabiv123__fundamental_type_info9can_catchEPKNS_16__shim_type_infoERPv) for __cxxabiv1::__fundamental_type_info::can_catch(__cxxabiv1::__shim_type_info const*, void*&) const
    private_typeinfo.cpp.o(.rodata._ZTIN10__cxxabiv123__fundamental_type_infoE) refers to private_typeinfo.cpp.o(.rodata._ZTVN10__cxxabiv120__si_class_type_infoE) for vtable for __cxxabiv1::__si_class_type_info
    private_typeinfo.cpp.o(.rodata._ZTIN10__cxxabiv123__fundamental_type_infoE) refers to private_typeinfo.cpp.o(.rodata._ZTSN10__cxxabiv123__fundamental_type_infoE) for typeinfo name for __cxxabiv1::__fundamental_type_info
    private_typeinfo.cpp.o(.rodata._ZTIN10__cxxabiv123__fundamental_type_infoE) refers to private_typeinfo.cpp.o(.rodata._ZTIN10__cxxabiv116__shim_type_infoE) for typeinfo for __cxxabiv1::__shim_type_info
    private_typeinfo.cpp.o(.rodata._ZTIv) refers to private_typeinfo.cpp.o(.rodata._ZTVN10__cxxabiv123__fundamental_type_infoE) for vtable for __cxxabiv1::__fundamental_type_info
    private_typeinfo.cpp.o(.rodata._ZTIv) refers to private_typeinfo.cpp.o(.rodata._ZTSv) for typeinfo name for void
    private_typeinfo.cpp.o(.rodata._ZTIPv) refers to private_typeinfo.cpp.o(.rodata._ZTVN10__cxxabiv119__pointer_type_infoE) for vtable for __cxxabiv1::__pointer_type_info
    private_typeinfo.cpp.o(.rodata._ZTIPv) refers to private_typeinfo.cpp.o(.rodata._ZTSPv) for typeinfo name for void*
    private_typeinfo.cpp.o(.rodata._ZTIPv) refers to private_typeinfo.cpp.o(.rodata._ZTIv) for typeinfo for void
    private_typeinfo.cpp.o(.rodata._ZTIPKv) refers to private_typeinfo.cpp.o(.rodata._ZTVN10__cxxabiv119__pointer_type_infoE) for vtable for __cxxabiv1::__pointer_type_info
    private_typeinfo.cpp.o(.rodata._ZTIPKv) refers to private_typeinfo.cpp.o(.rodata._ZTSPKv) for typeinfo name for void const*
    private_typeinfo.cpp.o(.rodata._ZTIPKv) refers to private_typeinfo.cpp.o(.rodata._ZTIv) for typeinfo for void
    private_typeinfo.cpp.o(.rodata._ZTIDn) refers to private_typeinfo.cpp.o(.rodata._ZTVN10__cxxabiv123__fundamental_type_infoE) for vtable for __cxxabiv1::__fundamental_type_info
    private_typeinfo.cpp.o(.rodata._ZTIDn) refers to private_typeinfo.cpp.o(.rodata._ZTSDn) for typeinfo name for std::nullptr_t
    private_typeinfo.cpp.o(.rodata._ZTIPDn) refers to private_typeinfo.cpp.o(.rodata._ZTVN10__cxxabiv119__pointer_type_infoE) for vtable for __cxxabiv1::__pointer_type_info
    private_typeinfo.cpp.o(.rodata._ZTIPDn) refers to private_typeinfo.cpp.o(.rodata._ZTSPDn) for typeinfo name for std::nullptr_t*
    private_typeinfo.cpp.o(.rodata._ZTIPDn) refers to private_typeinfo.cpp.o(.rodata._ZTIDn) for typeinfo for std::nullptr_t
    private_typeinfo.cpp.o(.rodata._ZTIPKDn) refers to private_typeinfo.cpp.o(.rodata._ZTVN10__cxxabiv119__pointer_type_infoE) for vtable for __cxxabiv1::__pointer_type_info
    private_typeinfo.cpp.o(.rodata._ZTIPKDn) refers to private_typeinfo.cpp.o(.rodata._ZTSPKDn) for typeinfo name for std::nullptr_t const*
    private_typeinfo.cpp.o(.rodata._ZTIPKDn) refers to private_typeinfo.cpp.o(.rodata._ZTIDn) for typeinfo for std::nullptr_t
    private_typeinfo.cpp.o(.rodata._ZTIb) refers to private_typeinfo.cpp.o(.rodata._ZTVN10__cxxabiv123__fundamental_type_infoE) for vtable for __cxxabiv1::__fundamental_type_info
    private_typeinfo.cpp.o(.rodata._ZTIb) refers to private_typeinfo.cpp.o(.rodata._ZTSb) for typeinfo name for bool
    private_typeinfo.cpp.o(.rodata._ZTIPb) refers to private_typeinfo.cpp.o(.rodata._ZTVN10__cxxabiv119__pointer_type_infoE) for vtable for __cxxabiv1::__pointer_type_info
    private_typeinfo.cpp.o(.rodata._ZTIPb) refers to private_typeinfo.cpp.o(.rodata._ZTSPb) for typeinfo name for bool*
    private_typeinfo.cpp.o(.rodata._ZTIPb) refers to private_typeinfo.cpp.o(.rodata._ZTIb) for typeinfo for bool
    private_typeinfo.cpp.o(.rodata._ZTIPKb) refers to private_typeinfo.cpp.o(.rodata._ZTVN10__cxxabiv119__pointer_type_infoE) for vtable for __cxxabiv1::__pointer_type_info
    private_typeinfo.cpp.o(.rodata._ZTIPKb) refers to private_typeinfo.cpp.o(.rodata._ZTSPKb) for typeinfo name for bool const*
    private_typeinfo.cpp.o(.rodata._ZTIPKb) refers to private_typeinfo.cpp.o(.rodata._ZTIb) for typeinfo for bool
    private_typeinfo.cpp.o(.rodata._ZTIw) refers to private_typeinfo.cpp.o(.rodata._ZTVN10__cxxabiv123__fundamental_type_infoE) for vtable for __cxxabiv1::__fundamental_type_info
    private_typeinfo.cpp.o(.rodata._ZTIw) refers to private_typeinfo.cpp.o(.rodata._ZTSw) for typeinfo name for wchar_t
    private_typeinfo.cpp.o(.rodata._ZTIPw) refers to private_typeinfo.cpp.o(.rodata._ZTVN10__cxxabiv119__pointer_type_infoE) for vtable for __cxxabiv1::__pointer_type_info
    private_typeinfo.cpp.o(.rodata._ZTIPw) refers to private_typeinfo.cpp.o(.rodata._ZTSPw) for typeinfo name for wchar_t*
    private_typeinfo.cpp.o(.rodata._ZTIPw) refers to private_typeinfo.cpp.o(.rodata._ZTIw) for typeinfo for wchar_t
    private_typeinfo.cpp.o(.rodata._ZTIPKw) refers to private_typeinfo.cpp.o(.rodata._ZTVN10__cxxabiv119__pointer_type_infoE) for vtable for __cxxabiv1::__pointer_type_info
    private_typeinfo.cpp.o(.rodata._ZTIPKw) refers to private_typeinfo.cpp.o(.rodata._ZTSPKw) for typeinfo name for wchar_t const*
    private_typeinfo.cpp.o(.rodata._ZTIPKw) refers to private_typeinfo.cpp.o(.rodata._ZTIw) for typeinfo for wchar_t
    private_typeinfo.cpp.o(.rodata._ZTIc) refers to private_typeinfo.cpp.o(.rodata._ZTVN10__cxxabiv123__fundamental_type_infoE) for vtable for __cxxabiv1::__fundamental_type_info
    private_typeinfo.cpp.o(.rodata._ZTIc) refers to private_typeinfo.cpp.o(.rodata._ZTSc) for typeinfo name for char
    private_typeinfo.cpp.o(.rodata._ZTIPc) refers to private_typeinfo.cpp.o(.rodata._ZTVN10__cxxabiv119__pointer_type_infoE) for vtable for __cxxabiv1::__pointer_type_info
    private_typeinfo.cpp.o(.rodata._ZTIPc) refers to private_typeinfo.cpp.o(.rodata._ZTSPc) for typeinfo name for char*
    private_typeinfo.cpp.o(.rodata._ZTIPc) refers to private_typeinfo.cpp.o(.rodata._ZTIc) for typeinfo for char
    private_typeinfo.cpp.o(.rodata._ZTIPKc) refers to private_typeinfo.cpp.o(.rodata._ZTVN10__cxxabiv119__pointer_type_infoE) for vtable for __cxxabiv1::__pointer_type_info
    private_typeinfo.cpp.o(.rodata._ZTIPKc) refers to private_typeinfo.cpp.o(.rodata._ZTSPKc) for typeinfo name for char const*
    private_typeinfo.cpp.o(.rodata._ZTIPKc) refers to private_typeinfo.cpp.o(.rodata._ZTIc) for typeinfo for char
    private_typeinfo.cpp.o(.rodata._ZTIh) refers to private_typeinfo.cpp.o(.rodata._ZTVN10__cxxabiv123__fundamental_type_infoE) for vtable for __cxxabiv1::__fundamental_type_info
    private_typeinfo.cpp.o(.rodata._ZTIh) refers to private_typeinfo.cpp.o(.rodata._ZTSh) for typeinfo name for unsigned char
    private_typeinfo.cpp.o(.rodata._ZTIPh) refers to private_typeinfo.cpp.o(.rodata._ZTVN10__cxxabiv119__pointer_type_infoE) for vtable for __cxxabiv1::__pointer_type_info
    private_typeinfo.cpp.o(.rodata._ZTIPh) refers to private_typeinfo.cpp.o(.rodata._ZTSPh) for typeinfo name for unsigned char*
    private_typeinfo.cpp.o(.rodata._ZTIPh) refers to private_typeinfo.cpp.o(.rodata._ZTIh) for typeinfo for unsigned char
    private_typeinfo.cpp.o(.rodata._ZTIPKh) refers to private_typeinfo.cpp.o(.rodata._ZTVN10__cxxabiv119__pointer_type_infoE) for vtable for __cxxabiv1::__pointer_type_info
    private_typeinfo.cpp.o(.rodata._ZTIPKh) refers to private_typeinfo.cpp.o(.rodata._ZTSPKh) for typeinfo name for unsigned char const*
    private_typeinfo.cpp.o(.rodata._ZTIPKh) refers to private_typeinfo.cpp.o(.rodata._ZTIh) for typeinfo for unsigned char
    private_typeinfo.cpp.o(.rodata._ZTIa) refers to private_typeinfo.cpp.o(.rodata._ZTVN10__cxxabiv123__fundamental_type_infoE) for vtable for __cxxabiv1::__fundamental_type_info
    private_typeinfo.cpp.o(.rodata._ZTIa) refers to private_typeinfo.cpp.o(.rodata._ZTSa) for typeinfo name for signed char
    private_typeinfo.cpp.o(.rodata._ZTIPa) refers to private_typeinfo.cpp.o(.rodata._ZTVN10__cxxabiv119__pointer_type_infoE) for vtable for __cxxabiv1::__pointer_type_info
    private_typeinfo.cpp.o(.rodata._ZTIPa) refers to private_typeinfo.cpp.o(.rodata._ZTSPa) for typeinfo name for signed char*
    private_typeinfo.cpp.o(.rodata._ZTIPa) refers to private_typeinfo.cpp.o(.rodata._ZTIa) for typeinfo for signed char
    private_typeinfo.cpp.o(.rodata._ZTIPKa) refers to private_typeinfo.cpp.o(.rodata._ZTVN10__cxxabiv119__pointer_type_infoE) for vtable for __cxxabiv1::__pointer_type_info
    private_typeinfo.cpp.o(.rodata._ZTIPKa) refers to private_typeinfo.cpp.o(.rodata._ZTSPKa) for typeinfo name for signed char const*
    private_typeinfo.cpp.o(.rodata._ZTIPKa) refers to private_typeinfo.cpp.o(.rodata._ZTIa) for typeinfo for signed char
    private_typeinfo.cpp.o(.rodata._ZTIs) refers to private_typeinfo.cpp.o(.rodata._ZTVN10__cxxabiv123__fundamental_type_infoE) for vtable for __cxxabiv1::__fundamental_type_info
    private_typeinfo.cpp.o(.rodata._ZTIs) refers to private_typeinfo.cpp.o(.rodata._ZTSs) for typeinfo name for short
    private_typeinfo.cpp.o(.rodata._ZTIPs) refers to private_typeinfo.cpp.o(.rodata._ZTVN10__cxxabiv119__pointer_type_infoE) for vtable for __cxxabiv1::__pointer_type_info
    private_typeinfo.cpp.o(.rodata._ZTIPs) refers to private_typeinfo.cpp.o(.rodata._ZTSPs) for typeinfo name for short*
    private_typeinfo.cpp.o(.rodata._ZTIPs) refers to private_typeinfo.cpp.o(.rodata._ZTIs) for typeinfo for short
    private_typeinfo.cpp.o(.rodata._ZTIPKs) refers to private_typeinfo.cpp.o(.rodata._ZTVN10__cxxabiv119__pointer_type_infoE) for vtable for __cxxabiv1::__pointer_type_info
    private_typeinfo.cpp.o(.rodata._ZTIPKs) refers to private_typeinfo.cpp.o(.rodata._ZTSPKs) for typeinfo name for short const*
    private_typeinfo.cpp.o(.rodata._ZTIPKs) refers to private_typeinfo.cpp.o(.rodata._ZTIs) for typeinfo for short
    private_typeinfo.cpp.o(.rodata._ZTIt) refers to private_typeinfo.cpp.o(.rodata._ZTVN10__cxxabiv123__fundamental_type_infoE) for vtable for __cxxabiv1::__fundamental_type_info
    private_typeinfo.cpp.o(.rodata._ZTIt) refers to private_typeinfo.cpp.o(.rodata._ZTSt) for typeinfo name for unsigned short
    private_typeinfo.cpp.o(.rodata._ZTIPt) refers to private_typeinfo.cpp.o(.rodata._ZTVN10__cxxabiv119__pointer_type_infoE) for vtable for __cxxabiv1::__pointer_type_info
    private_typeinfo.cpp.o(.rodata._ZTIPt) refers to private_typeinfo.cpp.o(.rodata._ZTSPt) for typeinfo name for unsigned short*
    private_typeinfo.cpp.o(.rodata._ZTIPt) refers to private_typeinfo.cpp.o(.rodata._ZTIt) for typeinfo for unsigned short
    private_typeinfo.cpp.o(.rodata._ZTIPKt) refers to private_typeinfo.cpp.o(.rodata._ZTVN10__cxxabiv119__pointer_type_infoE) for vtable for __cxxabiv1::__pointer_type_info
    private_typeinfo.cpp.o(.rodata._ZTIPKt) refers to private_typeinfo.cpp.o(.rodata._ZTSPKt) for typeinfo name for unsigned short const*
    private_typeinfo.cpp.o(.rodata._ZTIPKt) refers to private_typeinfo.cpp.o(.rodata._ZTIt) for typeinfo for unsigned short
    private_typeinfo.cpp.o(.rodata._ZTIi) refers to private_typeinfo.cpp.o(.rodata._ZTVN10__cxxabiv123__fundamental_type_infoE) for vtable for __cxxabiv1::__fundamental_type_info
    private_typeinfo.cpp.o(.rodata._ZTIi) refers to private_typeinfo.cpp.o(.rodata._ZTSi) for typeinfo name for int
    private_typeinfo.cpp.o(.rodata._ZTIPi) refers to private_typeinfo.cpp.o(.rodata._ZTVN10__cxxabiv119__pointer_type_infoE) for vtable for __cxxabiv1::__pointer_type_info
    private_typeinfo.cpp.o(.rodata._ZTIPi) refers to private_typeinfo.cpp.o(.rodata._ZTSPi) for typeinfo name for int*
    private_typeinfo.cpp.o(.rodata._ZTIPi) refers to private_typeinfo.cpp.o(.rodata._ZTIi) for typeinfo for int
    private_typeinfo.cpp.o(.rodata._ZTIPKi) refers to private_typeinfo.cpp.o(.rodata._ZTVN10__cxxabiv119__pointer_type_infoE) for vtable for __cxxabiv1::__pointer_type_info
    private_typeinfo.cpp.o(.rodata._ZTIPKi) refers to private_typeinfo.cpp.o(.rodata._ZTSPKi) for typeinfo name for int const*
    private_typeinfo.cpp.o(.rodata._ZTIPKi) refers to private_typeinfo.cpp.o(.rodata._ZTIi) for typeinfo for int
    private_typeinfo.cpp.o(.rodata._ZTIj) refers to private_typeinfo.cpp.o(.rodata._ZTVN10__cxxabiv123__fundamental_type_infoE) for vtable for __cxxabiv1::__fundamental_type_info
    private_typeinfo.cpp.o(.rodata._ZTIj) refers to private_typeinfo.cpp.o(.rodata._ZTSj) for typeinfo name for unsigned int
    private_typeinfo.cpp.o(.rodata._ZTIPj) refers to private_typeinfo.cpp.o(.rodata._ZTVN10__cxxabiv119__pointer_type_infoE) for vtable for __cxxabiv1::__pointer_type_info
    private_typeinfo.cpp.o(.rodata._ZTIPj) refers to private_typeinfo.cpp.o(.rodata._ZTSPj) for typeinfo name for unsigned int*
    private_typeinfo.cpp.o(.rodata._ZTIPj) refers to private_typeinfo.cpp.o(.rodata._ZTIj) for typeinfo for unsigned int
    private_typeinfo.cpp.o(.rodata._ZTIPKj) refers to private_typeinfo.cpp.o(.rodata._ZTVN10__cxxabiv119__pointer_type_infoE) for vtable for __cxxabiv1::__pointer_type_info
    private_typeinfo.cpp.o(.rodata._ZTIPKj) refers to private_typeinfo.cpp.o(.rodata._ZTSPKj) for typeinfo name for unsigned int const*
    private_typeinfo.cpp.o(.rodata._ZTIPKj) refers to private_typeinfo.cpp.o(.rodata._ZTIj) for typeinfo for unsigned int
    private_typeinfo.cpp.o(.rodata._ZTIl) refers to private_typeinfo.cpp.o(.rodata._ZTVN10__cxxabiv123__fundamental_type_infoE) for vtable for __cxxabiv1::__fundamental_type_info
    private_typeinfo.cpp.o(.rodata._ZTIl) refers to private_typeinfo.cpp.o(.rodata._ZTSl) for typeinfo name for long
    private_typeinfo.cpp.o(.rodata._ZTIPl) refers to private_typeinfo.cpp.o(.rodata._ZTVN10__cxxabiv119__pointer_type_infoE) for vtable for __cxxabiv1::__pointer_type_info
    private_typeinfo.cpp.o(.rodata._ZTIPl) refers to private_typeinfo.cpp.o(.rodata._ZTSPl) for typeinfo name for long*
    private_typeinfo.cpp.o(.rodata._ZTIPl) refers to private_typeinfo.cpp.o(.rodata._ZTIl) for typeinfo for long
    private_typeinfo.cpp.o(.rodata._ZTIPKl) refers to private_typeinfo.cpp.o(.rodata._ZTVN10__cxxabiv119__pointer_type_infoE) for vtable for __cxxabiv1::__pointer_type_info
    private_typeinfo.cpp.o(.rodata._ZTIPKl) refers to private_typeinfo.cpp.o(.rodata._ZTSPKl) for typeinfo name for long const*
    private_typeinfo.cpp.o(.rodata._ZTIPKl) refers to private_typeinfo.cpp.o(.rodata._ZTIl) for typeinfo for long
    private_typeinfo.cpp.o(.rodata._ZTIm) refers to private_typeinfo.cpp.o(.rodata._ZTVN10__cxxabiv123__fundamental_type_infoE) for vtable for __cxxabiv1::__fundamental_type_info
    private_typeinfo.cpp.o(.rodata._ZTIm) refers to private_typeinfo.cpp.o(.rodata._ZTSm) for typeinfo name for unsigned long
    private_typeinfo.cpp.o(.rodata._ZTIPm) refers to private_typeinfo.cpp.o(.rodata._ZTVN10__cxxabiv119__pointer_type_infoE) for vtable for __cxxabiv1::__pointer_type_info
    private_typeinfo.cpp.o(.rodata._ZTIPm) refers to private_typeinfo.cpp.o(.rodata._ZTSPm) for typeinfo name for unsigned long*
    private_typeinfo.cpp.o(.rodata._ZTIPm) refers to private_typeinfo.cpp.o(.rodata._ZTIm) for typeinfo for unsigned long
    private_typeinfo.cpp.o(.rodata._ZTIPKm) refers to private_typeinfo.cpp.o(.rodata._ZTVN10__cxxabiv119__pointer_type_infoE) for vtable for __cxxabiv1::__pointer_type_info
    private_typeinfo.cpp.o(.rodata._ZTIPKm) refers to private_typeinfo.cpp.o(.rodata._ZTSPKm) for typeinfo name for unsigned long const*
    private_typeinfo.cpp.o(.rodata._ZTIPKm) refers to private_typeinfo.cpp.o(.rodata._ZTIm) for typeinfo for unsigned long
    private_typeinfo.cpp.o(.rodata._ZTIx) refers to private_typeinfo.cpp.o(.rodata._ZTVN10__cxxabiv123__fundamental_type_infoE) for vtable for __cxxabiv1::__fundamental_type_info
    private_typeinfo.cpp.o(.rodata._ZTIx) refers to private_typeinfo.cpp.o(.rodata._ZTSx) for typeinfo name for long long
    private_typeinfo.cpp.o(.rodata._ZTIPx) refers to private_typeinfo.cpp.o(.rodata._ZTVN10__cxxabiv119__pointer_type_infoE) for vtable for __cxxabiv1::__pointer_type_info
    private_typeinfo.cpp.o(.rodata._ZTIPx) refers to private_typeinfo.cpp.o(.rodata._ZTSPx) for typeinfo name for long long*
    private_typeinfo.cpp.o(.rodata._ZTIPx) refers to private_typeinfo.cpp.o(.rodata._ZTIx) for typeinfo for long long
    private_typeinfo.cpp.o(.rodata._ZTIPKx) refers to private_typeinfo.cpp.o(.rodata._ZTVN10__cxxabiv119__pointer_type_infoE) for vtable for __cxxabiv1::__pointer_type_info
    private_typeinfo.cpp.o(.rodata._ZTIPKx) refers to private_typeinfo.cpp.o(.rodata._ZTSPKx) for typeinfo name for long long const*
    private_typeinfo.cpp.o(.rodata._ZTIPKx) refers to private_typeinfo.cpp.o(.rodata._ZTIx) for typeinfo for long long
    private_typeinfo.cpp.o(.rodata._ZTIy) refers to private_typeinfo.cpp.o(.rodata._ZTVN10__cxxabiv123__fundamental_type_infoE) for vtable for __cxxabiv1::__fundamental_type_info
    private_typeinfo.cpp.o(.rodata._ZTIy) refers to private_typeinfo.cpp.o(.rodata._ZTSy) for typeinfo name for unsigned long long
    private_typeinfo.cpp.o(.rodata._ZTIPy) refers to private_typeinfo.cpp.o(.rodata._ZTVN10__cxxabiv119__pointer_type_infoE) for vtable for __cxxabiv1::__pointer_type_info
    private_typeinfo.cpp.o(.rodata._ZTIPy) refers to private_typeinfo.cpp.o(.rodata._ZTSPy) for typeinfo name for unsigned long long*
    private_typeinfo.cpp.o(.rodata._ZTIPy) refers to private_typeinfo.cpp.o(.rodata._ZTIy) for typeinfo for unsigned long long
    private_typeinfo.cpp.o(.rodata._ZTIPKy) refers to private_typeinfo.cpp.o(.rodata._ZTVN10__cxxabiv119__pointer_type_infoE) for vtable for __cxxabiv1::__pointer_type_info
    private_typeinfo.cpp.o(.rodata._ZTIPKy) refers to private_typeinfo.cpp.o(.rodata._ZTSPKy) for typeinfo name for unsigned long long const*
    private_typeinfo.cpp.o(.rodata._ZTIPKy) refers to private_typeinfo.cpp.o(.rodata._ZTIy) for typeinfo for unsigned long long
    private_typeinfo.cpp.o(.rodata._ZTIn) refers to private_typeinfo.cpp.o(.rodata._ZTVN10__cxxabiv123__fundamental_type_infoE) for vtable for __cxxabiv1::__fundamental_type_info
    private_typeinfo.cpp.o(.rodata._ZTIn) refers to private_typeinfo.cpp.o(.rodata._ZTSn) for typeinfo name for __int128
    private_typeinfo.cpp.o(.rodata._ZTIPn) refers to private_typeinfo.cpp.o(.rodata._ZTVN10__cxxabiv119__pointer_type_infoE) for vtable for __cxxabiv1::__pointer_type_info
    private_typeinfo.cpp.o(.rodata._ZTIPn) refers to private_typeinfo.cpp.o(.rodata._ZTSPn) for typeinfo name for __int128*
    private_typeinfo.cpp.o(.rodata._ZTIPn) refers to private_typeinfo.cpp.o(.rodata._ZTIn) for typeinfo for __int128
    private_typeinfo.cpp.o(.rodata._ZTIPKn) refers to private_typeinfo.cpp.o(.rodata._ZTVN10__cxxabiv119__pointer_type_infoE) for vtable for __cxxabiv1::__pointer_type_info
    private_typeinfo.cpp.o(.rodata._ZTIPKn) refers to private_typeinfo.cpp.o(.rodata._ZTSPKn) for typeinfo name for __int128 const*
    private_typeinfo.cpp.o(.rodata._ZTIPKn) refers to private_typeinfo.cpp.o(.rodata._ZTIn) for typeinfo for __int128
    private_typeinfo.cpp.o(.rodata._ZTIo) refers to private_typeinfo.cpp.o(.rodata._ZTVN10__cxxabiv123__fundamental_type_infoE) for vtable for __cxxabiv1::__fundamental_type_info
    private_typeinfo.cpp.o(.rodata._ZTIo) refers to private_typeinfo.cpp.o(.rodata._ZTSo) for typeinfo name for unsigned __int128
    private_typeinfo.cpp.o(.rodata._ZTIPo) refers to private_typeinfo.cpp.o(.rodata._ZTVN10__cxxabiv119__pointer_type_infoE) for vtable for __cxxabiv1::__pointer_type_info
    private_typeinfo.cpp.o(.rodata._ZTIPo) refers to private_typeinfo.cpp.o(.rodata._ZTSPo) for typeinfo name for unsigned __int128*
    private_typeinfo.cpp.o(.rodata._ZTIPo) refers to private_typeinfo.cpp.o(.rodata._ZTIo) for typeinfo for unsigned __int128
    private_typeinfo.cpp.o(.rodata._ZTIPKo) refers to private_typeinfo.cpp.o(.rodata._ZTVN10__cxxabiv119__pointer_type_infoE) for vtable for __cxxabiv1::__pointer_type_info
    private_typeinfo.cpp.o(.rodata._ZTIPKo) refers to private_typeinfo.cpp.o(.rodata._ZTSPKo) for typeinfo name for unsigned __int128 const*
    private_typeinfo.cpp.o(.rodata._ZTIPKo) refers to private_typeinfo.cpp.o(.rodata._ZTIo) for typeinfo for unsigned __int128
    private_typeinfo.cpp.o(.rodata._ZTIDh) refers to private_typeinfo.cpp.o(.rodata._ZTVN10__cxxabiv123__fundamental_type_infoE) for vtable for __cxxabiv1::__fundamental_type_info
    private_typeinfo.cpp.o(.rodata._ZTIDh) refers to private_typeinfo.cpp.o(.rodata._ZTSDh) for typeinfo name for half
    private_typeinfo.cpp.o(.rodata._ZTIPDh) refers to private_typeinfo.cpp.o(.rodata._ZTVN10__cxxabiv119__pointer_type_infoE) for vtable for __cxxabiv1::__pointer_type_info
    private_typeinfo.cpp.o(.rodata._ZTIPDh) refers to private_typeinfo.cpp.o(.rodata._ZTSPDh) for typeinfo name for half*
    private_typeinfo.cpp.o(.rodata._ZTIPDh) refers to private_typeinfo.cpp.o(.rodata._ZTIDh) for typeinfo for half
    private_typeinfo.cpp.o(.rodata._ZTIPKDh) refers to private_typeinfo.cpp.o(.rodata._ZTVN10__cxxabiv119__pointer_type_infoE) for vtable for __cxxabiv1::__pointer_type_info
    private_typeinfo.cpp.o(.rodata._ZTIPKDh) refers to private_typeinfo.cpp.o(.rodata._ZTSPKDh) for typeinfo name for half const*
    private_typeinfo.cpp.o(.rodata._ZTIPKDh) refers to private_typeinfo.cpp.o(.rodata._ZTIDh) for typeinfo for half
    private_typeinfo.cpp.o(.rodata._ZTIf) refers to private_typeinfo.cpp.o(.rodata._ZTVN10__cxxabiv123__fundamental_type_infoE) for vtable for __cxxabiv1::__fundamental_type_info
    private_typeinfo.cpp.o(.rodata._ZTIf) refers to private_typeinfo.cpp.o(.rodata._ZTSf) for typeinfo name for float
    private_typeinfo.cpp.o(.rodata._ZTIPf) refers to private_typeinfo.cpp.o(.rodata._ZTVN10__cxxabiv119__pointer_type_infoE) for vtable for __cxxabiv1::__pointer_type_info
    private_typeinfo.cpp.o(.rodata._ZTIPf) refers to private_typeinfo.cpp.o(.rodata._ZTSPf) for typeinfo name for float*
    private_typeinfo.cpp.o(.rodata._ZTIPf) refers to private_typeinfo.cpp.o(.rodata._ZTIf) for typeinfo for float
    private_typeinfo.cpp.o(.rodata._ZTIPKf) refers to private_typeinfo.cpp.o(.rodata._ZTVN10__cxxabiv119__pointer_type_infoE) for vtable for __cxxabiv1::__pointer_type_info
    private_typeinfo.cpp.o(.rodata._ZTIPKf) refers to private_typeinfo.cpp.o(.rodata._ZTSPKf) for typeinfo name for float const*
    private_typeinfo.cpp.o(.rodata._ZTIPKf) refers to private_typeinfo.cpp.o(.rodata._ZTIf) for typeinfo for float
    private_typeinfo.cpp.o(.rodata._ZTId) refers to private_typeinfo.cpp.o(.rodata._ZTVN10__cxxabiv123__fundamental_type_infoE) for vtable for __cxxabiv1::__fundamental_type_info
    private_typeinfo.cpp.o(.rodata._ZTId) refers to private_typeinfo.cpp.o(.rodata._ZTSd) for typeinfo name for double
    private_typeinfo.cpp.o(.rodata._ZTIPd) refers to private_typeinfo.cpp.o(.rodata._ZTVN10__cxxabiv119__pointer_type_infoE) for vtable for __cxxabiv1::__pointer_type_info
    private_typeinfo.cpp.o(.rodata._ZTIPd) refers to private_typeinfo.cpp.o(.rodata._ZTSPd) for typeinfo name for double*
    private_typeinfo.cpp.o(.rodata._ZTIPd) refers to private_typeinfo.cpp.o(.rodata._ZTId) for typeinfo for double
    private_typeinfo.cpp.o(.rodata._ZTIPKd) refers to private_typeinfo.cpp.o(.rodata._ZTVN10__cxxabiv119__pointer_type_infoE) for vtable for __cxxabiv1::__pointer_type_info
    private_typeinfo.cpp.o(.rodata._ZTIPKd) refers to private_typeinfo.cpp.o(.rodata._ZTSPKd) for typeinfo name for double const*
    private_typeinfo.cpp.o(.rodata._ZTIPKd) refers to private_typeinfo.cpp.o(.rodata._ZTId) for typeinfo for double
    private_typeinfo.cpp.o(.rodata._ZTIe) refers to private_typeinfo.cpp.o(.rodata._ZTVN10__cxxabiv123__fundamental_type_infoE) for vtable for __cxxabiv1::__fundamental_type_info
    private_typeinfo.cpp.o(.rodata._ZTIe) refers to private_typeinfo.cpp.o(.rodata._ZTSe) for typeinfo name for long double
    private_typeinfo.cpp.o(.rodata._ZTIPe) refers to private_typeinfo.cpp.o(.rodata._ZTVN10__cxxabiv119__pointer_type_infoE) for vtable for __cxxabiv1::__pointer_type_info
    private_typeinfo.cpp.o(.rodata._ZTIPe) refers to private_typeinfo.cpp.o(.rodata._ZTSPe) for typeinfo name for long double*
    private_typeinfo.cpp.o(.rodata._ZTIPe) refers to private_typeinfo.cpp.o(.rodata._ZTIe) for typeinfo for long double
    private_typeinfo.cpp.o(.rodata._ZTIPKe) refers to private_typeinfo.cpp.o(.rodata._ZTVN10__cxxabiv119__pointer_type_infoE) for vtable for __cxxabiv1::__pointer_type_info
    private_typeinfo.cpp.o(.rodata._ZTIPKe) refers to private_typeinfo.cpp.o(.rodata._ZTSPKe) for typeinfo name for long double const*
    private_typeinfo.cpp.o(.rodata._ZTIPKe) refers to private_typeinfo.cpp.o(.rodata._ZTIe) for typeinfo for long double
    private_typeinfo.cpp.o(.rodata._ZTIg) refers to private_typeinfo.cpp.o(.rodata._ZTVN10__cxxabiv123__fundamental_type_infoE) for vtable for __cxxabiv1::__fundamental_type_info
    private_typeinfo.cpp.o(.rodata._ZTIg) refers to private_typeinfo.cpp.o(.rodata._ZTSg) for typeinfo name for __float128
    private_typeinfo.cpp.o(.rodata._ZTIPg) refers to private_typeinfo.cpp.o(.rodata._ZTVN10__cxxabiv119__pointer_type_infoE) for vtable for __cxxabiv1::__pointer_type_info
    private_typeinfo.cpp.o(.rodata._ZTIPg) refers to private_typeinfo.cpp.o(.rodata._ZTSPg) for typeinfo name for __float128*
    private_typeinfo.cpp.o(.rodata._ZTIPg) refers to private_typeinfo.cpp.o(.rodata._ZTIg) for typeinfo for __float128
    private_typeinfo.cpp.o(.rodata._ZTIPKg) refers to private_typeinfo.cpp.o(.rodata._ZTVN10__cxxabiv119__pointer_type_infoE) for vtable for __cxxabiv1::__pointer_type_info
    private_typeinfo.cpp.o(.rodata._ZTIPKg) refers to private_typeinfo.cpp.o(.rodata._ZTSPKg) for typeinfo name for __float128 const*
    private_typeinfo.cpp.o(.rodata._ZTIPKg) refers to private_typeinfo.cpp.o(.rodata._ZTIg) for typeinfo for __float128
    private_typeinfo.cpp.o(.rodata._ZTIDu) refers to private_typeinfo.cpp.o(.rodata._ZTVN10__cxxabiv123__fundamental_type_infoE) for vtable for __cxxabiv1::__fundamental_type_info
    private_typeinfo.cpp.o(.rodata._ZTIDu) refers to private_typeinfo.cpp.o(.rodata._ZTSDu) for typeinfo name for char8_t
    private_typeinfo.cpp.o(.rodata._ZTIPDu) refers to private_typeinfo.cpp.o(.rodata._ZTVN10__cxxabiv119__pointer_type_infoE) for vtable for __cxxabiv1::__pointer_type_info
    private_typeinfo.cpp.o(.rodata._ZTIPDu) refers to private_typeinfo.cpp.o(.rodata._ZTSPDu) for typeinfo name for char8_t*
    private_typeinfo.cpp.o(.rodata._ZTIPDu) refers to private_typeinfo.cpp.o(.rodata._ZTIDu) for typeinfo for char8_t
    private_typeinfo.cpp.o(.rodata._ZTIPKDu) refers to private_typeinfo.cpp.o(.rodata._ZTVN10__cxxabiv119__pointer_type_infoE) for vtable for __cxxabiv1::__pointer_type_info
    private_typeinfo.cpp.o(.rodata._ZTIPKDu) refers to private_typeinfo.cpp.o(.rodata._ZTSPKDu) for typeinfo name for char8_t const*
    private_typeinfo.cpp.o(.rodata._ZTIPKDu) refers to private_typeinfo.cpp.o(.rodata._ZTIDu) for typeinfo for char8_t
    private_typeinfo.cpp.o(.rodata._ZTIDs) refers to private_typeinfo.cpp.o(.rodata._ZTVN10__cxxabiv123__fundamental_type_infoE) for vtable for __cxxabiv1::__fundamental_type_info
    private_typeinfo.cpp.o(.rodata._ZTIDs) refers to private_typeinfo.cpp.o(.rodata._ZTSDs) for typeinfo name for char16_t
    private_typeinfo.cpp.o(.rodata._ZTIPDs) refers to private_typeinfo.cpp.o(.rodata._ZTVN10__cxxabiv119__pointer_type_infoE) for vtable for __cxxabiv1::__pointer_type_info
    private_typeinfo.cpp.o(.rodata._ZTIPDs) refers to private_typeinfo.cpp.o(.rodata._ZTSPDs) for typeinfo name for char16_t*
    private_typeinfo.cpp.o(.rodata._ZTIPDs) refers to private_typeinfo.cpp.o(.rodata._ZTIDs) for typeinfo for char16_t
    private_typeinfo.cpp.o(.rodata._ZTIPKDs) refers to private_typeinfo.cpp.o(.rodata._ZTVN10__cxxabiv119__pointer_type_infoE) for vtable for __cxxabiv1::__pointer_type_info
    private_typeinfo.cpp.o(.rodata._ZTIPKDs) refers to private_typeinfo.cpp.o(.rodata._ZTSPKDs) for typeinfo name for char16_t const*
    private_typeinfo.cpp.o(.rodata._ZTIPKDs) refers to private_typeinfo.cpp.o(.rodata._ZTIDs) for typeinfo for char16_t
    private_typeinfo.cpp.o(.rodata._ZTIDi) refers to private_typeinfo.cpp.o(.rodata._ZTVN10__cxxabiv123__fundamental_type_infoE) for vtable for __cxxabiv1::__fundamental_type_info
    private_typeinfo.cpp.o(.rodata._ZTIDi) refers to private_typeinfo.cpp.o(.rodata._ZTSDi) for typeinfo name for char32_t
    private_typeinfo.cpp.o(.rodata._ZTIPDi) refers to private_typeinfo.cpp.o(.rodata._ZTVN10__cxxabiv119__pointer_type_infoE) for vtable for __cxxabiv1::__pointer_type_info
    private_typeinfo.cpp.o(.rodata._ZTIPDi) refers to private_typeinfo.cpp.o(.rodata._ZTSPDi) for typeinfo name for char32_t*
    private_typeinfo.cpp.o(.rodata._ZTIPDi) refers to private_typeinfo.cpp.o(.rodata._ZTIDi) for typeinfo for char32_t
    private_typeinfo.cpp.o(.rodata._ZTIPKDi) refers to private_typeinfo.cpp.o(.rodata._ZTVN10__cxxabiv119__pointer_type_infoE) for vtable for __cxxabiv1::__pointer_type_info
    private_typeinfo.cpp.o(.rodata._ZTIPKDi) refers to private_typeinfo.cpp.o(.rodata._ZTSPKDi) for typeinfo name for char32_t const*
    private_typeinfo.cpp.o(.rodata._ZTIPKDi) refers to private_typeinfo.cpp.o(.rodata._ZTIDi) for typeinfo for char32_t
    private_typeinfo.cpp.o(.rodata._ZTVN10__cxxabiv117__array_type_infoE) refers to private_typeinfo.cpp.o(.rodata._ZTIN10__cxxabiv117__array_type_infoE) for typeinfo for __cxxabiv1::__array_type_info
    private_typeinfo.cpp.o(.rodata._ZTVN10__cxxabiv117__array_type_infoE) refers to private_typeinfo.cpp.o(.text._ZN10__cxxabiv116__shim_type_infoD2Ev) for __cxxabiv1::__shim_type_info::~__shim_type_info__sub_object()
    private_typeinfo.cpp.o(.rodata._ZTVN10__cxxabiv117__array_type_infoE) refers to private_typeinfo.cpp.o(.text._ZN10__cxxabiv117__array_type_infoD0Ev) for __cxxabiv1::__array_type_info::~__array_type_info__deallocating()
    private_typeinfo.cpp.o(.rodata._ZTVN10__cxxabiv117__array_type_infoE) refers to private_typeinfo.cpp.o(.text._ZNK10__cxxabiv116__shim_type_info5noop1Ev) for __cxxabiv1::__shim_type_info::noop1() const
    private_typeinfo.cpp.o(.rodata._ZTVN10__cxxabiv117__array_type_infoE) refers to private_typeinfo.cpp.o(.text._ZNK10__cxxabiv116__shim_type_info5noop2Ev) for __cxxabiv1::__shim_type_info::noop2() const
    private_typeinfo.cpp.o(.rodata._ZTVN10__cxxabiv117__array_type_infoE) refers to private_typeinfo.cpp.o(.text._ZNK10__cxxabiv117__array_type_info9can_catchEPKNS_16__shim_type_infoERPv) for __cxxabiv1::__array_type_info::can_catch(__cxxabiv1::__shim_type_info const*, void*&) const
    private_typeinfo.cpp.o(.rodata._ZTIN10__cxxabiv117__array_type_infoE) refers to private_typeinfo.cpp.o(.rodata._ZTVN10__cxxabiv120__si_class_type_infoE) for vtable for __cxxabiv1::__si_class_type_info
    private_typeinfo.cpp.o(.rodata._ZTIN10__cxxabiv117__array_type_infoE) refers to private_typeinfo.cpp.o(.rodata._ZTSN10__cxxabiv117__array_type_infoE) for typeinfo name for __cxxabiv1::__array_type_info
    private_typeinfo.cpp.o(.rodata._ZTIN10__cxxabiv117__array_type_infoE) refers to private_typeinfo.cpp.o(.rodata._ZTIN10__cxxabiv116__shim_type_infoE) for typeinfo for __cxxabiv1::__shim_type_info
    private_typeinfo.cpp.o(.rodata._ZTVN10__cxxabiv120__function_type_infoE) refers to private_typeinfo.cpp.o(.rodata._ZTIN10__cxxabiv120__function_type_infoE) for typeinfo for __cxxabiv1::__function_type_info
    private_typeinfo.cpp.o(.rodata._ZTVN10__cxxabiv120__function_type_infoE) refers to private_typeinfo.cpp.o(.text._ZN10__cxxabiv116__shim_type_infoD2Ev) for __cxxabiv1::__shim_type_info::~__shim_type_info__sub_object()
    private_typeinfo.cpp.o(.rodata._ZTVN10__cxxabiv120__function_type_infoE) refers to private_typeinfo.cpp.o(.text._ZN10__cxxabiv120__function_type_infoD0Ev) for __cxxabiv1::__function_type_info::~__function_type_info__deallocating()
    private_typeinfo.cpp.o(.rodata._ZTVN10__cxxabiv120__function_type_infoE) refers to private_typeinfo.cpp.o(.text._ZNK10__cxxabiv116__shim_type_info5noop1Ev) for __cxxabiv1::__shim_type_info::noop1() const
    private_typeinfo.cpp.o(.rodata._ZTVN10__cxxabiv120__function_type_infoE) refers to private_typeinfo.cpp.o(.text._ZNK10__cxxabiv116__shim_type_info5noop2Ev) for __cxxabiv1::__shim_type_info::noop2() const
    private_typeinfo.cpp.o(.rodata._ZTVN10__cxxabiv120__function_type_infoE) refers to private_typeinfo.cpp.o(.text._ZNK10__cxxabiv120__function_type_info9can_catchEPKNS_16__shim_type_infoERPv) for __cxxabiv1::__function_type_info::can_catch(__cxxabiv1::__shim_type_info const*, void*&) const
    private_typeinfo.cpp.o(.rodata._ZTVN10__cxxabiv116__enum_type_infoE) refers to private_typeinfo.cpp.o(.rodata._ZTIN10__cxxabiv116__enum_type_infoE) for typeinfo for __cxxabiv1::__enum_type_info
    private_typeinfo.cpp.o(.rodata._ZTVN10__cxxabiv116__enum_type_infoE) refers to private_typeinfo.cpp.o(.text._ZN10__cxxabiv116__shim_type_infoD2Ev) for __cxxabiv1::__shim_type_info::~__shim_type_info__sub_object()
    private_typeinfo.cpp.o(.rodata._ZTVN10__cxxabiv116__enum_type_infoE) refers to private_typeinfo.cpp.o(.text._ZN10__cxxabiv116__enum_type_infoD0Ev) for __cxxabiv1::__enum_type_info::~__enum_type_info__deallocating()
    private_typeinfo.cpp.o(.rodata._ZTVN10__cxxabiv116__enum_type_infoE) refers to private_typeinfo.cpp.o(.text._ZNK10__cxxabiv116__shim_type_info5noop1Ev) for __cxxabiv1::__shim_type_info::noop1() const
    private_typeinfo.cpp.o(.rodata._ZTVN10__cxxabiv116__enum_type_infoE) refers to private_typeinfo.cpp.o(.text._ZNK10__cxxabiv116__shim_type_info5noop2Ev) for __cxxabiv1::__shim_type_info::noop2() const
    private_typeinfo.cpp.o(.rodata._ZTVN10__cxxabiv116__enum_type_infoE) refers to private_typeinfo.cpp.o(.text._ZNK10__cxxabiv116__enum_type_info9can_catchEPKNS_16__shim_type_infoERPv) for __cxxabiv1::__enum_type_info::can_catch(__cxxabiv1::__shim_type_info const*, void*&) const
    private_typeinfo.cpp.o(.rodata._ZTIN10__cxxabiv116__enum_type_infoE) refers to private_typeinfo.cpp.o(.rodata._ZTVN10__cxxabiv120__si_class_type_infoE) for vtable for __cxxabiv1::__si_class_type_info
    private_typeinfo.cpp.o(.rodata._ZTIN10__cxxabiv116__enum_type_infoE) refers to private_typeinfo.cpp.o(.rodata._ZTSN10__cxxabiv116__enum_type_infoE) for typeinfo name for __cxxabiv1::__enum_type_info
    private_typeinfo.cpp.o(.rodata._ZTIN10__cxxabiv116__enum_type_infoE) refers to private_typeinfo.cpp.o(.rodata._ZTIN10__cxxabiv116__shim_type_infoE) for typeinfo for __cxxabiv1::__shim_type_info
    private_typeinfo.cpp.o(.rodata._ZTVN10__cxxabiv117__class_type_infoE) refers to private_typeinfo.cpp.o(.rodata._ZTIN10__cxxabiv117__class_type_infoE) for typeinfo for __cxxabiv1::__class_type_info
    private_typeinfo.cpp.o(.rodata._ZTVN10__cxxabiv117__class_type_infoE) refers to private_typeinfo.cpp.o(.text._ZN10__cxxabiv116__shim_type_infoD2Ev) for __cxxabiv1::__shim_type_info::~__shim_type_info__sub_object()
    private_typeinfo.cpp.o(.rodata._ZTVN10__cxxabiv117__class_type_infoE) refers to private_typeinfo.cpp.o(.text._ZN10__cxxabiv117__class_type_infoD0Ev) for __cxxabiv1::__class_type_info::~__class_type_info__deallocating()
    private_typeinfo.cpp.o(.rodata._ZTVN10__cxxabiv117__class_type_infoE) refers to private_typeinfo.cpp.o(.text._ZNK10__cxxabiv116__shim_type_info5noop1Ev) for __cxxabiv1::__shim_type_info::noop1() const
    private_typeinfo.cpp.o(.rodata._ZTVN10__cxxabiv117__class_type_infoE) refers to private_typeinfo.cpp.o(.text._ZNK10__cxxabiv116__shim_type_info5noop2Ev) for __cxxabiv1::__shim_type_info::noop2() const
    private_typeinfo.cpp.o(.rodata._ZTVN10__cxxabiv117__class_type_infoE) refers to private_typeinfo.cpp.o(.text._ZNK10__cxxabiv117__class_type_info9can_catchEPKNS_16__shim_type_infoERPv) for __cxxabiv1::__class_type_info::can_catch(__cxxabiv1::__shim_type_info const*, void*&) const
    private_typeinfo.cpp.o(.rodata._ZTVN10__cxxabiv117__class_type_infoE) refers to private_typeinfo.cpp.o(.text._ZNK10__cxxabiv117__class_type_info16search_above_dstEPNS_19__dynamic_cast_infoEPKvS4_ib) for __cxxabiv1::__class_type_info::search_above_dst(__cxxabiv1::__dynamic_cast_info*, void const*, void const*, int, bool) const
    private_typeinfo.cpp.o(.rodata._ZTVN10__cxxabiv117__class_type_infoE) refers to private_typeinfo.cpp.o(.text._ZNK10__cxxabiv117__class_type_info16search_below_dstEPNS_19__dynamic_cast_infoEPKvib) for __cxxabiv1::__class_type_info::search_below_dst(__cxxabiv1::__dynamic_cast_info*, void const*, int, bool) const
    private_typeinfo.cpp.o(.rodata._ZTVN10__cxxabiv117__class_type_infoE) refers to private_typeinfo.cpp.o(.text._ZNK10__cxxabiv117__class_type_info27has_unambiguous_public_baseEPNS_19__dynamic_cast_infoEPvi) for __cxxabiv1::__class_type_info::has_unambiguous_public_base(__cxxabiv1::__dynamic_cast_info*, void*, int) const
    private_typeinfo.cpp.o(.rodata._ZTVN10__cxxabiv120__si_class_type_infoE) refers to private_typeinfo.cpp.o(.rodata._ZTIN10__cxxabiv120__si_class_type_infoE) for typeinfo for __cxxabiv1::__si_class_type_info
    private_typeinfo.cpp.o(.rodata._ZTVN10__cxxabiv120__si_class_type_infoE) refers to private_typeinfo.cpp.o(.text._ZN10__cxxabiv116__shim_type_infoD2Ev) for __cxxabiv1::__shim_type_info::~__shim_type_info__sub_object()
    private_typeinfo.cpp.o(.rodata._ZTVN10__cxxabiv120__si_class_type_infoE) refers to private_typeinfo.cpp.o(.text._ZN10__cxxabiv120__si_class_type_infoD0Ev) for __cxxabiv1::__si_class_type_info::~__si_class_type_info__deallocating()
    private_typeinfo.cpp.o(.rodata._ZTVN10__cxxabiv120__si_class_type_infoE) refers to private_typeinfo.cpp.o(.text._ZNK10__cxxabiv116__shim_type_info5noop1Ev) for __cxxabiv1::__shim_type_info::noop1() const
    private_typeinfo.cpp.o(.rodata._ZTVN10__cxxabiv120__si_class_type_infoE) refers to private_typeinfo.cpp.o(.text._ZNK10__cxxabiv116__shim_type_info5noop2Ev) for __cxxabiv1::__shim_type_info::noop2() const
    private_typeinfo.cpp.o(.rodata._ZTVN10__cxxabiv120__si_class_type_infoE) refers to private_typeinfo.cpp.o(.text._ZNK10__cxxabiv117__class_type_info9can_catchEPKNS_16__shim_type_infoERPv) for __cxxabiv1::__class_type_info::can_catch(__cxxabiv1::__shim_type_info const*, void*&) const
    private_typeinfo.cpp.o(.rodata._ZTVN10__cxxabiv120__si_class_type_infoE) refers to private_typeinfo.cpp.o(.text._ZNK10__cxxabiv120__si_class_type_info16search_above_dstEPNS_19__dynamic_cast_infoEPKvS4_ib) for __cxxabiv1::__si_class_type_info::search_above_dst(__cxxabiv1::__dynamic_cast_info*, void const*, void const*, int, bool) const
    private_typeinfo.cpp.o(.rodata._ZTVN10__cxxabiv120__si_class_type_infoE) refers to private_typeinfo.cpp.o(.text._ZNK10__cxxabiv120__si_class_type_info16search_below_dstEPNS_19__dynamic_cast_infoEPKvib) for __cxxabiv1::__si_class_type_info::search_below_dst(__cxxabiv1::__dynamic_cast_info*, void const*, int, bool) const
    private_typeinfo.cpp.o(.rodata._ZTVN10__cxxabiv120__si_class_type_infoE) refers to private_typeinfo.cpp.o(.text._ZNK10__cxxabiv120__si_class_type_info27has_unambiguous_public_baseEPNS_19__dynamic_cast_infoEPvi) for __cxxabiv1::__si_class_type_info::has_unambiguous_public_base(__cxxabiv1::__dynamic_cast_info*, void*, int) const
    private_typeinfo.cpp.o(.rodata._ZTIN10__cxxabiv120__si_class_type_infoE) refers to private_typeinfo.cpp.o(.rodata._ZTVN10__cxxabiv120__si_class_type_infoE) for vtable for __cxxabiv1::__si_class_type_info
    private_typeinfo.cpp.o(.rodata._ZTIN10__cxxabiv120__si_class_type_infoE) refers to private_typeinfo.cpp.o(.rodata._ZTSN10__cxxabiv120__si_class_type_infoE) for typeinfo name for __cxxabiv1::__si_class_type_info
    private_typeinfo.cpp.o(.rodata._ZTIN10__cxxabiv120__si_class_type_infoE) refers to private_typeinfo.cpp.o(.rodata._ZTIN10__cxxabiv117__class_type_infoE) for typeinfo for __cxxabiv1::__class_type_info
    private_typeinfo.cpp.o(.rodata._ZTVN10__cxxabiv121__vmi_class_type_infoE) refers to private_typeinfo.cpp.o(.rodata._ZTIN10__cxxabiv121__vmi_class_type_infoE) for typeinfo for __cxxabiv1::__vmi_class_type_info
    private_typeinfo.cpp.o(.rodata._ZTVN10__cxxabiv121__vmi_class_type_infoE) refers to private_typeinfo.cpp.o(.text._ZN10__cxxabiv116__shim_type_infoD2Ev) for __cxxabiv1::__shim_type_info::~__shim_type_info__sub_object()
    private_typeinfo.cpp.o(.rodata._ZTVN10__cxxabiv121__vmi_class_type_infoE) refers to private_typeinfo.cpp.o(.text._ZN10__cxxabiv121__vmi_class_type_infoD0Ev) for __cxxabiv1::__vmi_class_type_info::~__vmi_class_type_info__deallocating()
    private_typeinfo.cpp.o(.rodata._ZTVN10__cxxabiv121__vmi_class_type_infoE) refers to private_typeinfo.cpp.o(.text._ZNK10__cxxabiv116__shim_type_info5noop1Ev) for __cxxabiv1::__shim_type_info::noop1() const
    private_typeinfo.cpp.o(.rodata._ZTVN10__cxxabiv121__vmi_class_type_infoE) refers to private_typeinfo.cpp.o(.text._ZNK10__cxxabiv116__shim_type_info5noop2Ev) for __cxxabiv1::__shim_type_info::noop2() const
    private_typeinfo.cpp.o(.rodata._ZTVN10__cxxabiv121__vmi_class_type_infoE) refers to private_typeinfo.cpp.o(.text._ZNK10__cxxabiv117__class_type_info9can_catchEPKNS_16__shim_type_infoERPv) for __cxxabiv1::__class_type_info::can_catch(__cxxabiv1::__shim_type_info const*, void*&) const
    private_typeinfo.cpp.o(.rodata._ZTVN10__cxxabiv121__vmi_class_type_infoE) refers to private_typeinfo.cpp.o(.text._ZNK10__cxxabiv121__vmi_class_type_info16search_above_dstEPNS_19__dynamic_cast_infoEPKvS4_ib) for __cxxabiv1::__vmi_class_type_info::search_above_dst(__cxxabiv1::__dynamic_cast_info*, void const*, void const*, int, bool) const
    private_typeinfo.cpp.o(.rodata._ZTVN10__cxxabiv121__vmi_class_type_infoE) refers to private_typeinfo.cpp.o(.text._ZNK10__cxxabiv121__vmi_class_type_info16search_below_dstEPNS_19__dynamic_cast_infoEPKvib) for __cxxabiv1::__vmi_class_type_info::search_below_dst(__cxxabiv1::__dynamic_cast_info*, void const*, int, bool) const
    private_typeinfo.cpp.o(.rodata._ZTVN10__cxxabiv121__vmi_class_type_infoE) refers to private_typeinfo.cpp.o(.text._ZNK10__cxxabiv121__vmi_class_type_info27has_unambiguous_public_baseEPNS_19__dynamic_cast_infoEPvi) for __cxxabiv1::__vmi_class_type_info::has_unambiguous_public_base(__cxxabiv1::__dynamic_cast_info*, void*, int) const
    private_typeinfo.cpp.o(.rodata._ZTIN10__cxxabiv121__vmi_class_type_infoE) refers to private_typeinfo.cpp.o(.rodata._ZTVN10__cxxabiv120__si_class_type_infoE) for vtable for __cxxabiv1::__si_class_type_info
    private_typeinfo.cpp.o(.rodata._ZTIN10__cxxabiv121__vmi_class_type_infoE) refers to private_typeinfo.cpp.o(.rodata._ZTSN10__cxxabiv121__vmi_class_type_infoE) for typeinfo name for __cxxabiv1::__vmi_class_type_info
    private_typeinfo.cpp.o(.rodata._ZTIN10__cxxabiv121__vmi_class_type_infoE) refers to private_typeinfo.cpp.o(.rodata._ZTIN10__cxxabiv117__class_type_infoE) for typeinfo for __cxxabiv1::__class_type_info
    private_typeinfo.cpp.o(.rodata._ZTVN10__cxxabiv117__pbase_type_infoE) refers to private_typeinfo.cpp.o(.rodata._ZTIN10__cxxabiv117__pbase_type_infoE) for typeinfo for __cxxabiv1::__pbase_type_info
    private_typeinfo.cpp.o(.rodata._ZTVN10__cxxabiv117__pbase_type_infoE) refers to private_typeinfo.cpp.o(.text._ZN10__cxxabiv116__shim_type_infoD2Ev) for __cxxabiv1::__shim_type_info::~__shim_type_info__sub_object()
    private_typeinfo.cpp.o(.rodata._ZTVN10__cxxabiv117__pbase_type_infoE) refers to private_typeinfo.cpp.o(.text._ZN10__cxxabiv117__pbase_type_infoD0Ev) for __cxxabiv1::__pbase_type_info::~__pbase_type_info__deallocating()
    private_typeinfo.cpp.o(.rodata._ZTVN10__cxxabiv117__pbase_type_infoE) refers to private_typeinfo.cpp.o(.text._ZNK10__cxxabiv116__shim_type_info5noop1Ev) for __cxxabiv1::__shim_type_info::noop1() const
    private_typeinfo.cpp.o(.rodata._ZTVN10__cxxabiv117__pbase_type_infoE) refers to private_typeinfo.cpp.o(.text._ZNK10__cxxabiv116__shim_type_info5noop2Ev) for __cxxabiv1::__shim_type_info::noop2() const
    private_typeinfo.cpp.o(.rodata._ZTVN10__cxxabiv117__pbase_type_infoE) refers to private_typeinfo.cpp.o(.text._ZNK10__cxxabiv117__pbase_type_info9can_catchEPKNS_16__shim_type_infoERPv) for __cxxabiv1::__pbase_type_info::can_catch(__cxxabiv1::__shim_type_info const*, void*&) const
    private_typeinfo.cpp.o(.rodata._ZTVN10__cxxabiv119__pointer_type_infoE) refers to private_typeinfo.cpp.o(.rodata._ZTIN10__cxxabiv119__pointer_type_infoE) for typeinfo for __cxxabiv1::__pointer_type_info
    private_typeinfo.cpp.o(.rodata._ZTVN10__cxxabiv119__pointer_type_infoE) refers to private_typeinfo.cpp.o(.text._ZN10__cxxabiv116__shim_type_infoD2Ev) for __cxxabiv1::__shim_type_info::~__shim_type_info__sub_object()
    private_typeinfo.cpp.o(.rodata._ZTVN10__cxxabiv119__pointer_type_infoE) refers to private_typeinfo.cpp.o(.text._ZN10__cxxabiv119__pointer_type_infoD0Ev) for __cxxabiv1::__pointer_type_info::~__pointer_type_info__deallocating()
    private_typeinfo.cpp.o(.rodata._ZTVN10__cxxabiv119__pointer_type_infoE) refers to private_typeinfo.cpp.o(.text._ZNK10__cxxabiv116__shim_type_info5noop1Ev) for __cxxabiv1::__shim_type_info::noop1() const
    private_typeinfo.cpp.o(.rodata._ZTVN10__cxxabiv119__pointer_type_infoE) refers to private_typeinfo.cpp.o(.text._ZNK10__cxxabiv116__shim_type_info5noop2Ev) for __cxxabiv1::__shim_type_info::noop2() const
    private_typeinfo.cpp.o(.rodata._ZTVN10__cxxabiv119__pointer_type_infoE) refers to private_typeinfo.cpp.o(.text._ZNK10__cxxabiv119__pointer_type_info9can_catchEPKNS_16__shim_type_infoERPv) for __cxxabiv1::__pointer_type_info::can_catch(__cxxabiv1::__shim_type_info const*, void*&) const
    private_typeinfo.cpp.o(.rodata._ZTVN10__cxxabiv129__pointer_to_member_type_infoE) refers to private_typeinfo.cpp.o(.rodata._ZTIN10__cxxabiv129__pointer_to_member_type_infoE) for typeinfo for __cxxabiv1::__pointer_to_member_type_info
    private_typeinfo.cpp.o(.rodata._ZTVN10__cxxabiv129__pointer_to_member_type_infoE) refers to private_typeinfo.cpp.o(.text._ZN10__cxxabiv116__shim_type_infoD2Ev) for __cxxabiv1::__shim_type_info::~__shim_type_info__sub_object()
    private_typeinfo.cpp.o(.rodata._ZTVN10__cxxabiv129__pointer_to_member_type_infoE) refers to private_typeinfo.cpp.o(.text._ZN10__cxxabiv129__pointer_to_member_type_infoD0Ev) for __cxxabiv1::__pointer_to_member_type_info::~__pointer_to_member_type_info__deallocating()
    private_typeinfo.cpp.o(.rodata._ZTVN10__cxxabiv129__pointer_to_member_type_infoE) refers to private_typeinfo.cpp.o(.text._ZNK10__cxxabiv116__shim_type_info5noop1Ev) for __cxxabiv1::__shim_type_info::noop1() const
    private_typeinfo.cpp.o(.rodata._ZTVN10__cxxabiv129__pointer_to_member_type_infoE) refers to private_typeinfo.cpp.o(.text._ZNK10__cxxabiv116__shim_type_info5noop2Ev) for __cxxabiv1::__shim_type_info::noop2() const
    private_typeinfo.cpp.o(.rodata._ZTVN10__cxxabiv129__pointer_to_member_type_infoE) refers to private_typeinfo.cpp.o(.text._ZNK10__cxxabiv129__pointer_to_member_type_info9can_catchEPKNS_16__shim_type_infoERPv) for __cxxabiv1::__pointer_to_member_type_info::can_catch(__cxxabiv1::__shim_type_info const*, void*&) const
    sys_command.o(.text) refers (Special) to use_no_semi.o(.text) for __I$use$semihosting
    sys_command.o(.text) refers (Special) to indicate_semi.o(.text) for __semihosting_library_function
    sys_command_hlt.o(.text) refers (Special) to use_no_semi.o(.text) for __I$use$semihosting
    sys_command_hlt.o(.text) refers (Special) to indicate_semi.o(.text) for __semihosting_library_function
    libspace.o(.text) refers to libspace.o(.bss) for __libspace_start
    sys_stackheap_outer.o(.text) refers to libspace.o(.text) for __user_perproc_libspace
    sys_stackheap_outer.o(.text) refers to startup_stm32f407xx.o(.text) for __user_initial_stackheap
    rt_raise.o(.text) refers to __raise.o(.text) for __raise
    rt_raise.o(.text) refers to sys_exit.o(.text) for _sys_exit
    calloc.o(.text) refers to h1_alloc.o(.text) for malloc
    calloc.o(.text) refers to rt_memclr.o(.text) for __aeabi_memclr
    maybetermalloc2.o(.text) refers (Special) to term_alloc.o(.text) for _terminate_alloc
    h1_extend.o(.text) refers to h1_free.o(.text) for free
    h1_extend_threads.o(.text) refers to h1_free_threads.o(.text) for free_internal$concurrent
    exit.o(.text) refers to rtexit.o(.ARM.Collect$$rtexit$$00000000) for __rt_exit
    defsig_exit.o(.text) refers to sys_exit.o(.text) for _sys_exit
    defsig_abrt_inner.o(.text) refers to defsig_general.o(.text) for __default_signal_display
    defsig_fpe_outer.o(.text) refers to defsig_fpe_inner.o(.text) for __rt_SIGFPE_inner
    defsig_fpe_outer.o(.text) refers to defsig_exit.o(.text) for __sig_exit
    defsig_fpe_formal.o(.text) refers to rt_raise.o(.text) for __rt_raise
    defsig_rtmem_outer.o(.text) refers to defsig_rtmem_inner.o(.text) for __rt_SIGRTMEM_inner
    defsig_rtmem_outer.o(.text) refers to defsig_exit.o(.text) for __sig_exit
    defsig_rtmem_formal.o(.text) refers to rt_raise.o(.text) for __rt_raise
    heapauxa.o(.text) refers to heapauxa.o(.data) for .data
    _get_argv_nomalloc.o(.text) refers (Special) to hrguard.o(.text) for __heap_region$guard
    _get_argv_nomalloc.o(.text) refers to defsig_rtmem_outer.o(.text) for __rt_SIGRTMEM
    _get_argv_nomalloc.o(.text) refers to sys_command.o(.text) for _sys_command_string
    libinit.o(.ARM.Collect$$libinit$$00000000) refers (Special) to libinit2.o(.ARM.Collect$$libinit$$00000030) for __rt_lib_init_alloca_1
    libinit.o(.ARM.Collect$$libinit$$00000000) refers (Special) to libinit2.o(.ARM.Collect$$libinit$$0000002E) for __rt_lib_init_argv_1
    libinit.o(.ARM.Collect$$libinit$$00000000) refers (Special) to libinit2.o(.ARM.Collect$$libinit$$0000001D) for __rt_lib_init_atexit_1
    libinit.o(.ARM.Collect$$libinit$$00000000) refers (Special) to libinit2.o(.ARM.Collect$$libinit$$00000023) for __rt_lib_init_clock_1
    libinit.o(.ARM.Collect$$libinit$$00000000) refers (Special) to libinit2.o(.ARM.Collect$$libinit$$00000034) for __rt_lib_init_cpp_1
    libinit.o(.ARM.Collect$$libinit$$00000000) refers (Special) to libinit2.o(.ARM.Collect$$libinit$$00000032) for __rt_lib_init_exceptions_1
    libinit.o(.ARM.Collect$$libinit$$00000000) refers (Special) to libinit2.o(.ARM.Collect$$libinit$$00000001) for __rt_lib_init_fp_1
    libinit.o(.ARM.Collect$$libinit$$00000000) refers (Special) to libinit2.o(.ARM.Collect$$libinit$$00000021) for __rt_lib_init_fp_trap_1
    libinit.o(.ARM.Collect$$libinit$$00000000) refers (Special) to libinit2.o(.ARM.Collect$$libinit$$00000025) for __rt_lib_init_getenv_1
    libinit.o(.ARM.Collect$$libinit$$00000000) refers (Special) to libinit2.o(.ARM.Collect$$libinit$$0000000C) for __rt_lib_init_heap_1
    libinit.o(.ARM.Collect$$libinit$$00000000) refers (Special) to libinit2.o(.ARM.Collect$$libinit$$00000013) for __rt_lib_init_lc_collate_1
    libinit.o(.ARM.Collect$$libinit$$00000000) refers (Special) to libinit2.o(.ARM.Collect$$libinit$$00000015) for __rt_lib_init_lc_ctype_1
    libinit.o(.ARM.Collect$$libinit$$00000000) refers (Special) to libinit2.o(.ARM.Collect$$libinit$$00000017) for __rt_lib_init_lc_monetary_1
    libinit.o(.ARM.Collect$$libinit$$00000000) refers (Special) to libinit2.o(.ARM.Collect$$libinit$$00000019) for __rt_lib_init_lc_numeric_1
    libinit.o(.ARM.Collect$$libinit$$00000000) refers (Special) to libinit2.o(.ARM.Collect$$libinit$$0000001B) for __rt_lib_init_lc_time_1
    libinit.o(.ARM.Collect$$libinit$$00000000) refers (Special) to libinit2.o(.ARM.Collect$$libinit$$00000006) for __rt_lib_init_preinit_1
    libinit.o(.ARM.Collect$$libinit$$00000000) refers (Special) to libinit2.o(.ARM.Collect$$libinit$$00000010) for __rt_lib_init_rand_1
    libinit.o(.ARM.Collect$$libinit$$00000000) refers (Special) to libinit2.o(.ARM.Collect$$libinit$$00000004) for __rt_lib_init_relocate_pie_1
    libinit.o(.ARM.Collect$$libinit$$00000000) refers (Special) to libinit2.o(.ARM.Collect$$libinit$$00000035) for __rt_lib_init_return
    libinit.o(.ARM.Collect$$libinit$$00000000) refers (Special) to libinit2.o(.ARM.Collect$$libinit$$0000001F) for __rt_lib_init_signal_1
    libinit.o(.ARM.Collect$$libinit$$00000000) refers (Special) to libinit2.o(.ARM.Collect$$libinit$$00000027) for __rt_lib_init_stdio_1
    libinit.o(.ARM.Collect$$libinit$$00000000) refers (Special) to libinit2.o(.ARM.Collect$$libinit$$0000000E) for __rt_lib_init_user_alloc_1
    libshutdown2.o(.ARM.Collect$$libshutdown$$00000001) refers (Weak) to cxa_finalize.o(.text) for __cxa_finalize
    libshutdown2.o(.ARM.Collect$$libshutdown$$0000000D) refers (Weak) to term_alloc.o(.text) for _terminate_alloc
    stdlib_typeinfo.cpp.o(.ARM.exidx.text._ZNSt9type_infoD2Ev) refers to Unwind-EHABI.cpp.o(.text.__aeabi_unwind_cpp_pr0) for __aeabi_unwind_cpp_pr0
    stdlib_typeinfo.cpp.o(.ARM.exidx.text._ZNSt9type_infoD2Ev) refers to stdlib_typeinfo.cpp.o(.text._ZNSt9type_infoD2Ev) for [Anonymous Symbol]
    stdlib_typeinfo.cpp.o(.text._ZNSt9type_infoD0Ev) refers to new.cpp.o(.text._ZdlPvj) for operator delete(void*, unsigned int)
    stdlib_typeinfo.cpp.o(.ARM.exidx.text._ZNSt9type_infoD0Ev) refers to Unwind-EHABI.cpp.o(.text.__aeabi_unwind_cpp_pr0) for __aeabi_unwind_cpp_pr0
    stdlib_typeinfo.cpp.o(.ARM.exidx.text._ZNSt9type_infoD0Ev) refers to stdlib_typeinfo.cpp.o(.text._ZNSt9type_infoD0Ev) for [Anonymous Symbol]
    stdlib_typeinfo.cpp.o(.text._ZNSt8bad_castC2Ev) refers to stdlib_typeinfo.cpp.o(.rodata._ZTVSt8bad_cast) for vtable for std::bad_cast
    stdlib_typeinfo.cpp.o(.ARM.exidx.text._ZNSt8bad_castC2Ev) refers to Unwind-EHABI.cpp.o(.text.__aeabi_unwind_cpp_pr0) for __aeabi_unwind_cpp_pr0
    stdlib_typeinfo.cpp.o(.ARM.exidx.text._ZNSt8bad_castC2Ev) refers to stdlib_typeinfo.cpp.o(.text._ZNSt8bad_castC2Ev) for [Anonymous Symbol]
    stdlib_typeinfo.cpp.o(.text._ZNSt8bad_castD2Ev) refers to stdlib_exception.cpp.o(.text._ZNSt9exceptionD2Ev) for std::exception::~exception__sub_object()
    stdlib_typeinfo.cpp.o(.ARM.exidx.text._ZNSt8bad_castD2Ev) refers to Unwind-EHABI.cpp.o(.text.__aeabi_unwind_cpp_pr0) for __aeabi_unwind_cpp_pr0
    stdlib_typeinfo.cpp.o(.ARM.exidx.text._ZNSt8bad_castD2Ev) refers to stdlib_typeinfo.cpp.o(.text._ZNSt8bad_castD2Ev) for [Anonymous Symbol]
    stdlib_typeinfo.cpp.o(.text._ZNSt8bad_castD0Ev) refers to new.cpp.o(.text._ZdlPvj) for operator delete(void*, unsigned int)
    stdlib_typeinfo.cpp.o(.ARM.exidx.text._ZNSt8bad_castD0Ev) refers to Unwind-EHABI.cpp.o(.text.__aeabi_unwind_cpp_pr0) for __aeabi_unwind_cpp_pr0
    stdlib_typeinfo.cpp.o(.ARM.exidx.text._ZNSt8bad_castD0Ev) refers to stdlib_typeinfo.cpp.o(.text._ZNSt8bad_castD0Ev) for [Anonymous Symbol]
    stdlib_typeinfo.cpp.o(.ARM.exidx.text._ZNKSt8bad_cast4whatEv) refers to Unwind-EHABI.cpp.o(.text.__aeabi_unwind_cpp_pr0) for __aeabi_unwind_cpp_pr0
    stdlib_typeinfo.cpp.o(.ARM.exidx.text._ZNKSt8bad_cast4whatEv) refers to stdlib_typeinfo.cpp.o(.text._ZNKSt8bad_cast4whatEv) for [Anonymous Symbol]
    stdlib_typeinfo.cpp.o(.text._ZNSt10bad_typeidC2Ev) refers to stdlib_typeinfo.cpp.o(.rodata._ZTVSt10bad_typeid) for vtable for std::bad_typeid
    stdlib_typeinfo.cpp.o(.ARM.exidx.text._ZNSt10bad_typeidC2Ev) refers to Unwind-EHABI.cpp.o(.text.__aeabi_unwind_cpp_pr0) for __aeabi_unwind_cpp_pr0
    stdlib_typeinfo.cpp.o(.ARM.exidx.text._ZNSt10bad_typeidC2Ev) refers to stdlib_typeinfo.cpp.o(.text._ZNSt10bad_typeidC2Ev) for [Anonymous Symbol]
    stdlib_typeinfo.cpp.o(.text._ZNSt10bad_typeidD2Ev) refers to stdlib_exception.cpp.o(.text._ZNSt9exceptionD2Ev) for std::exception::~exception__sub_object()
    stdlib_typeinfo.cpp.o(.ARM.exidx.text._ZNSt10bad_typeidD2Ev) refers to Unwind-EHABI.cpp.o(.text.__aeabi_unwind_cpp_pr0) for __aeabi_unwind_cpp_pr0
    stdlib_typeinfo.cpp.o(.ARM.exidx.text._ZNSt10bad_typeidD2Ev) refers to stdlib_typeinfo.cpp.o(.text._ZNSt10bad_typeidD2Ev) for [Anonymous Symbol]
    stdlib_typeinfo.cpp.o(.text._ZNSt10bad_typeidD0Ev) refers to new.cpp.o(.text._ZdlPvj) for operator delete(void*, unsigned int)
    stdlib_typeinfo.cpp.o(.ARM.exidx.text._ZNSt10bad_typeidD0Ev) refers to Unwind-EHABI.cpp.o(.text.__aeabi_unwind_cpp_pr0) for __aeabi_unwind_cpp_pr0
    stdlib_typeinfo.cpp.o(.ARM.exidx.text._ZNSt10bad_typeidD0Ev) refers to stdlib_typeinfo.cpp.o(.text._ZNSt10bad_typeidD0Ev) for [Anonymous Symbol]
    stdlib_typeinfo.cpp.o(.ARM.exidx.text._ZNKSt10bad_typeid4whatEv) refers to Unwind-EHABI.cpp.o(.text.__aeabi_unwind_cpp_pr0) for __aeabi_unwind_cpp_pr0
    stdlib_typeinfo.cpp.o(.ARM.exidx.text._ZNKSt10bad_typeid4whatEv) refers to stdlib_typeinfo.cpp.o(.text._ZNKSt10bad_typeid4whatEv) for [Anonymous Symbol]
    stdlib_typeinfo.cpp.o(.rodata._ZTVSt8bad_cast) refers to stdlib_typeinfo.cpp.o(.rodata._ZTISt8bad_cast) for typeinfo for std::bad_cast
    stdlib_typeinfo.cpp.o(.rodata._ZTVSt8bad_cast) refers to stdlib_typeinfo.cpp.o(.text._ZNSt8bad_castD2Ev) for std::bad_cast::~bad_cast__sub_object()
    stdlib_typeinfo.cpp.o(.rodata._ZTVSt8bad_cast) refers to stdlib_typeinfo.cpp.o(.text._ZNSt8bad_castD0Ev) for std::bad_cast::~bad_cast__deallocating()
    stdlib_typeinfo.cpp.o(.rodata._ZTVSt8bad_cast) refers to stdlib_typeinfo.cpp.o(.text._ZNKSt8bad_cast4whatEv) for std::bad_cast::what() const
    stdlib_typeinfo.cpp.o(.rodata._ZTVSt10bad_typeid) refers to stdlib_typeinfo.cpp.o(.rodata._ZTISt10bad_typeid) for typeinfo for std::bad_typeid
    stdlib_typeinfo.cpp.o(.rodata._ZTVSt10bad_typeid) refers to stdlib_typeinfo.cpp.o(.text._ZNSt10bad_typeidD2Ev) for std::bad_typeid::~bad_typeid__sub_object()
    stdlib_typeinfo.cpp.o(.rodata._ZTVSt10bad_typeid) refers to stdlib_typeinfo.cpp.o(.text._ZNSt10bad_typeidD0Ev) for std::bad_typeid::~bad_typeid__deallocating()
    stdlib_typeinfo.cpp.o(.rodata._ZTVSt10bad_typeid) refers to stdlib_typeinfo.cpp.o(.text._ZNKSt10bad_typeid4whatEv) for std::bad_typeid::what() const
    stdlib_typeinfo.cpp.o(.rodata._ZTVSt9type_info) refers to stdlib_typeinfo.cpp.o(.rodata._ZTISt9type_info) for typeinfo for std::type_info
    stdlib_typeinfo.cpp.o(.rodata._ZTVSt9type_info) refers to stdlib_typeinfo.cpp.o(.text._ZNSt9type_infoD2Ev) for std::type_info::~type_info__sub_object()
    stdlib_typeinfo.cpp.o(.rodata._ZTVSt9type_info) refers to stdlib_typeinfo.cpp.o(.text._ZNSt9type_infoD0Ev) for std::type_info::~type_info__deallocating()
    stdlib_typeinfo.cpp.o(.rodata._ZTISt9type_info) refers to private_typeinfo.cpp.o(.rodata._ZTVN10__cxxabiv117__class_type_infoE) for vtable for __cxxabiv1::__class_type_info
    stdlib_typeinfo.cpp.o(.rodata._ZTISt9type_info) refers to stdlib_typeinfo.cpp.o(.rodata._ZTSSt9type_info) for typeinfo name for std::type_info
    stdlib_typeinfo.cpp.o(.rodata._ZTISt8bad_cast) refers to private_typeinfo.cpp.o(.rodata._ZTVN10__cxxabiv120__si_class_type_infoE) for vtable for __cxxabiv1::__si_class_type_info
    stdlib_typeinfo.cpp.o(.rodata._ZTISt8bad_cast) refers to stdlib_typeinfo.cpp.o(.rodata._ZTSSt8bad_cast) for typeinfo name for std::bad_cast
    stdlib_typeinfo.cpp.o(.rodata._ZTISt8bad_cast) refers to stdlib_exception.cpp.o(.rodata._ZTISt9exception) for typeinfo for std::exception
    stdlib_typeinfo.cpp.o(.rodata._ZTISt10bad_typeid) refers to private_typeinfo.cpp.o(.rodata._ZTVN10__cxxabiv120__si_class_type_infoE) for vtable for __cxxabiv1::__si_class_type_info
    stdlib_typeinfo.cpp.o(.rodata._ZTISt10bad_typeid) refers to stdlib_typeinfo.cpp.o(.rodata._ZTSSt10bad_typeid) for typeinfo name for std::bad_typeid
    stdlib_typeinfo.cpp.o(.rodata._ZTISt10bad_typeid) refers to stdlib_exception.cpp.o(.rodata._ZTISt9exception) for typeinfo for std::exception
    rtexit.o(.ARM.Collect$$rtexit$$00000000) refers (Special) to rtexit2.o(.ARM.Collect$$rtexit$$00000004) for __rt_exit_exit
    rtexit.o(.ARM.Collect$$rtexit$$00000000) refers (Special) to rtexit2.o(.ARM.Collect$$rtexit$$00000003) for __rt_exit_ls
    rtexit.o(.ARM.Collect$$rtexit$$00000000) refers (Special) to rtexit2.o(.ARM.Collect$$rtexit$$00000002) for __rt_exit_prels_1
    rtexit.o(.ARM.exidx) refers (Special) to rtexit2.o(.ARM.Collect$$rtexit$$00000004) for __rt_exit_exit
    rtexit.o(.ARM.exidx) refers (Special) to rtexit2.o(.ARM.Collect$$rtexit$$00000003) for __rt_exit_ls
    rtexit.o(.ARM.exidx) refers (Special) to rtexit2.o(.ARM.Collect$$rtexit$$00000002) for __rt_exit_prels_1
    rtexit.o(.ARM.exidx) refers to rtexit.o(.ARM.Collect$$rtexit$$00000000) for .ARM.Collect$$rtexit$$00000000
    term_alloc.o(.text) refers (Special) to libshutdown2.o(.ARM.Collect$$libshutdown$$0000000E) for __rt_lib_shutdown_heap_2
    term_alloc.o(.text) refers to rt_heap_descriptor_intlibspace.o(.text) for __rt_heap_descriptor
    term_alloc.o(.text) refers to h1_final.o(.text) for __Heap_Finalize
    __raise.o(.text) refers to defsig.o(CL$$defsig) for __default_signal_handler
    defsig_general.o(.text) refers to sys_wrch.o(.text) for _ttywrch
    defsig_fpe_inner.o(.text) refers to defsig_general.o(.text) for __default_signal_display
    defsig_rtmem_inner.o(.text) refers to defsig_general.o(.text) for __default_signal_display
    sys_wrch.o(.text) refers (Special) to use_no_semi.o(.text) for __I$use$semihosting
    sys_wrch.o(.text) refers (Special) to indicate_semi.o(.text) for __semihosting_library_function
    sys_wrch_hlt.o(.text) refers (Special) to use_no_semi.o(.text) for __I$use$semihosting
    sys_wrch_hlt.o(.text) refers (Special) to indicate_semi.o(.text) for __semihosting_library_function
    rtexit2.o(.ARM.Collect$$rtexit$$00000003) refers to libshutdown.o(.ARM.Collect$$libshutdown$$00000000) for __rt_lib_shutdown
    rtexit2.o(.ARM.Collect$$rtexit$$00000004) refers to sys_exit.o(.text) for _sys_exit
    rtexit2.o(.ARM.exidx) refers to rtexit2.o(.ARM.Collect$$rtexit$$00000001) for .ARM.Collect$$rtexit$$00000001
    rtexit2.o(.ARM.exidx) refers to rtexit2.o(.ARM.Collect$$rtexit$$00000003) for .ARM.Collect$$rtexit$$00000003
    rtexit2.o(.ARM.exidx) refers to rtexit2.o(.ARM.Collect$$rtexit$$00000004) for .ARM.Collect$$rtexit$$00000004
    defsig.o(CL$$defsig) refers to defsig_abrt_inner.o(.text) for __rt_SIGABRT_inner
    defsig.o(CL$$defsig) refers to defsig_fpe_inner.o(.text) for __rt_SIGFPE_inner
    defsig.o(CL$$defsig) refers to defsig_rtmem_inner.o(.text) for __rt_SIGRTMEM_inner
    defsig_rtred_inner.o(.text) refers to defsig_general.o(.text) for __default_signal_display
    defsig_stak_inner.o(.text) refers to defsig_general.o(.text) for __default_signal_display
    defsig_pvfn_inner.o(.text) refers to defsig_general.o(.text) for __default_signal_display
    defsig_cppl_inner.o(.text) refers to defsig_general.o(.text) for __default_signal_display
    defsig_segv_inner.o(.text) refers to defsig_general.o(.text) for __default_signal_display
    defsig_other.o(.text) refers to defsig_general.o(.text) for __default_signal_display
    libshutdown.o(.ARM.Collect$$libshutdown$$00000000) refers (Special) to libshutdown2.o(.ARM.Collect$$libshutdown$$00000002) for __rt_lib_shutdown_cpp_1
    libshutdown.o(.ARM.Collect$$libshutdown$$00000000) refers (Special) to libshutdown2.o(.ARM.Collect$$libshutdown$$00000007) for __rt_lib_shutdown_fp_trap_1
    libshutdown.o(.ARM.Collect$$libshutdown$$00000000) refers (Special) to libshutdown2.o(.ARM.Collect$$libshutdown$$0000000F) for __rt_lib_shutdown_heap_1
    libshutdown.o(.ARM.Collect$$libshutdown$$00000000) refers (Special) to libshutdown2.o(.ARM.Collect$$libshutdown$$00000010) for __rt_lib_shutdown_return
    libshutdown.o(.ARM.Collect$$libshutdown$$00000000) refers (Special) to libshutdown2.o(.ARM.Collect$$libshutdown$$0000000A) for __rt_lib_shutdown_signal_1
    libshutdown.o(.ARM.Collect$$libshutdown$$00000000) refers (Special) to libshutdown2.o(.ARM.Collect$$libshutdown$$00000004) for __rt_lib_shutdown_stdio_1
    libshutdown.o(.ARM.Collect$$libshutdown$$00000000) refers (Special) to libshutdown2.o(.ARM.Collect$$libshutdown$$0000000C) for __rt_lib_shutdown_user_alloc_1
    Buzzer.o(.ARM.exidx.text._ZN9IObserverD2Ev) refers to Buzzer.o(.text._ZN9IObserverD2Ev) for [Anonymous Symbol]
    Buzzer.o(.text._ZN6BuzzerD0Ev) refers to new.cpp.o(.text._ZdlPvj) for operator delete(void*, unsigned int)
    Buzzer.o(.ARM.exidx.text._ZN6BuzzerD0Ev) refers to Buzzer.o(.text._ZN6BuzzerD0Ev) for [Anonymous Symbol]
    LED.o(.text._ZN3LEDD0Ev) refers to new.cpp.o(.text._ZdlPvj) for operator delete(void*, unsigned int)
    LED.o(.ARM.exidx.text._ZN3LEDD0Ev) refers to LED.o(.text._ZN3LEDD0Ev) for [Anonymous Symbol]
    State.o(.text._ZN12ChassisState11Base_UpDataEv) refers to dr16.o(.bss..L_MergedGlobals) for RM_Clicker::RC_Ctl
    State.o(.text._ZN12ChassisState11Base_UpDataEv) refers to Variable.o(.bss..L_MergedGlobals.31) for tar_vx
    State.o(.text._ZN12ChassisState11Base_UpDataEv) refers to PID.o(.text._ZN2TD4CalcEf) for TD::Calc(float)
    State.o(.text._ZN12ChassisState11Base_UpDataEv) refers to State.o(.text._ZN12ChassisState12Wheel_UpDataEv) for ChassisState::Wheel_UpData()
    State.o(.text._ZN12ChassisState11Base_UpDataEv) refers to Variable.o(.bss..L_MergedGlobals.34) for Motor3508
    State.o(.text._ZN12ChassisState11Base_UpDataEv) refers to Variable.o(.bss.td_3508_speed) for td_3508_speed
    State.o(.text._ZN12ChassisState11Base_UpDataEv) refers to State.o(.text._ZN12ChassisState10PID_UpdataEv) for ChassisState::PID_Updata()
    State.o(.text._ZN12ChassisState11Base_UpDataEv) refers to State.o(.text._ZN12ChassisState11CAN_SettingEv) for ChassisState::CAN_Setting()
    State.o(.text._ZN12ChassisState11Base_UpDataEv) refers to Variable.o(.bss.Send_ms) for Send_ms
    State.o(.text._ZN12ChassisState11Base_UpDataEv) refers to Variable.o(.bss.msd_3508_2006) for msd_3508_2006
    State.o(.text._ZN12ChassisState11Base_UpDataEv) refers to Dji_Motor.o(.text._ZN9Dji_Motor17Send_CAN_MAILBOX1EP17Motor_send_data_tt) for Dji_Motor::Send_CAN_MAILBOX1(Motor_send_data_t*, unsigned short)
    State.o(.text._ZN12ChassisState11Base_UpDataEv) refers to Variable.o(.bss.msd_6020) for msd_6020
    State.o(.text._ZN12ChassisState11Base_UpDataEv) refers to Dji_Motor.o(.text._ZN9Dji_Motor17Send_CAN_MAILBOX0EP17Motor_send_data_tt) for Dji_Motor::Send_CAN_MAILBOX0(Motor_send_data_t*, unsigned short)
    State.o(.text._ZN12ChassisState11Base_UpDataEv) refers to State.o(.bss..L_MergedGlobals) for .L_MergedGlobals
    State.o(.text._ZN12ChassisState11Base_UpDataEv) refers to State.o(.data.ude) for ude
    State.o(.text._ZN12ChassisState11Base_UpDataEv) refers to PowerTask.o(.bss.PowerControl) for PowerControl
    State.o(.text._ZN12ChassisState11Base_UpDataEv) refers to Variable.o(.bss.Tools) for Tools
    State.o(.text._ZN12ChassisState11Base_UpDataEv) refers to Tools.o(.text._ZN7Tools_t8vofaSendEffffff) for Tools_t::vofaSend(float, float, float, float, float, float)
    State.o(.ARM.exidx.text._ZN12ChassisState11Base_UpDataEv) refers to Unwind-EHABI.cpp.o(.text.__aeabi_unwind_cpp_pr0) for __aeabi_unwind_cpp_pr0
    State.o(.ARM.exidx.text._ZN12ChassisState11Base_UpDataEv) refers to State.o(.text._ZN12ChassisState11Base_UpDataEv) for [Anonymous Symbol]
    HAL.o(.ARM.exidx.text._ZN3HALD2Ev) refers to HAL.o(.text._ZN3HALD2Ev) for [Anonymous Symbol]
    HAL.o(.text._ZN3HALD0Ev) refers to new.cpp.o(.text._ZdlPvj) for operator delete(void*, unsigned int)
    HAL.o(.ARM.exidx.text._ZN3HALD0Ev) refers to HAL.o(.text._ZN3HALD0Ev) for [Anonymous Symbol]
    HAL.o(.ARM.exidx.text._ZN3HAL4initEv) refers to HAL.o(.text._ZN3HAL4initEv) for [Anonymous Symbol]
    HAL.o(.ARM.exidx.text._ZN3HAL6_delayEm) refers to HAL.o(.text._ZN3HAL6_delayEm) for [Anonymous Symbol]
    HAL.o(.ARM.exidx.text._ZN3HAL8_osDelayEm) refers to HAL.o(.text._ZN3HAL8_osDelayEm) for [Anonymous Symbol]
    HAL.o(.ARM.exidx.text._ZN3HAL15_Can_SendREMOTEEP17CAN_HandleTypeDefjPhj) refers to HAL.o(.text._ZN3HAL15_Can_SendREMOTEEP17CAN_HandleTypeDefjPhj) for [Anonymous Symbol]
    HAL.o(.ARM.exidx.text._ZN3HAL13_Can_SendDATAEP17CAN_HandleTypeDefjPhj) refers to HAL.o(.text._ZN3HAL13_Can_SendDATAEP17CAN_HandleTypeDefjPhj) for [Anonymous Symbol]
    HAL.o(.ARM.exidx.text._ZN3HAL8_GetTickEv) refers to HAL.o(.text._ZN3HAL8_GetTickEv) for [Anonymous Symbol]
    My_HAL.o(.text._ZN6My_halD0Ev) refers to new.cpp.o(.text._ZdlPvj) for operator delete(void*, unsigned int)
    My_HAL.o(.ARM.exidx.text._ZN6My_halD0Ev) refers to My_HAL.o(.text._ZN6My_halD0Ev) for [Anonymous Symbol]
    My_HAL.o(.text._ZN6My_hal4initEv) refers to tim.o(.bss.htim7) for htim7
    My_HAL.o(.text._ZN6My_hal4initEv) refers to stm32f4xx_hal_tim.o(.text.HAL_TIM_Base_Start_IT) for HAL_TIM_Base_Start_IT
    My_HAL.o(.text._ZN6My_hal4initEv) refers to tim.o(.bss.htim4) for htim4
    My_HAL.o(.text._ZN6My_hal4initEv) refers to stm32f4xx_hal_tim.o(.text.HAL_TIM_Base_Start) for HAL_TIM_Base_Start
    My_HAL.o(.text._ZN6My_hal4initEv) refers to stm32f4xx_hal_tim.o(.text.HAL_TIM_PWM_Start) for HAL_TIM_PWM_Start
    My_HAL.o(.text._ZN6My_hal4initEv) refers to tim.o(.bss.htim5) for htim5
    My_HAL.o(.text._ZN6My_hal4initEv) refers to dr16.o(.text._ZN10RM_Clicker4InitEv) for RM_Clicker::Init()
    My_HAL.o(.text._ZN6My_hal4initEv) refers to Bsp_Can.o(.text._Z8Can_Initv) for Can_Init()
    My_HAL.o(.ARM.exidx.text._ZN6My_hal4initEv) refers to Unwind-EHABI.cpp.o(.text.__aeabi_unwind_cpp_pr0) for __aeabi_unwind_cpp_pr0
    My_HAL.o(.ARM.exidx.text._ZN6My_hal4initEv) refers to My_HAL.o(.text._ZN6My_hal4initEv) for [Anonymous Symbol]
    EvenTask.o(.text._ZN8ISubjectD2Ev) refers to EvenTask.o(.rodata._ZTV8ISubject) for vtable for ISubject
    EvenTask.o(.text._ZN8ISubjectD2Ev) refers to new.cpp.o(.text._ZdlPvj) for operator delete(void*, unsigned int)
    EvenTask.o(.ARM.exidx.text._ZN8ISubjectD2Ev) refers to Unwind-EHABI.cpp.o(.text.__aeabi_unwind_cpp_pr0) for __aeabi_unwind_cpp_pr0
    EvenTask.o(.ARM.exidx.text._ZN8ISubjectD2Ev) refers to EvenTask.o(.text._ZN8ISubjectD2Ev) for [Anonymous Symbol]
    EvenTask.o(.ARM.exidx.text._ZN3Dir6NotifyEv) refers to Unwind-EHABI.cpp.o(.text.__aeabi_unwind_cpp_pr0) for __aeabi_unwind_cpp_pr0
    EvenTask.o(.ARM.exidx.text._ZN3Dir6NotifyEv) refers to EvenTask.o(.text._ZN3Dir6NotifyEv) for [Anonymous Symbol]
    EvenTask.o(.text._ZN3Dir6AttachEP9IObserver) refers to new.cpp.o(.text._Znwj) for operator new(unsigned int)
    EvenTask.o(.ARM.exidx.text._ZN3Dir6AttachEP9IObserver) refers to Unwind-EHABI.cpp.o(.text.__aeabi_unwind_cpp_pr0) for __aeabi_unwind_cpp_pr0
    EvenTask.o(.ARM.exidx.text._ZN3Dir6AttachEP9IObserver) refers to EvenTask.o(.text._ZN3Dir6AttachEP9IObserver) for [Anonymous Symbol]
    EvenTask.o(.text._ZN3Dir6DetachEP9IObserver) refers to EvenTask.o(.text._ZNSt3__24listIP9IObserverNS_9allocatorIS2_EEE6removeERKS2_) for std::__2::list<IObserver*, std::__2::allocator<IObserver*> >::remove(IObserver* const&)
    EvenTask.o(.ARM.exidx.text._ZN3Dir6DetachEP9IObserver) refers to Unwind-EHABI.cpp.o(.text.__aeabi_unwind_cpp_pr0) for __aeabi_unwind_cpp_pr0
    EvenTask.o(.ARM.exidx.text._ZN3Dir6DetachEP9IObserver) refers to EvenTask.o(.text._ZN3Dir6DetachEP9IObserver) for [Anonymous Symbol]
    EvenTask.o(.text._ZNSt3__24listIP9IObserverNS_9allocatorIS2_EEE6removeERKS2_) refers to new.cpp.o(.text._ZdlPvj) for operator delete(void*, unsigned int)
    EvenTask.o(.ARM.exidx.text._ZNSt3__24listIP9IObserverNS_9allocatorIS2_EEE6removeERKS2_) refers to Unwind-EHABI.cpp.o(.text.__aeabi_unwind_cpp_pr0) for __aeabi_unwind_cpp_pr0
    EvenTask.o(.ARM.exidx.text._ZNSt3__24listIP9IObserverNS_9allocatorIS2_EEE6removeERKS2_) refers to EvenTask.o(.text._ZNSt3__24listIP9IObserverNS_9allocatorIS2_EEE6removeERKS2_) for [Anonymous Symbol]
    EvenTask.o(.ARM.exidx.text._ZN9IObserverD0Ev) refers to EvenTask.o(.text._ZN9IObserverD0Ev) for [Anonymous Symbol]
    EvenTask.o(.rodata._ZTV3Dir) refers to EvenTask.o(.text._ZN3Dir6AttachEP9IObserver) for Dir::Attach(IObserver*)
    EvenTask.o(.rodata._ZTV3Dir) refers to EvenTask.o(.text._ZN3Dir6DetachEP9IObserver) for Dir::Detach(IObserver*)
    EvenTask.o(.rodata._ZTV3Dir) refers to EvenTask.o(.text._ZN3Dir6NotifyEv) for Dir::Notify()
    EvenTask.o(.rodata._ZTV8ISubject) refers to cxa_virtual.cpp.o(.text.__cxa_pure_virtual) for __cxa_pure_virtual
    EvenTask.o(.rodata._ZTV9IObserver) refers to cxa_virtual.cpp.o(.text.__cxa_pure_virtual) for __cxa_pure_virtual
    EvenTask.o(.rodata._ZTV9IObserver) refers to Buzzer.o(.text._ZN9IObserverD2Ev) for IObserver::~IObserver__sub_object()
    EvenTask.o(.rodata._ZTV9IObserver) refers to EvenTask.o(.text._ZN9IObserverD0Ev) for IObserver::~IObserver__deallocating()
    PowerTask.o(.text._ZN4Math3RLSILj2EEC2Eff) refers to arm_mat_init_f32.o(.text.arm_mat_init_f32) for arm_mat_init_f32
    PowerTask.o(.text._ZN4Math3RLSILj2EEC2Eff) refers to PowerTask.o(.text._ZN4Math3RLSILj2EE5resetEv) for Math::RLS<2u>::reset()
    PowerTask.o(.ARM.exidx.text._ZN4Math3RLSILj2EEC2Eff) refers to Unwind-EHABI.cpp.o(.text.__aeabi_unwind_cpp_pr0) for __aeabi_unwind_cpp_pr0
    PowerTask.o(.ARM.exidx.text._ZN4Math3RLSILj2EEC2Eff) refers to PowerTask.o(.text._ZN4Math3RLSILj2EEC2Eff) for [Anonymous Symbol]
    PowerTask.o(.text._ZN4Math3RLSILj2EE5resetEv) refers to arm_mat_init_f32.o(.text.arm_mat_init_f32) for arm_mat_init_f32
    PowerTask.o(.text._ZN4Math3RLSILj2EE5resetEv) refers to arm_mat_scale_f32.o(.text.arm_mat_scale_f32) for arm_mat_scale_f32
    PowerTask.o(.ARM.exidx.text._ZN4Math3RLSILj2EE5resetEv) refers to Unwind-EHABI.cpp.o(.text.__aeabi_unwind_cpp_pr0) for __aeabi_unwind_cpp_pr0
    PowerTask.o(.ARM.exidx.text._ZN4Math3RLSILj2EE5resetEv) refers to PowerTask.o(.text._ZN4Math3RLSILj2EE5resetEv) for [Anonymous Symbol]
    new.cpp.o(.text.__clang_call_terminate) refers to cxa_exception.cpp.o(.text.__cxa_begin_catch) for __cxa_begin_catch
    new.cpp.o(.text.__clang_call_terminate) refers to cxa_handlers.cpp.o(.text._ZSt9terminatev) for std::terminate()
    new.cpp.o(.ARM.exidx.text.__clang_call_terminate) refers to new.cpp.o(.text.__clang_call_terminate) for [Anonymous Symbol]
    libunwind.cpp.o(.ARM.exidx.text._ZN9libunwind20AbstractUnwindCursorD2Ev) refers to Unwind-EHABI.cpp.o(.text.__aeabi_unwind_cpp_pr0) for __aeabi_unwind_cpp_pr0
    libunwind.cpp.o(.ARM.exidx.text._ZN9libunwind20AbstractUnwindCursorD2Ev) refers to libunwind.cpp.o(.text._ZN9libunwind20AbstractUnwindCursorD2Ev) for [Anonymous Symbol]
    libunwind.cpp.o(.ARM.exidx.text._ZN9libunwind12UnwindCursorINS_17LocalAddressSpaceENS_13Registers_armEED0Ev) refers to Unwind-EHABI.cpp.o(.text.__aeabi_unwind_cpp_pr0) for __aeabi_unwind_cpp_pr0
    libunwind.cpp.o(.ARM.exidx.text._ZN9libunwind12UnwindCursorINS_17LocalAddressSpaceENS_13Registers_armEED0Ev) refers to libunwind.cpp.o(.text._ZN9libunwind12UnwindCursorINS_17LocalAddressSpaceENS_13Registers_armEED0Ev) for [Anonymous Symbol]
    libunwind.cpp.o(.ARM.exidx.text._ZN9libunwind12UnwindCursorINS_17LocalAddressSpaceENS_13Registers_armEE8validRegEi) refers to Unwind-EHABI.cpp.o(.text.__aeabi_unwind_cpp_pr0) for __aeabi_unwind_cpp_pr0
    libunwind.cpp.o(.ARM.exidx.text._ZN9libunwind12UnwindCursorINS_17LocalAddressSpaceENS_13Registers_armEE8validRegEi) refers to libunwind.cpp.o(.text._ZN9libunwind12UnwindCursorINS_17LocalAddressSpaceENS_13Registers_armEE8validRegEi) for [Anonymous Symbol]
    libunwind.cpp.o(.text._ZN9libunwind12UnwindCursorINS_17LocalAddressSpaceENS_13Registers_armEE6getRegEi) refers to abort.o(.text) for abort
    libunwind.cpp.o(.ARM.exidx.text._ZN9libunwind12UnwindCursorINS_17LocalAddressSpaceENS_13Registers_armEE6getRegEi) refers to Unwind-EHABI.cpp.o(.text.__aeabi_unwind_cpp_pr0) for __aeabi_unwind_cpp_pr0
    libunwind.cpp.o(.ARM.exidx.text._ZN9libunwind12UnwindCursorINS_17LocalAddressSpaceENS_13Registers_armEE6getRegEi) refers to libunwind.cpp.o(.text._ZN9libunwind12UnwindCursorINS_17LocalAddressSpaceENS_13Registers_armEE6getRegEi) for [Anonymous Symbol]
    libunwind.cpp.o(.text._ZN9libunwind12UnwindCursorINS_17LocalAddressSpaceENS_13Registers_armEE6setRegEij) refers to abort.o(.text) for abort
    libunwind.cpp.o(.ARM.exidx.text._ZN9libunwind12UnwindCursorINS_17LocalAddressSpaceENS_13Registers_armEE6setRegEij) refers to Unwind-EHABI.cpp.o(.text.__aeabi_unwind_cpp_pr0) for __aeabi_unwind_cpp_pr0
    libunwind.cpp.o(.ARM.exidx.text._ZN9libunwind12UnwindCursorINS_17LocalAddressSpaceENS_13Registers_armEE6setRegEij) refers to libunwind.cpp.o(.text._ZN9libunwind12UnwindCursorINS_17LocalAddressSpaceENS_13Registers_armEE6setRegEij) for [Anonymous Symbol]
    libunwind.cpp.o(.ARM.exidx.text._ZN9libunwind12UnwindCursorINS_17LocalAddressSpaceENS_13Registers_armEE13validFloatRegEi) refers to Unwind-EHABI.cpp.o(.text.__aeabi_unwind_cpp_pr0) for __aeabi_unwind_cpp_pr0
    libunwind.cpp.o(.ARM.exidx.text._ZN9libunwind12UnwindCursorINS_17LocalAddressSpaceENS_13Registers_armEE13validFloatRegEi) refers to libunwind.cpp.o(.text._ZN9libunwind12UnwindCursorINS_17LocalAddressSpaceENS_13Registers_armEE13validFloatRegEi) for [Anonymous Symbol]
    libunwind.cpp.o(.text._ZN9libunwind12UnwindCursorINS_17LocalAddressSpaceENS_13Registers_armEE11getFloatRegEi) refers to UnwindRegistersSave.S.o(.text) for libunwind::Registers_arm::saveVFPWithFSTMX(void*)
    libunwind.cpp.o(.text._ZN9libunwind12UnwindCursorINS_17LocalAddressSpaceENS_13Registers_armEE11getFloatRegEi) refers to abort.o(.text) for abort
    libunwind.cpp.o(.ARM.exidx.text._ZN9libunwind12UnwindCursorINS_17LocalAddressSpaceENS_13Registers_armEE11getFloatRegEi) refers to Unwind-EHABI.cpp.o(.text.__aeabi_unwind_cpp_pr0) for __aeabi_unwind_cpp_pr0
    libunwind.cpp.o(.ARM.exidx.text._ZN9libunwind12UnwindCursorINS_17LocalAddressSpaceENS_13Registers_armEE11getFloatRegEi) refers to libunwind.cpp.o(.text._ZN9libunwind12UnwindCursorINS_17LocalAddressSpaceENS_13Registers_armEE11getFloatRegEi) for [Anonymous Symbol]
    libunwind.cpp.o(.text._ZN9libunwind12UnwindCursorINS_17LocalAddressSpaceENS_13Registers_armEE11setFloatRegEiy) refers to UnwindRegistersSave.S.o(.text) for libunwind::Registers_arm::saveVFPWithFSTMX(void*)
    libunwind.cpp.o(.text._ZN9libunwind12UnwindCursorINS_17LocalAddressSpaceENS_13Registers_armEE11setFloatRegEiy) refers to abort.o(.text) for abort
    libunwind.cpp.o(.ARM.exidx.text._ZN9libunwind12UnwindCursorINS_17LocalAddressSpaceENS_13Registers_armEE11setFloatRegEiy) refers to Unwind-EHABI.cpp.o(.text.__aeabi_unwind_cpp_pr0) for __aeabi_unwind_cpp_pr0
    libunwind.cpp.o(.ARM.exidx.text._ZN9libunwind12UnwindCursorINS_17LocalAddressSpaceENS_13Registers_armEE11setFloatRegEiy) refers to libunwind.cpp.o(.text._ZN9libunwind12UnwindCursorINS_17LocalAddressSpaceENS_13Registers_armEE11setFloatRegEiy) for [Anonymous Symbol]
    libunwind.cpp.o(.text._ZN9libunwind12UnwindCursorINS_17LocalAddressSpaceENS_13Registers_armEE4stepEv) refers to libunwind.cpp.o(.text._ZN9libunwind12UnwindCursorINS_17LocalAddressSpaceENS_13Registers_armEE13stepWithEHABIEv) for libunwind::UnwindCursor<libunwind::LocalAddressSpace, libunwind::Registers_arm>::stepWithEHABI()
    libunwind.cpp.o(.ARM.exidx.text._ZN9libunwind12UnwindCursorINS_17LocalAddressSpaceENS_13Registers_armEE4stepEv) refers to Unwind-EHABI.cpp.o(.text.__aeabi_unwind_cpp_pr0) for __aeabi_unwind_cpp_pr0
    libunwind.cpp.o(.ARM.exidx.text._ZN9libunwind12UnwindCursorINS_17LocalAddressSpaceENS_13Registers_armEE4stepEv) refers to libunwind.cpp.o(.text._ZN9libunwind12UnwindCursorINS_17LocalAddressSpaceENS_13Registers_armEE4stepEv) for [Anonymous Symbol]
    libunwind.cpp.o(.text._ZN9libunwind12UnwindCursorINS_17LocalAddressSpaceENS_13Registers_armEE7getInfoEP15unw_proc_info_t) refers to rt_memclr_w.o(.text) for __aeabi_memclr4
    libunwind.cpp.o(.ARM.exidx.text._ZN9libunwind12UnwindCursorINS_17LocalAddressSpaceENS_13Registers_armEE7getInfoEP15unw_proc_info_t) refers to Unwind-EHABI.cpp.o(.text.__aeabi_unwind_cpp_pr0) for __aeabi_unwind_cpp_pr0
    libunwind.cpp.o(.ARM.exidx.text._ZN9libunwind12UnwindCursorINS_17LocalAddressSpaceENS_13Registers_armEE7getInfoEP15unw_proc_info_t) refers to libunwind.cpp.o(.text._ZN9libunwind12UnwindCursorINS_17LocalAddressSpaceENS_13Registers_armEE7getInfoEP15unw_proc_info_t) for [Anonymous Symbol]
    libunwind.cpp.o(.text._ZN9libunwind12UnwindCursorINS_17LocalAddressSpaceENS_13Registers_armEE6jumptoEv) refers to libunwind.cpp.o(.text._ZN9libunwind13Registers_arm26restoreSavedFloatRegistersEv) for libunwind::Registers_arm::restoreSavedFloatRegisters()
    libunwind.cpp.o(.text._ZN9libunwind12UnwindCursorINS_17LocalAddressSpaceENS_13Registers_armEE6jumptoEv) refers to UnwindRegistersRestore.S.o(.text) for libunwind::Registers_arm::restoreCoreAndJumpTo()
    libunwind.cpp.o(.ARM.exidx.text._ZN9libunwind12UnwindCursorINS_17LocalAddressSpaceENS_13Registers_armEE6jumptoEv) refers to Unwind-EHABI.cpp.o(.text.__aeabi_unwind_cpp_pr0) for __aeabi_unwind_cpp_pr0
    libunwind.cpp.o(.ARM.exidx.text._ZN9libunwind12UnwindCursorINS_17LocalAddressSpaceENS_13Registers_armEE6jumptoEv) refers to libunwind.cpp.o(.text._ZN9libunwind12UnwindCursorINS_17LocalAddressSpaceENS_13Registers_armEE6jumptoEv) for [Anonymous Symbol]
    libunwind.cpp.o(.ARM.exidx.text._ZN9libunwind12UnwindCursorINS_17LocalAddressSpaceENS_13Registers_armEE13isSignalFrameEv) refers to Unwind-EHABI.cpp.o(.text.__aeabi_unwind_cpp_pr0) for __aeabi_unwind_cpp_pr0
    libunwind.cpp.o(.ARM.exidx.text._ZN9libunwind12UnwindCursorINS_17LocalAddressSpaceENS_13Registers_armEE13isSignalFrameEv) refers to libunwind.cpp.o(.text._ZN9libunwind12UnwindCursorINS_17LocalAddressSpaceENS_13Registers_armEE13isSignalFrameEv) for [Anonymous Symbol]
    libunwind.cpp.o(.ARM.exidx.text._ZN9libunwind12UnwindCursorINS_17LocalAddressSpaceENS_13Registers_armEE15getFunctionNameEPcjPj) refers to Unwind-EHABI.cpp.o(.text.__aeabi_unwind_cpp_pr0) for __aeabi_unwind_cpp_pr0
    libunwind.cpp.o(.ARM.exidx.text._ZN9libunwind12UnwindCursorINS_17LocalAddressSpaceENS_13Registers_armEE15getFunctionNameEPcjPj) refers to libunwind.cpp.o(.text._ZN9libunwind12UnwindCursorINS_17LocalAddressSpaceENS_13Registers_armEE15getFunctionNameEPcjPj) for [Anonymous Symbol]
    libunwind.cpp.o(.text._ZN9libunwind12UnwindCursorINS_17LocalAddressSpaceENS_13Registers_armEE24setInfoBasedOnIPRegisterEb) refers to libunwind.cpp.o(.text._ZN9libunwind12UnwindCursorINS_17LocalAddressSpaceENS_13Registers_armEE23getInfoFromEHABISectionEjRKNS_18UnwindInfoSectionsE) for libunwind::UnwindCursor<libunwind::LocalAddressSpace, libunwind::Registers_arm>::getInfoFromEHABISection(unsigned int, libunwind::UnwindInfoSections const&)
    libunwind.cpp.o(.ARM.exidx.text._ZN9libunwind12UnwindCursorINS_17LocalAddressSpaceENS_13Registers_armEE24setInfoBasedOnIPRegisterEb) refers to Unwind-EHABI.cpp.o(.text.__aeabi_unwind_cpp_pr0) for __aeabi_unwind_cpp_pr0
    libunwind.cpp.o(.ARM.exidx.text._ZN9libunwind12UnwindCursorINS_17LocalAddressSpaceENS_13Registers_armEE24setInfoBasedOnIPRegisterEb) refers to libunwind.cpp.o(.text._ZN9libunwind12UnwindCursorINS_17LocalAddressSpaceENS_13Registers_armEE24setInfoBasedOnIPRegisterEb) for [Anonymous Symbol]
    libunwind.cpp.o(.text._ZN9libunwind12UnwindCursorINS_17LocalAddressSpaceENS_13Registers_armEE15getRegisterNameEi) refers to libunwind.cpp.o(.text._ZN9libunwind13Registers_arm15getRegisterNameEi) for libunwind::Registers_arm::getRegisterName(int)
    libunwind.cpp.o(.ARM.exidx.text._ZN9libunwind12UnwindCursorINS_17LocalAddressSpaceENS_13Registers_armEE15getRegisterNameEi) refers to Unwind-EHABI.cpp.o(.text.__aeabi_unwind_cpp_pr0) for __aeabi_unwind_cpp_pr0
    libunwind.cpp.o(.ARM.exidx.text._ZN9libunwind12UnwindCursorINS_17LocalAddressSpaceENS_13Registers_armEE15getRegisterNameEi) refers to libunwind.cpp.o(.text._ZN9libunwind12UnwindCursorINS_17LocalAddressSpaceENS_13Registers_armEE15getRegisterNameEi) for [Anonymous Symbol]
    libunwind.cpp.o(.ARM.exidx.text._ZN9libunwind12UnwindCursorINS_17LocalAddressSpaceENS_13Registers_armEE10saveVFPAsXEv) refers to Unwind-EHABI.cpp.o(.text.__aeabi_unwind_cpp_pr0) for __aeabi_unwind_cpp_pr0
    libunwind.cpp.o(.ARM.exidx.text._ZN9libunwind12UnwindCursorINS_17LocalAddressSpaceENS_13Registers_armEE10saveVFPAsXEv) refers to libunwind.cpp.o(.text._ZN9libunwind12UnwindCursorINS_17LocalAddressSpaceENS_13Registers_armEE10saveVFPAsXEv) for [Anonymous Symbol]
    libunwind.cpp.o(.text._ZN9libunwind12UnwindCursorINS_17LocalAddressSpaceENS_13Registers_armEE13stepWithEHABIEv) refers to Unwind-EHABI.cpp.o(.text.decode_eht_entry) for decode_eht_entry
    libunwind.cpp.o(.text._ZN9libunwind12UnwindCursorINS_17LocalAddressSpaceENS_13Registers_armEE13stepWithEHABIEv) refers to Unwind-EHABI.cpp.o(.text._Unwind_VRS_Interpret) for _Unwind_VRS_Interpret
    libunwind.cpp.o(.ARM.exidx.text._ZN9libunwind12UnwindCursorINS_17LocalAddressSpaceENS_13Registers_armEE13stepWithEHABIEv) refers to Unwind-EHABI.cpp.o(.text.__aeabi_unwind_cpp_pr0) for __aeabi_unwind_cpp_pr0
    libunwind.cpp.o(.ARM.exidx.text._ZN9libunwind12UnwindCursorINS_17LocalAddressSpaceENS_13Registers_armEE13stepWithEHABIEv) refers to libunwind.cpp.o(.text._ZN9libunwind12UnwindCursorINS_17LocalAddressSpaceENS_13Registers_armEE13stepWithEHABIEv) for [Anonymous Symbol]
    libunwind.cpp.o(.text._ZN9libunwind13Registers_arm26restoreSavedFloatRegistersEv) refers to UnwindRegistersRestore.S.o(.text) for libunwind::Registers_arm::restoreVFPWithFLDMX(void*)
    libunwind.cpp.o(.ARM.exidx.text._ZN9libunwind13Registers_arm26restoreSavedFloatRegistersEv) refers to Unwind-EHABI.cpp.o(.text.__aeabi_unwind_cpp_pr0) for __aeabi_unwind_cpp_pr0
    libunwind.cpp.o(.ARM.exidx.text._ZN9libunwind13Registers_arm26restoreSavedFloatRegistersEv) refers to libunwind.cpp.o(.text._ZN9libunwind13Registers_arm26restoreSavedFloatRegistersEv) for [Anonymous Symbol]
    libunwind.cpp.o(.text._ZN9libunwind12UnwindCursorINS_17LocalAddressSpaceENS_13Registers_armEE23getInfoFromEHABISectionEjRKNS_18UnwindInfoSectionsE) refers to Unwind-EHABI.cpp.o(.text.__aeabi_unwind_cpp_pr0) for __aeabi_unwind_cpp_pr0
    libunwind.cpp.o(.text._ZN9libunwind12UnwindCursorINS_17LocalAddressSpaceENS_13Registers_armEE23getInfoFromEHABISectionEjRKNS_18UnwindInfoSectionsE) refers to Unwind-EHABI.cpp.o(.text.__aeabi_unwind_cpp_pr2) for __aeabi_unwind_cpp_pr2
    libunwind.cpp.o(.text._ZN9libunwind12UnwindCursorINS_17LocalAddressSpaceENS_13Registers_armEE23getInfoFromEHABISectionEjRKNS_18UnwindInfoSectionsE) refers to Unwind-EHABI.cpp.o(.text.__aeabi_unwind_cpp_pr1) for __aeabi_unwind_cpp_pr1
    libunwind.cpp.o(.text._ZN9libunwind12UnwindCursorINS_17LocalAddressSpaceENS_13Registers_armEE23getInfoFromEHABISectionEjRKNS_18UnwindInfoSectionsE) refers to abort.o(.text) for abort
    libunwind.cpp.o(.ARM.exidx.text._ZN9libunwind12UnwindCursorINS_17LocalAddressSpaceENS_13Registers_armEE23getInfoFromEHABISectionEjRKNS_18UnwindInfoSectionsE) refers to Unwind-EHABI.cpp.o(.text.__aeabi_unwind_cpp_pr0) for __aeabi_unwind_cpp_pr0
    libunwind.cpp.o(.ARM.exidx.text._ZN9libunwind12UnwindCursorINS_17LocalAddressSpaceENS_13Registers_armEE23getInfoFromEHABISectionEjRKNS_18UnwindInfoSectionsE) refers to libunwind.cpp.o(.text._ZN9libunwind12UnwindCursorINS_17LocalAddressSpaceENS_13Registers_armEE23getInfoFromEHABISectionEjRKNS_18UnwindInfoSectionsE) for [Anonymous Symbol]
    libunwind.cpp.o(.text._ZN9libunwind13Registers_arm15getRegisterNameEi) refers to libunwind.cpp.o(.rodata.str1.1) for .L.str
    libunwind.cpp.o(.ARM.exidx.text._ZN9libunwind13Registers_arm15getRegisterNameEi) refers to Unwind-EHABI.cpp.o(.text.__aeabi_unwind_cpp_pr0) for __aeabi_unwind_cpp_pr0
    libunwind.cpp.o(.ARM.exidx.text._ZN9libunwind13Registers_arm15getRegisterNameEi) refers to libunwind.cpp.o(.text._ZN9libunwind13Registers_arm15getRegisterNameEi) for [Anonymous Symbol]
    libunwind.cpp.o(.rodata._ZTVN9libunwind12UnwindCursorINS_17LocalAddressSpaceENS_13Registers_armEEE) refers to libunwind.cpp.o(.text._ZN9libunwind20AbstractUnwindCursorD2Ev) for libunwind::AbstractUnwindCursor::~AbstractUnwindCursor__sub_object()
    libunwind.cpp.o(.rodata._ZTVN9libunwind12UnwindCursorINS_17LocalAddressSpaceENS_13Registers_armEEE) refers to libunwind.cpp.o(.text._ZN9libunwind12UnwindCursorINS_17LocalAddressSpaceENS_13Registers_armEED0Ev) for libunwind::UnwindCursor<libunwind::LocalAddressSpace, libunwind::Registers_arm>::~UnwindCursor__deallocating()
    libunwind.cpp.o(.rodata._ZTVN9libunwind12UnwindCursorINS_17LocalAddressSpaceENS_13Registers_armEEE) refers to libunwind.cpp.o(.text._ZN9libunwind12UnwindCursorINS_17LocalAddressSpaceENS_13Registers_armEE8validRegEi) for libunwind::UnwindCursor<libunwind::LocalAddressSpace, libunwind::Registers_arm>::validReg(int)
    libunwind.cpp.o(.rodata._ZTVN9libunwind12UnwindCursorINS_17LocalAddressSpaceENS_13Registers_armEEE) refers to libunwind.cpp.o(.text._ZN9libunwind12UnwindCursorINS_17LocalAddressSpaceENS_13Registers_armEE6getRegEi) for libunwind::UnwindCursor<libunwind::LocalAddressSpace, libunwind::Registers_arm>::getReg(int)
    libunwind.cpp.o(.rodata._ZTVN9libunwind12UnwindCursorINS_17LocalAddressSpaceENS_13Registers_armEEE) refers to libunwind.cpp.o(.text._ZN9libunwind12UnwindCursorINS_17LocalAddressSpaceENS_13Registers_armEE6setRegEij) for libunwind::UnwindCursor<libunwind::LocalAddressSpace, libunwind::Registers_arm>::setReg(int, unsigned int)
    libunwind.cpp.o(.rodata._ZTVN9libunwind12UnwindCursorINS_17LocalAddressSpaceENS_13Registers_armEEE) refers to libunwind.cpp.o(.text._ZN9libunwind12UnwindCursorINS_17LocalAddressSpaceENS_13Registers_armEE13validFloatRegEi) for libunwind::UnwindCursor<libunwind::LocalAddressSpace, libunwind::Registers_arm>::validFloatReg(int)
    libunwind.cpp.o(.rodata._ZTVN9libunwind12UnwindCursorINS_17LocalAddressSpaceENS_13Registers_armEEE) refers to libunwind.cpp.o(.text._ZN9libunwind12UnwindCursorINS_17LocalAddressSpaceENS_13Registers_armEE11getFloatRegEi) for libunwind::UnwindCursor<libunwind::LocalAddressSpace, libunwind::Registers_arm>::getFloatReg(int)
    libunwind.cpp.o(.rodata._ZTVN9libunwind12UnwindCursorINS_17LocalAddressSpaceENS_13Registers_armEEE) refers to libunwind.cpp.o(.text._ZN9libunwind12UnwindCursorINS_17LocalAddressSpaceENS_13Registers_armEE11setFloatRegEiy) for libunwind::UnwindCursor<libunwind::LocalAddressSpace, libunwind::Registers_arm>::setFloatReg(int, unsigned long long)
    libunwind.cpp.o(.rodata._ZTVN9libunwind12UnwindCursorINS_17LocalAddressSpaceENS_13Registers_armEEE) refers to libunwind.cpp.o(.text._ZN9libunwind12UnwindCursorINS_17LocalAddressSpaceENS_13Registers_armEE4stepEv) for libunwind::UnwindCursor<libunwind::LocalAddressSpace, libunwind::Registers_arm>::step()
    libunwind.cpp.o(.rodata._ZTVN9libunwind12UnwindCursorINS_17LocalAddressSpaceENS_13Registers_armEEE) refers to libunwind.cpp.o(.text._ZN9libunwind12UnwindCursorINS_17LocalAddressSpaceENS_13Registers_armEE7getInfoEP15unw_proc_info_t) for libunwind::UnwindCursor<libunwind::LocalAddressSpace, libunwind::Registers_arm>::getInfo(unw_proc_info_t*)
    libunwind.cpp.o(.rodata._ZTVN9libunwind12UnwindCursorINS_17LocalAddressSpaceENS_13Registers_armEEE) refers to libunwind.cpp.o(.text._ZN9libunwind12UnwindCursorINS_17LocalAddressSpaceENS_13Registers_armEE6jumptoEv) for libunwind::UnwindCursor<libunwind::LocalAddressSpace, libunwind::Registers_arm>::jumpto()
    libunwind.cpp.o(.rodata._ZTVN9libunwind12UnwindCursorINS_17LocalAddressSpaceENS_13Registers_armEEE) refers to libunwind.cpp.o(.text._ZN9libunwind12UnwindCursorINS_17LocalAddressSpaceENS_13Registers_armEE13isSignalFrameEv) for libunwind::UnwindCursor<libunwind::LocalAddressSpace, libunwind::Registers_arm>::isSignalFrame()
    libunwind.cpp.o(.rodata._ZTVN9libunwind12UnwindCursorINS_17LocalAddressSpaceENS_13Registers_armEEE) refers to libunwind.cpp.o(.text._ZN9libunwind12UnwindCursorINS_17LocalAddressSpaceENS_13Registers_armEE15getFunctionNameEPcjPj) for libunwind::UnwindCursor<libunwind::LocalAddressSpace, libunwind::Registers_arm>::getFunctionName(char*, unsigned int, unsigned int*)
    libunwind.cpp.o(.rodata._ZTVN9libunwind12UnwindCursorINS_17LocalAddressSpaceENS_13Registers_armEEE) refers to libunwind.cpp.o(.text._ZN9libunwind12UnwindCursorINS_17LocalAddressSpaceENS_13Registers_armEE24setInfoBasedOnIPRegisterEb) for libunwind::UnwindCursor<libunwind::LocalAddressSpace, libunwind::Registers_arm>::setInfoBasedOnIPRegister(bool)
    libunwind.cpp.o(.rodata._ZTVN9libunwind12UnwindCursorINS_17LocalAddressSpaceENS_13Registers_armEEE) refers to libunwind.cpp.o(.text._ZN9libunwind12UnwindCursorINS_17LocalAddressSpaceENS_13Registers_armEE15getRegisterNameEi) for libunwind::UnwindCursor<libunwind::LocalAddressSpace, libunwind::Registers_arm>::getRegisterName(int)
    libunwind.cpp.o(.rodata._ZTVN9libunwind12UnwindCursorINS_17LocalAddressSpaceENS_13Registers_armEEE) refers to libunwind.cpp.o(.text._ZN9libunwind12UnwindCursorINS_17LocalAddressSpaceENS_13Registers_armEE10saveVFPAsXEv) for libunwind::UnwindCursor<libunwind::LocalAddressSpace, libunwind::Registers_arm>::saveVFPAsX()

