Component: ARM Compiler 6.14.1 Tool: armlink [5db06d00]

==============================================================================

Section Cross References

    startup_stm32f407xx.o(STACK) refers (Special) to heapauxi.o(.text) for __use_two_region_memory
    startup_stm32f407xx.o(HEAP) refers (Special) to heapauxi.o(.text) for __use_two_region_memory
    startup_stm32f407xx.o(RESET) refers (Special) to heapauxi.o(.text) for __use_two_region_memory
    startup_stm32f407xx.o(RESET) refers to startup_stm32f407xx.o(STACK) for __initial_sp
    startup_stm32f407xx.o(RESET) refers to startup_stm32f407xx.o(.text) for Reset_Handler
    startup_stm32f407xx.o(RESET) refers to stm32f4xx_it.o(.text.NMI_Handler) for NMI_Handler
    startup_stm32f407xx.o(RESET) refers to stm32f4xx_it.o(.text.HardFault_Handler) for HardFault_Handler
    startup_stm32f407xx.o(RESET) refers to stm32f4xx_it.o(.text.MemManage_Handler) for MemManage_Handler
    startup_stm32f407xx.o(RESET) refers to stm32f4xx_it.o(.text.BusFault_Handler) for BusFault_Handler
    startup_stm32f407xx.o(RESET) refers to stm32f4xx_it.o(.text.UsageFault_Handler) for UsageFault_Handler
    startup_stm32f407xx.o(RESET) refers to port.o(.text.SVC_Handler) for SVC_Handler
    startup_stm32f407xx.o(RESET) refers to stm32f4xx_it.o(.text.DebugMon_Handler) for DebugMon_Handler
    startup_stm32f407xx.o(RESET) refers to port.o(.text.PendSV_Handler) for PendSV_Handler
    startup_stm32f407xx.o(RESET) refers to cmsis_os2.o(.text.SysTick_Handler) for SysTick_Handler
    startup_stm32f407xx.o(RESET) refers to stm32f4xx_it.o(.text.DMA1_Stream1_IRQHandler) for DMA1_Stream1_IRQHandler
    startup_stm32f407xx.o(RESET) refers to stm32f4xx_it.o(.text.DMA1_Stream3_IRQHandler) for DMA1_Stream3_IRQHandler
    startup_stm32f407xx.o(RESET) refers to stm32f4xx_it.o(.text.CAN1_RX0_IRQHandler) for CAN1_RX0_IRQHandler
    startup_stm32f407xx.o(RESET) refers to stm32f4xx_it.o(.text.CAN1_RX1_IRQHandler) for CAN1_RX1_IRQHandler
    startup_stm32f407xx.o(RESET) refers to stm32f4xx_it.o(.text.TIM1_UP_TIM10_IRQHandler) for TIM1_UP_TIM10_IRQHandler
    startup_stm32f407xx.o(RESET) refers to stm32f4xx_it.o(.text.USART1_IRQHandler) for USART1_IRQHandler
    startup_stm32f407xx.o(RESET) refers to stm32f4xx_it.o(.text.USART3_IRQHandler) for USART3_IRQHandler
    startup_stm32f407xx.o(RESET) refers to stm32f4xx_it.o(.text.TIM7_IRQHandler) for TIM7_IRQHandler
    startup_stm32f407xx.o(RESET) refers to stm32f4xx_it.o(.text.DMA2_Stream1_IRQHandler) for DMA2_Stream1_IRQHandler
    startup_stm32f407xx.o(RESET) refers to stm32f4xx_it.o(.text.DMA2_Stream2_IRQHandler) for DMA2_Stream2_IRQHandler
    startup_stm32f407xx.o(RESET) refers to stm32f4xx_it.o(.text.CAN2_RX0_IRQHandler) for CAN2_RX0_IRQHandler
    startup_stm32f407xx.o(RESET) refers to stm32f4xx_it.o(.text.CAN2_RX1_IRQHandler) for CAN2_RX1_IRQHandler
    startup_stm32f407xx.o(RESET) refers to stm32f4xx_it.o(.text.DMA2_Stream6_IRQHandler) for DMA2_Stream6_IRQHandler
    startup_stm32f407xx.o(RESET) refers to stm32f4xx_it.o(.text.DMA2_Stream7_IRQHandler) for DMA2_Stream7_IRQHandler
    startup_stm32f407xx.o(RESET) refers to stm32f4xx_it.o(.text.USART6_IRQHandler) for USART6_IRQHandler
    startup_stm32f407xx.o(.text) refers (Special) to heapauxi.o(.text) for __use_two_region_memory
    startup_stm32f407xx.o(.text) refers to system_stm32f4xx.o(.text.SystemInit) for SystemInit
    startup_stm32f407xx.o(.text) refers to __main.o(!!!main) for __main
    startup_stm32f407xx.o(.text) refers to startup_stm32f407xx.o(HEAP) for Heap_Mem
    startup_stm32f407xx.o(.text) refers to startup_stm32f407xx.o(STACK) for Stack_Mem
    main.o(.text.main) refers to stm32f4xx_hal.o(.text.HAL_Init) for HAL_Init
    main.o(.text.main) refers to main.o(.text.SystemClock_Config) for SystemClock_Config
    main.o(.text.main) refers to gpio.o(.text.MX_GPIO_Init) for MX_GPIO_Init
    main.o(.text.main) refers to dma.o(.text.MX_DMA_Init) for MX_DMA_Init
    main.o(.text.main) refers to can.o(.text.MX_CAN1_Init) for MX_CAN1_Init
    main.o(.text.main) refers to can.o(.text.MX_CAN2_Init) for MX_CAN2_Init
    main.o(.text.main) refers to usart.o(.text.MX_USART1_UART_Init) for MX_USART1_UART_Init
    main.o(.text.main) refers to usart.o(.text.MX_USART3_UART_Init) for MX_USART3_UART_Init
    main.o(.text.main) refers to usart.o(.text.MX_USART6_UART_Init) for MX_USART6_UART_Init
    main.o(.text.main) refers to tim.o(.text.MX_TIM7_Init) for MX_TIM7_Init
    main.o(.text.main) refers to init.o(.text.Init) for Init
    main.o(.text.main) refers to cmsis_os2.o(.text.osKernelInitialize) for osKernelInitialize
    main.o(.text.main) refers to freertos.o(.text.MX_FREERTOS_Init) for MX_FREERTOS_Init
    main.o(.text.main) refers to cmsis_os2.o(.text.osKernelStart) for osKernelStart
    main.o(.ARM.exidx.text.main) refers to main.o(.text.main) for [Anonymous Symbol]
    main.o(.text.SystemClock_Config) refers to rt_memclr_w.o(.text) for __aeabi_memclr4
[...]
    xTickCount                               0x20004df8   Data           4  tasks.o(.bss.xTickCount)
    [Anonymous Symbol]                       0x20004df8   Section        0  tasks.o(.bss.xTickCount)
    xTimerQueue                              0x20004dfc   Data           4  timers.o(.bss.xTimerQueue)
    [Anonymous Symbol]                       0x20004dfc   Section        0  timers.o(.bss.xTimerQueue)
    xTimerTaskHandle                         0x20004e00   Data           4  timers.o(.bss.xTimerTaskHandle)
    [Anonymous Symbol]                       0x20004e00   Section        0  timers.o(.bss.xTimerTaskHandle)
    xYieldPending                            0x20004e04   Data           4  tasks.o(.bss.xYieldPending)
    [Anonymous Symbol]                       0x20004e04   Section        0  tasks.o(.bss.xYieldPending)
    Heap_Mem                                 0x20004e08   Data         512  startup_stm32f407xx.o(HEAP)
    HEAP                                     0x20004e08   Section      512  startup_stm32f407xx.o(HEAP)
    Stack_Mem                                0x20005008   Data        1024  startup_stm32f407xx.o(STACK)
    STACK                                    0x20005008   Section     1024  startup_stm32f407xx.o(STACK)
    __initial_sp                             0x20005408   Data           0  startup_stm32f407xx.o(STACK)

    Global Symbols

    Symbol Name                              Value     Ov Type        Size  Object(Section)

    BuildAttributes$$THM_ISAv4$E$P$D$K$B$S$7EM$VFPi3$EXTD16$VFPS$VFMA$PE$A:L22UL41UL21$X:L11$S22US41US21$IEEE1$IW$~IW$USESV6$~STKCKD$USESV7$~SHL$OTIME$ROPI$EBA8$UX$STANDARDLIB$REQ8$PRES8$EABIv2 0x00000000   Number         0  anon$$obj.o ABSOLUTE
    __ARM_exceptions_init                     - Undefined Weak Reference
    __alloca_initialize                       - Undefined Weak Reference
    __arm_preinit_                            - Undefined Weak Reference
    __cxa_finalize                            - Undefined Weak Reference
    __rt_locale                               - Undefined Weak Reference
    __sigvec_lookup                           - Undefined Weak Reference
    _atexit_init                              - Undefined Weak Reference
    _call_atexit_fns                          - Undefined Weak Reference
    _clock_init                               - Undefined Weak Reference
    _fp_trap_init                             - Undefined Weak Reference
    _fp_trap_shutdown                         - Undefined Weak Reference
    _get_lc_collate                           - Undefined Weak Reference
    _get_lc_ctype                             - Undefined Weak Reference
    _get_lc_monetary                          - Undefined Weak Reference
    _get_lc_numeric                           - Undefined Weak Reference
    _get_lc_time                              - Undefined Weak Reference
    _getenv_init                              - Undefined Weak Reference
    _handle_redirection                       - Undefined Weak Reference
    _init_alloc                               - Undefined Weak Reference
    _init_user_alloc                          - Undefined Weak Reference
    _initio                                   - Undefined Weak Reference
    _rand_init                                - Undefined Weak Reference
    _signal_finish                            - Undefined Weak Reference
    _signal_init                              - Undefined Weak Reference
    _terminate_alloc                          - Undefined Weak Reference
    _terminate_user_alloc                     - Undefined Weak Reference
    _terminateio                              - Undefined Weak Reference
    __Vectors_Size                           0x00000188   Number         0  startup_stm32f407xx.o ABSOLUTE
    __Vectors                                0x08000000   Data           4  startup_stm32f407xx.o(RESET)
    __Vectors_End                            0x08000188   Data           0  startup_stm32f407xx.o(RESET)
    __main                                   0x08000189   Thumb Code     8  __main.o(!!!main)
    __scatterload                            0x08000191   Thumb Code     0  __scatter.o(!!!scatter)
    __scatterload_rt2                        0x08000191   Thumb Code    44  __scatter.o(!!!scatter)
    __scatterload_rt2_thumb_only             0x08000191   Thumb Code     0  __scatter.o(!!!scatter)
    __scatterload_null                       0x0800019f   Thumb Code     0  __scatter.o(!!!scatter)
    __scatterload_copy                       0x080001c5   Thumb Code    26  __scatter_copy.o(!!handler_copy)
    __scatterload_zeroinit                   0x080001e1   Thumb Code    28  __scatter_zi.o(!!handler_zi)
    __rt_lib_init                            0x080001fd   Thumb Code     0  libinit.o(.ARM.Collect$$libinit$$00000000)
    __rt_lib_init_fp_1                       0x080001ff   Thumb Code     0  libinit2.o(.ARM.Collect$$libinit$$00000001)
    __rt_lib_init_alloca_1                   0x08000203   Thumb Code     0  libinit2.o(.ARM.Collect$$libinit$$0000002E)
    __rt_lib_init_argv_1                     0x08000203   Thumb Code     0  libinit2.o(.ARM.Collect$$libinit$$0000002C)
    __rt_lib_init_atexit_1                   0x08000203   Thumb Code     0  libinit2.o(.ARM.Collect$$libinit$$0000001B)
    __rt_lib_init_clock_1                    0x08000203   Thumb Code     0  libinit2.o(.ARM.Collect$$libinit$$00000021)
    __rt_lib_init_cpp_2                      0x08000203   Thumb Code     0  libinit2.o(.ARM.Collect$$libinit$$00000031)
    __rt_lib_init_exceptions_1               0x08000203   Thumb Code     0  libinit2.o(.ARM.Collect$$libinit$$00000030)
    __rt_lib_init_fp_trap_1                  0x08000203   Thumb Code     0  libinit2.o(.ARM.Collect$$libinit$$0000001F)
    __rt_lib_init_getenv_1                   0x08000203   Thumb Code     0  libinit2.o(.ARM.Collect$$libinit$$00000023)
    __rt_lib_init_heap_1                     0x08000203   Thumb Code     0  libinit2.o(.ARM.Collect$$libinit$$0000000A)
    __rt_lib_init_lc_collate_1               0x08000203   Thumb Code     0  libinit2.o(.ARM.Collect$$libinit$$00000011)
    __rt_lib_init_lc_ctype_1                 0x08000203   Thumb Code     0  libinit2.o(.ARM.Collect$$libinit$$00000013)
    __rt_lib_init_lc_monetary_1              0x08000203   Thumb Code     0  libinit2.o(.ARM.Collect$$libinit$$00000015)
    __rt_lib_init_lc_numeric_1               0x08000203   Thumb Code     0  libinit2.o(.ARM.Collect$$libinit$$00000017)
    __rt_lib_init_lc_time_1                  0x08000203   Thumb Code     0  libinit2.o(.ARM.Collect$$libinit$$00000019)
    __rt_lib_init_preinit_1                  0x08000203   Thumb Code     0  libinit2.o(.ARM.Collect$$libinit$$00000004)
    __rt_lib_init_rand_1                     0x08000203   Thumb Code     0  libinit2.o(.ARM.Collect$$libinit$$0000000E)
    __rt_lib_init_signal_1                   0x08000203   Thumb Code     0  libinit2.o(.ARM.Collect$$libinit$$0000001D)
    __rt_lib_init_stdio_1                    0x08000203   Thumb Code     0  libinit2.o(.ARM.Collect$$libinit$$00000025)
    __rt_lib_init_user_alloc_1               0x08000203   Thumb Code     0  libinit2.o(.ARM.Collect$$libinit$$0000000C)
    __rt_lib_init_cpp_1                      0x08000207   Thumb Code     0  libinit2.o(.ARM.Collect$$libinit$$00000032)
    __rt_lib_init_return                     0x08000207   Thumb Code     0  libinit2.o(.ARM.Collect$$libinit$$00000033)
    __rt_lib_shutdown                        0x08000209   Thumb Code     0  libshutdown.o(.ARM.Collect$$libshutdown$$00000000)
    __rt_lib_shutdown_cpp_1                  0x0800020b   Thumb Code     0  libshutdown2.o(.ARM.Collect$$libshutdown$$00000002)
    __rt_lib_shutdown_fp_trap_1              0x0800020b   Thumb Code     0  libshutdown2.o(.ARM.Collect$$libshutdown$$00000007)
    __rt_lib_shutdown_heap_1                 0x0800020b   Thumb Code     0  libshutdown2.o(.ARM.Collect$$libshutdown$$0000000F)
    __rt_lib_shutdown_return                 0x0800020b   Thumb Code     0  libshutdown2.o(.ARM.Collect$$libshutdown$$00000010)
    __rt_lib_shutdown_signal_1               0x0800020b   Thumb Code     0  libshutdown2.o(.ARM.Collect$$libshutdown$$0000000A)
    __rt_lib_shutdown_stdio_1                0x0800020b   Thumb Code     0  libshutdown2.o(.ARM.Collect$$libshutdown$$00000004)
    __rt_lib_shutdown_user_alloc_1           0x0800020b   Thumb Code     0  libshutdown2.o(.ARM.Collect$$libshutdown$$0000000C)
    __rt_entry                               0x0800020d   Thumb Code     0  __rtentry.o(.ARM.Collect$$rtentry$$00000000)
    __rt_entry_presh_1                       0x0800020d   Thumb Code     0  __rtentry2.o(.ARM.Collect$$rtentry$$00000002)
    __rt_entry_sh                            0x0800020d   Thumb Code     0  __rtentry4.o(.ARM.Collect$$rtentry$$00000004)
    __rt_entry_li                            0x08000213   Thumb Code     0  __rtentry2.o(.ARM.Collect$$rtentry$$0000000A)
    __rt_entry_postsh_1                      0x08000213   Thumb Code     0  __rtentry2.o(.ARM.Collect$$rtentry$$00000009)
    __rt_entry_main                          0x08000217   Thumb Code     0  __rtentry2.o(.ARM.Collect$$rtentry$$0000000D)
    __rt_entry_postli_1                      0x08000217   Thumb Code     0  __rtentry2.o(.ARM.Collect$$rtentry$$0000000C)
    __rt_exit                                0x0800021f   Thumb Code     0  rtexit.o(.ARM.Collect$$rtexit$$00000000)
    __rt_exit_ls                             0x08000221   Thumb Code     0  rtexit2.o(.ARM.Collect$$rtexit$$00000003)
    __rt_exit_prels_1                        0x08000221   Thumb Code     0  rtexit2.o(.ARM.Collect$$rtexit$$00000002)
    __rt_exit_exit                           0x08000225   Thumb Code     0  rtexit2.o(.ARM.Collect$$rtexit$$00000004)
    Reset_Handler                            0x0800022d   Thumb Code     8  startup_stm32f407xx.o(.text)
    ADC_IRQHandler                           0x08000247   Thumb Code     0  startup_stm32f407xx.o(.text)
    CAN1_SCE_IRQHandler                      0x08000247   Thumb Code     0  startup_stm32f407xx.o(.text)
    CAN1_TX_IRQHandler                       0x08000247   Thumb Code     0  startup_stm32f407xx.o(.text)
    CAN2_SCE_IRQHandler                      0x08000247   Thumb Code     0  startup_stm32f407xx.o(.text)
    CAN2_TX_IRQHandler                       0x08000247   Thumb Code     0  startup_stm32f407xx.o(.text)
    DCMI_IRQHandler                          0x08000247   Thumb Code     0  startup_stm32f407xx.o(.text)
    DMA1_Stream0_IRQHandler                  0x08000247   Thumb Code     0  startup_stm32f407xx.o(.text)
    DMA1_Stream2_IRQHandler                  0x08000247   Thumb Code     0  startup_stm32f407xx.o(.text)
    DMA1_Stream4_IRQHandler                  0x08000247   Thumb Code     0  startup_stm32f407xx.o(.text)
    DMA1_Stream5_IRQHandler                  0x08000247   Thumb Code     0  startup_stm32f407xx.o(.text)
    DMA1_Stream6_IRQHandler                  0x08000247   Thumb Code     0  startup_stm32f407xx.o(.text)
    DMA1_Stream7_IRQHandler                  0x08000247   Thumb Code     0  startup_stm32f407xx.o(.text)
    DMA2_Stream0_IRQHandler                  0x08000247   Thumb Code     0  startup_stm32f407xx.o(.text)
    DMA2_Stream3_IRQHandler                  0x08000247   Thumb Code     0  startup_stm32f407xx.o(.text)
    DMA2_Stream4_IRQHandler                  0x08000247   Thumb Code     0  startup_stm32f407xx.o(.text)
    DMA2_Stream5_IRQHandler                  0x08000247   Thumb Code     0  startup_stm32f407xx.o(.text)
    ETH_IRQHandler                           0x08000247   Thumb Code     0  startup_stm32f407xx.o(.text)
    ETH_WKUP_IRQHandler                      0x08000247   Thumb Code     0  startup_stm32f407xx.o(.text)
    EXTI0_IRQHandler                         0x08000247   Thumb Code     0  startup_stm32f407xx.o(.text)
    EXTI15_10_IRQHandler                     0x08000247   Thumb Code     0  startup_stm32f407xx.o(.text)
    EXTI1_IRQHandler                         0x08000247   Thumb Code     0  startup_stm32f407xx.o(.text)
    EXTI2_IRQHandler                         0x08000247   Thumb Code     0  startup_stm32f407xx.o(.text)
    EXTI3_IRQHandler                         0x08000247   Thumb Code     0  startup_stm32f407xx.o(.text)
    EXTI4_IRQHandler                         0x08000247   Thumb Code     0  startup_stm32f407xx.o(.text)
    EXTI9_5_IRQHandler                       0x08000247   Thumb Code     0  startup_stm32f407xx.o(.text)
    FLASH_IRQHandler                         0x08000247   Thumb Code     0  startup_stm32f407xx.o(.text)
    FMC_IRQHandler                           0x08000247   Thumb Code     0  startup_stm32f407xx.o(.text)
    FPU_IRQHandler                           0x08000247   Thumb Code     0  startup_stm32f407xx.o(.text)
    HASH_RNG_IRQHandler                      0x08000247   Thumb Code     0  startup_stm32f407xx.o(.text)
    I2C1_ER_IRQHandler                       0x08000247   Thumb Code     0  startup_stm32f407xx.o(.text)
    I2C1_EV_IRQHandler                       0x08000247   Thumb Code     0  startup_stm32f407xx.o(.text)
    I2C2_ER_IRQHandler                       0x08000247   Thumb Code     0  startup_stm32f407xx.o(.text)
    I2C2_EV_IRQHandler                       0x08000247   Thumb Code     0  startup_stm32f407xx.o(.text)
    I2C3_ER_IRQHandler                       0x08000247   Thumb Code     0  startup_stm32f407xx.o(.text)
    I2C3_EV_IRQHandler                       0x08000247   Thumb Code     0  startup_stm32f407xx.o(.text)
    OTG_FS_IRQHandler                        0x08000247   Thumb Code     0  startup_stm32f407xx.o(.text)
    OTG_FS_WKUP_IRQHandler                   0x08000247   Thumb Code     0  startup_stm32f407xx.o(.text)
    OTG_HS_EP1_IN_IRQHandler                 0x08000247   Thumb Code     0  startup_stm32f407xx.o(.text)
    OTG_HS_EP1_OUT_IRQHandler                0x08000247   Thumb Code     0  startup_stm32f407xx.o(.text)
    OTG_HS_IRQHandler                        0x08000247   Thumb Code     0  startup_stm32f407xx.o(.text)
    OTG_HS_WKUP_IRQHandler                   0x08000247   Thumb Code     0  startup_stm32f407xx.o(.text)
    PVD_IRQHandler                           0x08000247   Thumb Code     0  startup_stm32f407xx.o(.text)
    RCC_IRQHandler                           0x08000247   Thumb Code     0  startup_stm32f407xx.o(.text)
    RTC_Alarm_IRQHandler                     0x08000247   Thumb Code     0  startup_stm32f407xx.o(.text)
    RTC_WKUP_IRQHandler                      0x08000247   Thumb Code     0  startup_stm32f407xx.o(.text)
    SDIO_IRQHandler                          0x08000247   Thumb Code     0  startup_stm32f407xx.o(.text)
    SPI1_IRQHandler                          0x08000247   Thumb Code     0  startup_stm32f407xx.o(.text)
    SPI2_IRQHandler                          0x08000247   Thumb Code     0  startup_stm32f407xx.o(.text)
    SPI3_IRQHandler                          0x08000247   Thumb Code     0  startup_stm32f407xx.o(.text)
    TAMP_STAMP_IRQHandler                    0x08000247   Thumb Code     0  startup_stm32f407xx.o(.text)
    TIM1_BRK_TIM9_IRQHandler                 0x08000247   Thumb Code     0  startup_stm32f407xx.o(.text)
    TIM1_CC_IRQHandler                       0x08000247   Thumb Code     0  startup_stm32f407xx.o(.text)
    TIM1_TRG_COM_TIM11_IRQHandler            0x08000247   Thumb Code     0  startup_stm32f407xx.o(.text)
    TIM2_IRQHandler                          0x08000247   Thumb Code     0  startup_stm32f407xx.o(.text)
    TIM3_IRQHandler                          0x08000247   Thumb Code     0  startup_stm32f407xx.o(.text)
    TIM4_IRQHandler                          0x08000247   Thumb Code     0  startup_stm32f407xx.o(.text)
    TIM5_IRQHandler                          0x08000247   Thumb Code     0  startup_stm32f407xx.o(.text)
    TIM6_DAC_IRQHandler                      0x08000247   Thumb Code     0  startup_stm32f407xx.o(.text)
    TIM8_BRK_TIM12_IRQHandler                0x08000247   Thumb Code     0  startup_stm32f407xx.o(.text)
    TIM8_CC_IRQHandler                       0x08000247   Thumb Code     0  startup_stm32f407xx.o(.text)
    TIM8_TRG_COM_TIM14_IRQHandler            0x08000247   Thumb Code     0  startup_stm32f407xx.o(.text)
    TIM8_UP_TIM13_IRQHandler                 0x08000247   Thumb Code     0  startup_stm32f407xx.o(.text)
    UART4_IRQHandler                         0x08000247   Thumb Code     0  startup_stm32f407xx.o(.text)
    UART5_IRQHandler                         0x08000247   Thumb Code     0  startup_stm32f407xx.o(.text)
    USART2_IRQHandler                        0x08000247   Thumb Code     0  startup_stm32f407xx.o(.text)
    WWDG_IRQHandler                          0x08000247   Thumb Code     0  startup_stm32f407xx.o(.text)
    __user_initial_stackheap                 0x08000249   Thumb Code     0  startup_stm32f407xx.o(.text)
    __aeabi_uldivmod                         0x0800026d   Thumb Code     0  lludivv7m.o(.text)
    _ll_udiv                                 0x0800026d   Thumb Code   240  lludivv7m.o(.text)
    __aeabi_memcpy                           0x0800035d   Thumb Code     0  rt_memcpy_v6.o(.text)
    __rt_memcpy                              0x0800035d   Thumb Code   138  rt_memcpy_v6.o(.text)
    _memcpy_lastbytes                        0x080003c3   Thumb Code     0  rt_memcpy_v6.o(.text)
    __aeabi_memset4                          0x080003e7   Thumb Code    16  aeabi_memset4.o(.text)
    __aeabi_memset8                          0x080003e7   Thumb Code     0  aeabi_memset4.o(.text)
    __aeabi_memclr4                          0x080003f7   Thumb Code     0  rt_memclr_w.o(.text)
    __aeabi_memclr8                          0x080003f7   Thumb Code     0  rt_memclr_w.o(.text)
    __rt_memclr_w                            0x080003f7   Thumb Code    78  rt_memclr_w.o(.text)
    _memset_w                                0x080003fb   Thumb Code     0  rt_memclr_w.o(.text)
    __use_two_region_memory                  0x08000445   Thumb Code     2  heapauxi.o(.text)
    __rt_heap_escrow$2region                 0x08000447   Thumb Code     2  heapauxi.o(.text)
    __rt_heap_expand$2region                 0x08000449   Thumb Code     2  heapauxi.o(.text)
    __cpp_initialize__aeabi_                 0x0800044d   Thumb Code    28  init_aeabi.o(.text)
    __aeabi_memcpy4                          0x08000471   Thumb Code     0  rt_memcpy_w.o(.text)
    __aeabi_memcpy8                          0x08000471   Thumb Code     0  rt_memcpy_w.o(.text)
    __rt_memcpy_w                            0x08000471   Thumb Code   100  rt_memcpy_w.o(.text)
    _memcpy_lastbytes_aligned                0x080004b9   Thumb Code     0  rt_memcpy_w.o(.text)
    __user_setup_stackheap                   0x080004d5   Thumb Code    74  sys_stackheap_outer.o(.text)
    exit                                     0x0800051f   Thumb Code    18  exit.o(.text)
    __user_libspace                          0x08000531   Thumb Code     8  libspace.o(.text)
    __user_perproc_libspace                  0x08000531   Thumb Code     0  libspace.o(.text)
    __user_perthread_libspace                0x08000531   Thumb Code     0  libspace.o(.text)
    _sys_exit                                0x08000539   Thumb Code     8  sys_exit.o(.text)
    __I$use$semihosting                      0x08000545   Thumb Code     0  use_no_semi.o(.text)
    __use_no_semihosting_swi                 0x08000545   Thumb Code     2  use_no_semi.o(.text)
    __semihosting_library_function           0x08000547   Thumb Code     0  indicate_semi.o(.text)
    BusFault_Handler                         0x08000549   Thumb Code     2  stm32f4xx_it.o(.text.BusFault_Handler)
    CAN1_RX0_IRQHandler                      0x0800054d   Thumb Code    16  stm32f4xx_it.o(.text.CAN1_RX0_IRQHandler)
    CAN1_RX1_IRQHandler                      0x0800055d   Thumb Code    16  stm32f4xx_it.o(.text.CAN1_RX1_IRQHandler)
    CAN2_RX0_IRQHandler                      0x0800056d   Thumb Code    16  stm32f4xx_it.o(.text.CAN2_RX0_IRQHandler)
    CAN2_RX1_IRQHandler                      0x0800057d   Thumb Code    16  stm32f4xx_it.o(.text.CAN2_RX1_IRQHandler)
    ChassisTask                              0x0800058d   Thumb Code     8  chassistask.o(.text.ChassisTask)
    CommunicationTask                        0x08000595   Thumb Code     8  communicationtask.o(.text.CommunicationTask)
    DMA1_Stream1_IRQHandler                  0x0800059d   Thumb Code    16  stm32f4xx_it.o(.text.DMA1_Stream1_IRQHandler)
    DMA1_Stream3_IRQHandler                  0x080005ad   Thumb Code    16  stm32f4xx_it.o(.text.DMA1_Stream3_IRQHandler)
    DMA2_Stream1_IRQHandler                  0x080005bd   Thumb Code    16  stm32f4xx_it.o(.text.DMA2_Stream1_IRQHandler)
    DMA2_Stream2_IRQHandler                  0x080005cd   Thumb Code    16  stm32f4xx_it.o(.text.DMA2_Stream2_IRQHandler)
    DMA2_Stream6_IRQHandler                  0x080005dd   Thumb Code    16  stm32f4xx_it.o(.text.DMA2_Stream6_IRQHandler)
    DMA2_Stream7_IRQHandler                  0x080005ed   Thumb Code    16  stm32f4xx_it.o(.text.DMA2_Stream7_IRQHandler)
    DebugMon_Handler                         0x080006b9   Thumb Code     2  stm32f4xx_it.o(.text.DebugMon_Handler)
    Error_Handler                            0x080006bd   Thumb Code     6  main.o(.text.Error_Handler)
    HAL_CAN_ErrorCallback                    0x080006c5   Thumb Code     2  stm32f4xx_hal_can.o(.text.HAL_CAN_ErrorCallback)
    HAL_CAN_IRQHandler                       0x080006c9   Thumb Code   570  stm32f4xx_hal_can.o(.text.HAL_CAN_IRQHandler)
    HAL_CAN_Init                             0x08000905   Thumb Code   256  stm32f4xx_hal_can.o(.text.HAL_CAN_Init)
    HAL_CAN_MspInit                          0x08000a05   Thumb Code   308  can.o(.text.HAL_CAN_MspInit)
    HAL_CAN_RxFifo0FullCallback              0x08000b39   Thumb Code     2  stm32f4xx_hal_can.o(.text.HAL_CAN_RxFifo0FullCallback)
    HAL_CAN_RxFifo0MsgPendingCallback        0x08000b3d   Thumb Code     2  stm32f4xx_hal_can.o(.text.HAL_CAN_RxFifo0MsgPendingCallback)
    HAL_CAN_RxFifo1FullCallback              0x08000b41   Thumb Code     2  stm32f4xx_hal_can.o(.text.HAL_CAN_RxFifo1FullCallback)
    HAL_CAN_RxFifo1MsgPendingCallback        0x08000b45   Thumb Code     2  stm32f4xx_hal_can.o(.text.HAL_CAN_RxFifo1MsgPendingCallback)
    HAL_CAN_SleepCallback                    0x08000b49   Thumb Code     2  stm32f4xx_hal_can.o(.text.HAL_CAN_SleepCallback)
    HAL_CAN_TxMailbox0AbortCallback          0x08000b4d   Thumb Code     2  stm32f4xx_hal_can.o(.text.HAL_CAN_TxMailbox0AbortCallback)
    HAL_CAN_TxMailbox0CompleteCallback       0x08000b51   Thumb Code     2  stm32f4xx_hal_can.o(.text.HAL_CAN_TxMailbox0CompleteCallback)
    HAL_CAN_TxMailbox1AbortCallback          0x08000b55   Thumb Code     2  stm32f4xx_hal_can.o(.text.HAL_CAN_TxMailbox1AbortCallback)
    HAL_CAN_TxMailbox1CompleteCallback       0x08000b59   Thumb Code     2  stm32f4xx_hal_can.o(.text.HAL_CAN_TxMailbox1CompleteCallback)
    HAL_CAN_TxMailbox2AbortCallback          0x08000b5d   Thumb Code     2  stm32f4xx_hal_can.o(.text.HAL_CAN_TxMailbox2AbortCallback)
    HAL_CAN_TxMailbox2CompleteCallback       0x08000b61   Thumb Code     2  stm32f4xx_hal_can.o(.text.HAL_CAN_TxMailbox2CompleteCallback)
    HAL_CAN_WakeUpFromRxMsgCallback          0x08000b65   Thumb Code     2  stm32f4xx_hal_can.o(.text.HAL_CAN_WakeUpFromRxMsgCallback)
    HAL_DMA_Abort                            0x08000b69   Thumb Code   128  stm32f4xx_hal_dma.o(.text.HAL_DMA_Abort)
    HAL_DMA_Abort_IT                         0x08000be9   Thumb Code    36  stm32f4xx_hal_dma.o(.text.HAL_DMA_Abort_IT)
    HAL_DMA_IRQHandler                       0x08000c0d   Thumb Code   396  stm32f4xx_hal_dma.o(.text.HAL_DMA_IRQHandler)
    HAL_DMA_Init                             0x08000d99   Thumb Code   206  stm32f4xx_hal_dma.o(.text.HAL_DMA_Init)
    HAL_DMA_Start_IT                         0x08000e69   Thumb Code    98  stm32f4xx_hal_dma.o(.text.HAL_DMA_Start_IT)
    HAL_GPIO_Init                            0x08000ecd   Thumb Code   410  stm32f4xx_hal_gpio.o(.text.HAL_GPIO_Init)
    HAL_GPIO_WritePin                        0x08001069   Thumb Code    10  stm32f4xx_hal_gpio.o(.text.HAL_GPIO_WritePin)
    HAL_GetTick                              0x08001075   Thumb Code    12  stm32f4xx_hal.o(.text.HAL_GetTick)
    HAL_IncTick                              0x08001081   Thumb Code    26  stm32f4xx_hal.o(.text.HAL_IncTick)
    HAL_Init                                 0x0800109d   Thumb Code    54  stm32f4xx_hal.o(.text.HAL_Init)
    HAL_InitTick                             0x080010d5   Thumb Code   164  stm32f4xx_hal_timebase_tim.o(.text.HAL_InitTick)
    HAL_MspInit                              0x08001179   Thumb Code    70  stm32f4xx_hal_msp.o(.text.HAL_MspInit)
    HAL_NVIC_EnableIRQ                       0x080011c1   Thumb Code     8  stm32f4xx_hal_cortex.o(.text.HAL_NVIC_EnableIRQ)
    HAL_NVIC_SetPriority                     0x080011c9   Thumb Code    30  stm32f4xx_hal_cortex.o(.text.HAL_NVIC_SetPriority)
    HAL_NVIC_SetPriorityGrouping             0x080011e9   Thumb Code     8  stm32f4xx_hal_cortex.o(.text.HAL_NVIC_SetPriorityGrouping)
    HAL_RCC_ClockConfig                      0x080011f1   Thumb Code   352  stm32f4xx_hal_rcc.o(.text.HAL_RCC_ClockConfig)
    HAL_RCC_GetClockConfig                   0x08001351   Thumb Code    62  stm32f4xx_hal_rcc.o(.text.HAL_RCC_GetClockConfig)
    HAL_RCC_GetHCLKFreq                      0x08001391   Thumb Code    12  stm32f4xx_hal_rcc.o(.text.HAL_RCC_GetHCLKFreq)
    HAL_RCC_GetPCLK1Freq                     0x0800139d   Thumb Code    34  stm32f4xx_hal_rcc.o(.text.HAL_RCC_GetPCLK1Freq)
    HAL_RCC_GetPCLK2Freq                     0x080013c1   Thumb Code    34  stm32f4xx_hal_rcc.o(.text.HAL_RCC_GetPCLK2Freq)
    HAL_RCC_GetSysClockFreq                  0x080013e5   Thumb Code   104  stm32f4xx_hal_rcc.o(.text.HAL_RCC_GetSysClockFreq)
    HAL_RCC_OscConfig                        0x0800144d   Thumb Code   836  stm32f4xx_hal_rcc.o(.text.HAL_RCC_OscConfig)
    HAL_TIMEx_BreakCallback                  0x08001791   Thumb Code     2  stm32f4xx_hal_tim_ex.o(.text.HAL_TIMEx_BreakCallback)
    HAL_TIMEx_CommutCallback                 0x08001795   Thumb Code     2  stm32f4xx_hal_tim_ex.o(.text.HAL_TIMEx_CommutCallback)
    HAL_TIMEx_MasterConfigSynchronization    0x08001799   Thumb Code   184  stm32f4xx_hal_tim_ex.o(.text.HAL_TIMEx_MasterConfigSynchronization)
    HAL_TIM_Base_Init                        0x08001851   Thumb Code    90  stm32f4xx_hal_tim.o(.text.HAL_TIM_Base_Init)
    HAL_TIM_Base_MspInit                     0x080018ad   Thumb Code    72  tim.o(.text.HAL_TIM_Base_MspInit)
    HAL_TIM_Base_Start_IT                    0x080018f5   Thumb Code   168  stm32f4xx_hal_tim.o(.text.HAL_TIM_Base_Start_IT)
    HAL_TIM_IC_CaptureCallback               0x0800199d   Thumb Code     2  stm32f4xx_hal_tim.o(.text.HAL_TIM_IC_CaptureCallback)
    HAL_TIM_IRQHandler                       0x080019a1   Thumb Code   308  stm32f4xx_hal_tim.o(.text.HAL_TIM_IRQHandler)
    HAL_TIM_OC_DelayElapsedCallback          0x08001ad5   Thumb Code     2  stm32f4xx_hal_tim.o(.text.HAL_TIM_OC_DelayElapsedCallback)
    HAL_TIM_PWM_PulseFinishedCallback        0x08001ad9   Thumb Code     2  stm32f4xx_hal_tim.o(.text.HAL_TIM_PWM_PulseFinishedCallback)
    HAL_TIM_PeriodElapsedCallback            0x08001add   Thumb Code    20  main.o(.text.HAL_TIM_PeriodElapsedCallback)
    HAL_TIM_TriggerCallback                  0x08001af1   Thumb Code     2  stm32f4xx_hal_tim.o(.text.HAL_TIM_TriggerCallback)
    HAL_UARTEx_ReceiveToIdle_DMA             0x08001af5   Thumb Code    92  stm32f4xx_hal_uart.o(.text.HAL_UARTEx_ReceiveToIdle_DMA)
    HAL_UARTEx_RxEventCallback               0x08001b51   Thumb Code     8  callback.o(.text.HAL_UARTEx_RxEventCallback)
    HAL_UART_ErrorCallback                   0x08001b59   Thumb Code     2  stm32f4xx_hal_uart.o(.text.HAL_UART_ErrorCallback)
    HAL_UART_IRQHandler                      0x08001b5d   Thumb Code   594  stm32f4xx_hal_uart.o(.text.HAL_UART_IRQHandler)
    HAL_UART_Init                            0x08001db1   Thumb Code    96  stm32f4xx_hal_uart.o(.text.HAL_UART_Init)
    HAL_UART_MspInit                         0x08001e11   Thumb Code   768  usart.o(.text.HAL_UART_MspInit)
    HAL_UART_RxCpltCallback                  0x08002111   Thumb Code     2  stm32f4xx_hal_uart.o(.text.HAL_UART_RxCpltCallback)
    HAL_UART_RxHalfCpltCallback              0x08002115   Thumb Code     2  stm32f4xx_hal_uart.o(.text.HAL_UART_RxHalfCpltCallback)
    HAL_UART_TxCpltCallback                  0x08002119   Thumb Code     2  stm32f4xx_hal_uart.o(.text.HAL_UART_TxCpltCallback)
    HardFault_Handler                        0x0800211d   Thumb Code     2  stm32f4xx_it.o(.text.HardFault_Handler)
    Init                                     0x08002121   Thumb Code    20  init.o(.text.Init)
    MX_CAN1_Init                             0x08002135   Thumb Code    60  can.o(.text.MX_CAN1_Init)
    MX_CAN2_Init                             0x08002171   Thumb Code    60  can.o(.text.MX_CAN2_Init)
    MX_DMA_Init                              0x080021ad   Thumb Code   154  dma.o(.text.MX_DMA_Init)
    MX_FREERTOS_Init                         0x08002249   Thumb Code   132  freertos.o(.text.MX_FREERTOS_Init)
    MX_GPIO_Init                             0x080022cd   Thumb Code   190  gpio.o(.text.MX_GPIO_Init)
    MX_TIM7_Init                             0x0800238d   Thumb Code    84  tim.o(.text.MX_TIM7_Init)
    MX_USART1_UART_Init                      0x080023e1   Thumb Code    56  usart.o(.text.MX_USART1_UART_Init)
    MX_USART3_UART_Init                      0x08002419   Thumb Code    68  usart.o(.text.MX_USART3_UART_Init)
    MX_USART6_UART_Init                      0x0800245d   Thumb Code    56  usart.o(.text.MX_USART6_UART_Init)
    MemManage_Handler                        0x08002495   Thumb Code     2  stm32f4xx_it.o(.text.MemManage_Handler)
    NMI_Handler                              0x08002499   Thumb Code     2  stm32f4xx_it.o(.text.NMI_Handler)
    PendSV_Handler                           0x080024d1   Thumb Code   100  port.o(.text.PendSV_Handler)
    RefeeTask                                0x08002535   Thumb Code     8  refeetask.o(.text.RefeeTask)
    SVC_Handler                              0x08002541   Thumb Code    36  port.o(.text.SVC_Handler)
    StartDefaultTask                         0x0800256d   Thumb Code     8  freertos.o(.text.StartDefaultTask)
    SysTick_Handler                          0x08002575   Thumb Code    26  cmsis_os2.o(.text.SysTick_Handler)
    SystemClock_Config                       0x08002591   Thumb Code   164  main.o(.text.SystemClock_Config)
    SystemInit                               0x08002635   Thumb Code    18  system_stm32f4xx.o(.text.SystemInit)
    TIM1_UP_TIM10_IRQHandler                 0x08002649   Thumb Code    16  stm32f4xx_it.o(.text.TIM1_UP_TIM10_IRQHandler)
    TIM7_IRQHandler                          0x08002659   Thumb Code    16  stm32f4xx_it.o(.text.TIM7_IRQHandler)
    TIM_Base_SetConfig                       0x08002669   Thumb Code   308  stm32f4xx_hal_tim.o(.text.TIM_Base_SetConfig)
    UART_Start_Receive_DMA                   0x08002ac5   Thumb Code   150  stm32f4xx_hal_uart.o(.text.UART_Start_Receive_DMA)
    USART1_IRQHandler                        0x08002bb1   Thumb Code    16  stm32f4xx_it.o(.text.USART1_IRQHandler)
    USART3_IRQHandler                        0x08002bc1   Thumb Code    16  stm32f4xx_it.o(.text.USART3_IRQHandler)
    USART6_IRQHandler                        0x08002bd1   Thumb Code    16  stm32f4xx_it.o(.text.USART6_IRQHandler)
    UsageFault_Handler                       0x08002be1   Thumb Code     2  stm32f4xx_it.o(.text.UsageFault_Handler)
    RM_Clicker::Init()                       0x08002bfd   Thumb Code    26  dr16.o(.text._ZN10RM_Clicker4InitEv)
    RM_Clicker::Parse(__UART_HandleTypeDef*, int) 0x08002c19   Thumb Code    90  dr16.o(.text._ZN10RM_Clicker5ParseEP20__UART_HandleTypeDefi)
    RM_Clicker::ParseData()                  0x08002c75   Thumb Code   116  dr16.o(.text._ZN10RM_Clicker9ParseDataEv)
    RM_Clicker::RM_Clicker()                 0x08002ce9   Thumb Code    12  dr16.o(.text._ZN10RM_ClickerC2Ev)
    RM_Clicker::RM_Clicker__sub_object()     0x08002ce9   Thumb Code    12  dr16.o(.text._ZN10RM_ClickerC2Ev)
    RM_StaticTime::UpLastTime()              0x08002cf5   Thumb Code    12  dr16.o(.text._ZN13RM_StaticTime10UpLastTimeEv)
    main                                     0x08002db5   Thumb Code    62  main.o(.text.main)
    osDelay                                  0x08002df5   Thumb Code    32  cmsis_os2.o(.text.osDelay)
    osKernelInitialize                       0x08002e15   Thumb Code    40  cmsis_os2.o(.text.osKernelInitialize)
    osKernelStart                            0x08002e3d   Thumb Code    52  cmsis_os2.o(.text.osKernelStart)
    osThreadNew                              0x08002e71   Thumb Code   180  cmsis_os2.o(.text.osThreadNew)
    pvPortMalloc                             0x0800389d   Thumb Code   312  heap_4.o(.text.pvPortMalloc)
    pxPortInitialiseStack                    0x080039d5   Thumb Code    40  port.o(.text.pxPortInitialiseStack)
    uxListRemove                             0x080039fd   Thumb Code    40  list.o(.text.uxListRemove)
    vApplicationGetIdleTaskMemory            0x08003a25   Thumb Code    26  cmsis_os2.o(.text.vApplicationGetIdleTaskMemory)
    vApplicationGetTimerTaskMemory           0x08003a41   Thumb Code    28  cmsis_os2.o(.text.vApplicationGetTimerTaskMemory)
    vListInitialise                          0x08003a5d   Thumb Code    22  list.o(.text.vListInitialise)
    vListInitialiseItem                      0x08003a75   Thumb Code     6  list.o(.text.vListInitialiseItem)
    vListInsert                              0x08003a7d   Thumb Code    58  list.o(.text.vListInsert)
    vListInsertEnd                           0x08003ab9   Thumb Code    28  list.o(.text.vListInsertEnd)
    vPortEnterCritical                       0x08003ae9   Thumb Code    70  port.o(.text.vPortEnterCritical)
    vPortExitCritical                        0x08003b31   Thumb Code    46  port.o(.text.vPortExitCritical)
    vPortFree                                0x08003b61   Thumb Code   138  heap_4.o(.text.vPortFree)
    vPortSetupTimerInterrupt                 0x08003bed   Thumb Code    52  port.o(.text.vPortSetupTimerInterrupt)
    vPortValidateInterruptPriority           0x08003c21   Thumb Code    98  port.o(.text.vPortValidateInterruptPriority)
    vQueueAddToRegistry                      0x08003c85   Thumb Code    40  queue.o(.text.vQueueAddToRegistry)
    vQueueWaitForMessageRestricted           0x08003cad   Thumb Code    68  queue.o(.text.vQueueWaitForMessageRestricted)
    vTaskDelay                               0x08003cf1   Thumb Code    84  tasks.o(.text.vTaskDelay)
    vTaskInternalSetTimeOutState             0x08003d45   Thumb Code    26  tasks.o(.text.vTaskInternalSetTimeOutState)
    vTaskMissedYield                         0x08003d61   Thumb Code    14  tasks.o(.text.vTaskMissedYield)
    vTaskPlaceOnEventList                    0x08003d71   Thumb Code    50  tasks.o(.text.vTaskPlaceOnEventList)
    vTaskPlaceOnEventListRestricted          0x08003da5   Thumb Code    62  tasks.o(.text.vTaskPlaceOnEventListRestricted)
    vTaskStartScheduler                      0x08003de5   Thumb Code   168  tasks.o(.text.vTaskStartScheduler)
    vTaskSuspendAll                          0x08003e8d   Thumb Code    16  tasks.o(.text.vTaskSuspendAll)
    vTaskSwitchContext                       0x08003e9d   Thumb Code   154  tasks.o(.text.vTaskSwitchContext)
    xPortStartScheduler                      0x08003f39   Thumb Code   278  port.o(.text.xPortStartScheduler)
    xPortSysTickHandler                      0x08004051   Thumb Code    46  port.o(.text.xPortSysTickHandler)
    xQueueGenericCreateStatic                0x08004081   Thumb Code   150  queue.o(.text.xQueueGenericCreateStatic)
    xQueueGenericReset                       0x08004119   Thumb Code   126  queue.o(.text.xQueueGenericReset)
    xQueueGenericSend                        0x08004199   Thumb Code   418  queue.o(.text.xQueueGenericSend)
    xQueueGenericSendFromISR                 0x0800433d   Thumb Code   206  queue.o(.text.xQueueGenericSendFromISR)
    xQueueReceive                            0x0800440d   Thumb Code   384  queue.o(.text.xQueueReceive)
    xTaskCheckForTimeOut                     0x0800458d   Thumb Code   136  tasks.o(.text.xTaskCheckForTimeOut)
    xTaskCreate                              0x08004615   Thumb Code   102  tasks.o(.text.xTaskCreate)
    xTaskCreateStatic                        0x0800467d   Thumb Code   118  tasks.o(.text.xTaskCreateStatic)
    xTaskGetSchedulerState                   0x080046f5   Thumb Code    38  tasks.o(.text.xTaskGetSchedulerState)
    xTaskGetTickCount                        0x0800471d   Thumb Code    12  tasks.o(.text.xTaskGetTickCount)
    xTaskIncrementTick                       0x08004729   Thumb Code   338  tasks.o(.text.xTaskIncrementTick)
    xTaskPriorityDisinherit                  0x0800487d   Thumb Code   146  tasks.o(.text.xTaskPriorityDisinherit)
    xTaskRemoveFromEventList                 0x08004911   Thumb Code   142  tasks.o(.text.xTaskRemoveFromEventList)
    xTaskResumeAll                           0x080049a1   Thumb Code   276  tasks.o(.text.xTaskResumeAll)
    xTimerCreateTimerTask                    0x08004ab5   Thumb Code   128  timers.o(.text.xTimerCreateTimerTask)
    xTimerGenericCommand                     0x08004b35   Thumb Code   104  timers.o(.text.xTimerGenericCommand)
    _fp_init                                 0x08004b9d   Thumb Code    26  fpinit.o(x$fpl$fpinit)
    __fplib_config_fpu_vfp                   0x08004bb5   Thumb Code     0  fpinit.o(x$fpl$fpinit)
    __fplib_config_pureend_doubles           0x08004bb5   Thumb Code     0  fpinit.o(x$fpl$fpinit)
    AHBPrescTable                            0x08004bb6   Data          16  system_stm32f4xx.o(.rodata.AHBPrescTable)
    APBPrescTable                            0x08004bc6   Data           8  system_stm32f4xx.o(.rodata.APBPrescTable)
    chassisTask_attributes                   0x08004bd0   Data          36  freertos.o(.rodata.chassisTask_attributes)
    communicationTa_attributes               0x08004bf4   Data          36  freertos.o(.rodata.communicationTa_attributes)
    defaultTask_attributes                   0x08004c18   Data          36  freertos.o(.rodata.defaultTask_attributes)
    refeeTask_attributes                     0x08004c3c   Data          36  freertos.o(.rodata.refeeTask_attributes)
    Region$$Table$$Base                      0x08004c94   Number         0  anon$$obj.o(Region$$Table)
    Region$$Table$$Limit                     0x08004cb4   Number         0  anon$$obj.o(Region$$Table)
    SHT$$INIT_ARRAY$$Base                    0x08004cb4   Number         0  dr16.o(.init_array)
    SHT$$INIT_ARRAY$$Limit                   0x08004cc0   Number         0  init_aeabi.o(.init_array)
    SystemCoreClock                          0x20000000   Data           4  system_stm32f4xx.o(.data.SystemCoreClock)
    uwTickFreq                               0x20000004   Data           1  stm32f4xx_hal.o(.data.uwTickFreq)
    uwTickPrio                               0x20000008   Data           4  stm32f4xx_hal.o(.data.uwTickPrio)
    __libspace_start                         0x20000010   Data          96  libspace.o(.bss)
    __temporary_stack_top$libspace           0x20000070   Data           0  libspace.o(.bss)
    RM_Clicker::pData                        0x2000007b   Data          18  dr16.o(.bss._ZN10RM_Clicker5pDataE)
    RM_Clicker::RC_Ctl                       0x20000090   Data          22  dr16.o(.bss._ZN10RM_Clicker6RC_CtlE)
    RM_Clicker::dirTime                      0x200000a8   Data           8  dr16.o(.bss._ZN10RM_Clicker7dirTimeE)
    chassisTaskHandle                        0x200000b0   Data           4  freertos.o(.bss.chassisTaskHandle)
    communicationTaHandle                    0x200000b4   Data           4  freertos.o(.bss.communicationTaHandle)
    defaultTaskHandle                        0x200000b8   Data           4  freertos.o(.bss.defaultTaskHandle)
    hcan1                                    0x200000bc   Data          40  can.o(.bss.hcan1)
    hcan2                                    0x200000e4   Data          40  can.o(.bss.hcan2)
    hdma_usart1_rx                           0x2000010c   Data          96  usart.o(.bss.hdma_usart1_rx)
    hdma_usart1_tx                           0x2000016c   Data          96  usart.o(.bss.hdma_usart1_tx)
    hdma_usart3_rx                           0x200001cc   Data          96  usart.o(.bss.hdma_usart3_rx)
    hdma_usart3_tx                           0x2000022c   Data          96  usart.o(.bss.hdma_usart3_tx)
    hdma_usart6_rx                           0x2000028c   Data          96  usart.o(.bss.hdma_usart6_rx)
    hdma_usart6_tx                           0x200002ec   Data          96  usart.o(.bss.hdma_usart6_tx)
    htim1                                    0x2000034c   Data          72  stm32f4xx_hal_timebase_tim.o(.bss.htim1)
    htim7                                    0x20000394   Data          72  tim.o(.bss.htim7)
    huart1                                   0x200003dc   Data          72  usart.o(.bss.huart1)
    huart3                                   0x20000424   Data          72  usart.o(.bss.huart3)
    huart6                                   0x2000046c   Data          72  usart.o(.bss.huart6)
    pxCurrentTCB                             0x200005a8   Data           4  tasks.o(.bss.pxCurrentTCB)
    refeeTaskHandle                          0x20000a20   Data           4  freertos.o(.bss.refeeTaskHandle)
    uwTick                                   0x2000462c   Data           4  stm32f4xx_hal.o(.bss.uwTick)
    xQueueRegistry                           0x20004d84   Data          64  queue.o(.bss.xQueueRegistry)



==============================================================================

Memory Map of the image

  Image Entry point : 0x08000189

  Load Region LR_IROM1 (Base: 0x08000000, Size: 0x00004cd0, Max: 0x00100000, ABSOLUTE)

    Execution Region ER_IROM1 (Exec base: 0x08000000, Load base: 0x08000000, Size: 0x00004cc0, Max: 0x00100000, ABSOLUTE)

    Exec Addr    Load Addr    Size         Type   Attr      Idx    E Section Name        Object

    0x08000000   0x08000000   0x00000188   Data   RO            3    RESET               startup_stm32f407xx.o
    0x08000188   0x08000188   0x00000008   Code   RO         2009  * !!!main             c_w.l(__main.o)
    0x08000190   0x08000190   0x00000034   Code   RO         2194    !!!scatter          c_w.l(__scatter.o)
    0x080001c4   0x080001c4   0x0000001a   Code   RO         2196    !!handler_copy      c_w.l(__scatter_copy.o)
    0x080001de   0x080001de   0x00000002   PAD
    0x080001e0   0x080001e0   0x0000001c   Code   RO         2198    !!handler_zi        c_w.l(__scatter_zi.o)
    0x080001fc   0x080001fc   0x00000002   Code   RO         2111    .ARM.Collect$$libinit$$00000000  c_w.l(libinit.o)
    0x080001fe   0x080001fe   0x00000004   Code   RO         2024    .ARM.Collect$$libinit$$00000001  c_w.l(libinit2.o)
    0x08000202   0x08000202   0x00000000   Code   RO         2027    .ARM.Collect$$libinit$$00000004  c_w.l(libinit2.o)
    0x08000202   0x08000202   0x00000000   Code   RO         2030    .ARM.Collect$$libinit$$0000000A  c_w.l(libinit2.o)
    0x08000202   0x08000202   0x00000000   Code   RO         2032    .ARM.Collect$$libinit$$0000000C  c_w.l(libinit2.o)
    0x08000202   0x08000202   0x00000000   Code   RO         2034    .ARM.Collect$$libinit$$0000000E  c_w.l(libinit2.o)
    0x08000202   0x08000202   0x00000000   Code   RO         2037    .ARM.Collect$$libinit$$00000011  c_w.l(libinit2.o)
    0x08000202   0x08000202   0x00000000   Code   RO         2039    .ARM.Collect$$libinit$$00000013  c_w.l(libinit2.o)
    0x08000202   0x08000202   0x00000000   Code   RO         2041    .ARM.Collect$$libinit$$00000015  c_w.l(libinit2.o)
    0x08000202   0x08000202   0x00000000   Code   RO         2043    .ARM.Collect$$libinit$$00000017  c_w.l(libinit2.o)
    0x08000202   0x08000202   0x00000000   Code   RO         2045    .ARM.Collect$$libinit$$00000019  c_w.l(libinit2.o)
    0x08000202   0x08000202   0x00000000   Code   RO         2047    .ARM.Collect$$libinit$$0000001B  c_w.l(libinit2.o)
    0x08000202   0x08000202   0x00000000   Code   RO         2049    .ARM.Collect$$libinit$$0000001D  c_w.l(libinit2.o)
    0x08000202   0x08000202   0x00000000   Code   RO         2051    .ARM.Collect$$libinit$$0000001F  c_w.l(libinit2.o)
    0x08000202   0x08000202   0x00000000   Code   RO         2053    .ARM.Collect$$libinit$$00000021  c_w.l(libinit2.o)
    0x08000202   0x08000202   0x00000000   Code   RO         2055    .ARM.Collect$$libinit$$00000023  c_w.l(libinit2.o)
    0x08000202   0x08000202   0x00000000   Code   RO         2057    .ARM.Collect$$libinit$$00000025  c_w.l(libinit2.o)
    0x08000202   0x08000202   0x00000000   Code   RO         2061    .ARM.Collect$$libinit$$0000002C  c_w.l(libinit2.o)
    0x08000202   0x08000202   0x00000000   Code   RO         2063    .ARM.Collect$$libinit$$0000002E  c_w.l(libinit2.o)
    0x08000202   0x08000202   0x00000000   Code   RO         2065    .ARM.Collect$$libinit$$00000030  c_w.l(libinit2.o)
    0x08000202   0x08000202   0x00000004   Code   RO         2066    .ARM.Collect$$libinit$$00000031  c_w.l(libinit2.o)
    0x08000206   0x08000206   0x00000000   Code   RO         2067    .ARM.Collect$$libinit$$00000032  c_w.l(libinit2.o)
    0x08000206   0x08000206   0x00000002   Code   RO         2068    .ARM.Collect$$libinit$$00000033  c_w.l(libinit2.o)
    0x08000208   0x08000208   0x00000002   Code   RO         2161    .ARM.Collect$$libshutdown$$00000000  c_w.l(libshutdown.o)
    0x0800020a   0x0800020a   0x00000000   Code   RO         2177    .ARM.Collect$$libshutdown$$00000002  c_w.l(libshutdown2.o)
    0x0800020a   0x0800020a   0x00000000   Code   RO         2179    .ARM.Collect$$libshutdown$$00000004  c_w.l(libshutdown2.o)
    0x0800020a   0x0800020a   0x00000000   Code   RO         2182    .ARM.Collect$$libshutdown$$00000007  c_w.l(libshutdown2.o)
    0x0800020a   0x0800020a   0x00000000   Code   RO         2185    .ARM.Collect$$libshutdown$$0000000A  c_w.l(libshutdown2.o)
    0x0800020a   0x0800020a   0x00000000   Code   RO         2187    .ARM.Collect$$libshutdown$$0000000C  c_w.l(libshutdown2.o)
    0x0800020a   0x0800020a   0x00000000   Code   RO         2190    .ARM.Collect$$libshutdown$$0000000F  c_w.l(libshutdown2.o)
    0x0800020a   0x0800020a   0x00000002   Code   RO         2191    .ARM.Collect$$libshutdown$$00000010  c_w.l(libshutdown2.o)
    0x0800020c   0x0800020c   0x00000000   Code   RO         2017    .ARM.Collect$$rtentry$$00000000  c_w.l(__rtentry.o)
    0x0800020c   0x0800020c   0x00000000   Code   RO         2074    .ARM.Collect$$rtentry$$00000002  c_w.l(__rtentry2.o)
    0x0800020c   0x0800020c   0x00000006   Code   RO         2086    .ARM.Collect$$rtentry$$00000004  c_w.l(__rtentry4.o)
    0x08000212   0x08000212   0x00000000   Code   RO         2076    .ARM.Collect$$rtentry$$00000009  c_w.l(__rtentry2.o)
    0x08000212   0x08000212   0x00000004   Code   RO         2077    .ARM.Collect$$rtentry$$0000000A  c_w.l(__rtentry2.o)
    0x08000216   0x08000216   0x00000000   Code   RO         2079    .ARM.Collect$$rtentry$$0000000C  c_w.l(__rtentry2.o)
    0x08000216   0x08000216   0x00000008   Code   RO         2080    .ARM.Collect$$rtentry$$0000000D  c_w.l(__rtentry2.o)
    0x0800021e   0x0800021e   0x00000002   Code   RO         2119    .ARM.Collect$$rtexit$$00000000  c_w.l(rtexit.o)
    0x08000220   0x08000220   0x00000000   Code   RO         2141    .ARM.Collect$$rtexit$$00000002  c_w.l(rtexit2.o)
    0x08000220   0x08000220   0x00000004   Code   RO         2142    .ARM.Collect$$rtexit$$00000003  c_w.l(rtexit2.o)
    0x08000224   0x08000224   0x00000006   Code   RO         2143    .ARM.Collect$$rtexit$$00000004  c_w.l(rtexit2.o)
    0x0800022a   0x0800022a   0x00000002   PAD
    0x0800022c   0x0800022c   0x00000040   Code   RO            4    .text               startup_stm32f407xx.o
    0x0800026c   0x0800026c   0x000000f0   Code   RO         1995    .text               c_w.l(lludivv7m.o)
    0x0800035c   0x0800035c   0x0000008a   Code   RO         1997    .text               c_w.l(rt_memcpy_v6.o)
    0x080003e6   0x080003e6   0x00000010   Code   RO         2001    .text               c_w.l(aeabi_memset4.o)
    0x080003f6   0x080003f6   0x0000004e   Code   RO         2005    .text               c_w.l(rt_memclr_w.o)
    0x08000444   0x08000444   0x00000006   Code   RO         2007    .text               c_w.l(heapauxi.o)
    0x0800044a   0x0800044a   0x00000002   PAD
    0x0800044c   0x0800044c   0x00000024   Code   RO         2014    .text               c_w.l(init_aeabi.o)
    0x08000470   0x08000470   0x00000064   Code   RO         2022    .text               c_w.l(rt_memcpy_w.o)
    0x080004d4   0x080004d4   0x0000004a   Code   RO         2094    .text               c_w.l(sys_stackheap_outer.o)
    0x0800051e   0x0800051e   0x00000012   Code   RO         2096    .text               c_w.l(exit.o)
    0x08000530   0x08000530   0x00000008   Code   RO         2116    .text               c_w.l(libspace.o)
    0x08000538   0x08000538   0x0000000c   Code   RO         2133    .text               c_w.l(sys_exit.o)
    0x08000544   0x08000544   0x00000002   Code   RO         2137    .text               c_w.l(use_no_semi.o)
    0x08000546   0x08000546   0x00000000   Code   RO         2139    .text               c_w.l(indicate_semi.o)
    0x08000546   0x08000546   0x00000002   PAD
    0x08000548   0x08000548   0x00000002   Code   RO          133    .text.BusFault_Handler  stm32f4xx_it.o
    0x0800054a   0x0800054a   0x00000002   PAD
    0x0800054c   0x0800054c   0x00000010   Code   RO          143    .text.CAN1_RX0_IRQHandler  stm32f4xx_it.o
    0x0800055c   0x0800055c   0x00000010   Code   RO          145    .text.CAN1_RX1_IRQHandler  stm32f4xx_it.o
    0x0800056c   0x0800056c   0x00000010   Code   RO          159    .text.CAN2_RX0_IRQHandler  stm32f4xx_it.o
    0x0800057c   0x0800057c   0x00000010   Code   RO          161    .text.CAN2_RX1_IRQHandler  stm32f4xx_it.o
    0x0800058c   0x0800058c   0x00000008   Code   RO         1954    .text.ChassisTask   chassistask.o
    0x08000594   0x08000594   0x00000008   Code   RO         1962    .text.CommunicationTask  communicationtask.o
    0x0800059c   0x0800059c   0x00000010   Code   RO          139    .text.DMA1_Stream1_IRQHandler  stm32f4xx_it.o
    0x080005ac   0x080005ac   0x00000010   Code   RO          141    .text.DMA1_Stream3_IRQHandler  stm32f4xx_it.o
    0x080005bc   0x080005bc   0x00000010   Code   RO          155    .text.DMA2_Stream1_IRQHandler  stm32f4xx_it.o
    0x080005cc   0x080005cc   0x00000010   Code   RO          157    .text.DMA2_Stream2_IRQHandler  stm32f4xx_it.o
    0x080005dc   0x080005dc   0x00000010   Code   RO          163    .text.DMA2_Stream6_IRQHandler  stm32f4xx_it.o
    0x080005ec   0x080005ec   0x00000010   Code   RO          165    .text.DMA2_Stream7_IRQHandler  stm32f4xx_it.o
    0x080005fc   0x080005fc   0x0000003c   Code   RO          464    .text.DMA_CalcBaseAndBitshift  stm32f4xx_hal_dma.o
    0x08000638   0x08000638   0x00000050   Code   RO          462    .text.DMA_CheckFifoParam  stm32f4xx_hal_dma.o
    0x08000688   0x08000688   0x00000030   Code   RO          470    .text.DMA_SetConfig  stm32f4xx_hal_dma.o
    0x080006b8   0x080006b8   0x00000002   Code   RO          137    .text.DebugMon_Handler  stm32f4xx_it.o
    0x080006ba   0x080006ba   0x00000002   PAD
    0x080006bc   0x080006bc   0x00000006   Code   RO           15    .text.Error_Handler  main.o
    0x080006c2   0x080006c2   0x00000002   PAD
    0x080006c4   0x080006c4   0x00000002   Code   RO          264    .text.HAL_CAN_ErrorCallback  stm32f4xx_hal_can.o
    0x080006c6   0x080006c6   0x00000002   PAD
    0x080006c8   0x080006c8   0x0000023a   Code   RO          238    .text.HAL_CAN_IRQHandler  stm32f4xx_hal_can.o
    0x08000902   0x08000902   0x00000002   PAD
    0x08000904   0x08000904   0x00000100   Code   RO          200    .text.HAL_CAN_Init  stm32f4xx_hal_can.o
    0x08000a04   0x08000a04   0x00000134   Code   RO           61    .text.HAL_CAN_MspInit  can.o
    0x08000b38   0x08000b38   0x00000002   Code   RO          252    .text.HAL_CAN_RxFifo0FullCallback  stm32f4xx_hal_can.o
    0x08000b3a   0x08000b3a   0x00000002   PAD
    0x08000b3c   0x08000b3c   0x00000002   Code   RO          254    .text.HAL_CAN_RxFifo0MsgPendingCallback  stm32f4xx_hal_can.o
    0x08000b3e   0x08000b3e   0x00000002   PAD
    0x08000b40   0x08000b40   0x00000002   Code   RO          256    .text.HAL_CAN_RxFifo1FullCallback  stm32f4xx_hal_can.o
    0x08000b42   0x08000b42   0x00000002   PAD
    0x08000b44   0x08000b44   0x00000002   Code   RO          258    .text.HAL_CAN_RxFifo1MsgPendingCallback  stm32f4xx_hal_can.o
    0x08000b46   0x08000b46   0x00000002   PAD
    0x08000b48   0x08000b48   0x00000002   Code   RO          260    .text.HAL_CAN_SleepCallback  stm32f4xx_hal_can.o
    0x08000b4a   0x08000b4a   0x00000002   PAD
    0x08000b4c   0x08000b4c   0x00000002   Code   RO          242    .text.HAL_CAN_TxMailbox0AbortCallback  stm32f4xx_hal_can.o
    0x08000b4e   0x08000b4e   0x00000002   PAD
    0x08000b50   0x08000b50   0x00000002   Code   RO          240    .text.HAL_CAN_TxMailbox0CompleteCallback  stm32f4xx_hal_can.o
    0x08000b52   0x08000b52   0x00000002   PAD
    0x08000b54   0x08000b54   0x00000002   Code   RO          246    .text.HAL_CAN_TxMailbox1AbortCallback  stm32f4xx_hal_can.o
    0x08000b56   0x08000b56   0x00000002   PAD
    0x08000b58   0x08000b58   0x00000002   Code   RO          244    .text.HAL_CAN_TxMailbox1CompleteCallback  stm32f4xx_hal_can.o
    0x08000b5a   0x08000b5a   0x00000002   PAD
    0x08000b5c   0x08000b5c   0x00000002   Code   RO          250    .text.HAL_CAN_TxMailbox2AbortCallback  stm32f4xx_hal_can.o
    0x08000b5e   0x08000b5e   0x00000002   PAD
    0x08000b60   0x08000b60   0x00000002   Code   RO          248    .text.HAL_CAN_TxMailbox2CompleteCallback  stm32f4xx_hal_can.o
    0x08000b62   0x08000b62   0x00000002   PAD
    0x08000b64   0x08000b64   0x00000002   Code   RO          262    .text.HAL_CAN_WakeUpFromRxMsgCallback  stm32f4xx_hal_can.o
    0x08000b66   0x08000b66   0x00000002   PAD
    0x08000b68   0x08000b68   0x00000080   Code   RO          474    .text.HAL_DMA_Abort  stm32f4xx_hal_dma.o
    0x08000be8   0x08000be8   0x00000024   Code   RO          476    .text.HAL_DMA_Abort_IT  stm32f4xx_hal_dma.o
    0x08000c0c   0x08000c0c   0x0000018c   Code   RO          480    .text.HAL_DMA_IRQHandler  stm32f4xx_hal_dma.o
    0x08000d98   0x08000d98   0x000000ce   Code   RO          460    .text.HAL_DMA_Init  stm32f4xx_hal_dma.o
    0x08000e66   0x08000e66   0x00000002   PAD
    0x08000e68   0x08000e68   0x00000062   Code   RO          472    .text.HAL_DMA_Start_IT  stm32f4xx_hal_dma.o
    0x08000eca   0x08000eca   0x00000002   PAD
    0x08000ecc   0x08000ecc   0x0000019a   Code   RO          420    .text.HAL_GPIO_Init  stm32f4xx_hal_gpio.o
    0x08001066   0x08001066   0x00000002   PAD
    0x08001068   0x08001068   0x0000000a   Code   RO          426    .text.HAL_GPIO_WritePin  stm32f4xx_hal_gpio.o
    0x08001072   0x08001072   0x00000002   PAD
    0x08001074   0x08001074   0x0000000c   Code   RO          650    .text.HAL_GetTick   stm32f4xx_hal.o
    0x08001080   0x08001080   0x0000001a   Code   RO          648    .text.HAL_IncTick   stm32f4xx_hal.o
    0x0800109a   0x0800109a   0x00000002   PAD
    0x0800109c   0x0800109c   0x00000036   Code   RO          638    .text.HAL_Init      stm32f4xx_hal.o
    0x080010d2   0x080010d2   0x00000002   PAD
    0x080010d4   0x080010d4   0x000000a4   Code   RO          185    .text.HAL_InitTick  stm32f4xx_hal_timebase_tim.o
    0x08001178   0x08001178   0x00000046   Code   RO          176    .text.HAL_MspInit   stm32f4xx_hal_msp.o
    0x080011be   0x080011be   0x00000002   PAD
    0x080011c0   0x080011c0   0x00000008   Code   RO          572    .text.HAL_NVIC_EnableIRQ  stm32f4xx_hal_cortex.o
    0x080011c8   0x080011c8   0x0000001e   Code   RO          564    .text.HAL_NVIC_SetPriority  stm32f4xx_hal_cortex.o
    0x080011e6   0x080011e6   0x00000002   PAD
    0x080011e8   0x080011e8   0x00000008   Code   RO          560    .text.HAL_NVIC_SetPriorityGrouping  stm32f4xx_hal_cortex.o
    0x080011f0   0x080011f0   0x00000160   Code   RO          284    .text.HAL_RCC_ClockConfig  stm32f4xx_hal_rcc.o
    0x08001350   0x08001350   0x0000003e   Code   RO          302    .text.HAL_RCC_GetClockConfig  stm32f4xx_hal_rcc.o
    0x0800138e   0x0800138e   0x00000002   PAD
    0x08001390   0x08001390   0x0000000c   Code   RO          294    .text.HAL_RCC_GetHCLKFreq  stm32f4xx_hal_rcc.o
    0x0800139c   0x0800139c   0x00000022   Code   RO          296    .text.HAL_RCC_GetPCLK1Freq  stm32f4xx_hal_rcc.o
    0x080013be   0x080013be   0x00000002   PAD
    0x080013c0   0x080013c0   0x00000022   Code   RO          298    .text.HAL_RCC_GetPCLK2Freq  stm32f4xx_hal_rcc.o
    0x080013e2   0x080013e2   0x00000002   PAD
    0x080013e4   0x080013e4   0x00000068   Code   RO          286    .text.HAL_RCC_GetSysClockFreq  stm32f4xx_hal_rcc.o
    0x0800144c   0x0800144c   0x00000344   Code   RO          282    .text.HAL_RCC_OscConfig  stm32f4xx_hal_rcc.o
    0x08001790   0x08001790   0x00000002   Code   RO         1053    .text.HAL_TIMEx_BreakCallback  stm32f4xx_hal_tim_ex.o
    0x08001792   0x08001792   0x00000002   PAD
    0x08001794   0x08001794   0x00000002   Code   RO         1049    .text.HAL_TIMEx_CommutCallback  stm32f4xx_hal_tim_ex.o
    0x08001796   0x08001796   0x00000002   PAD
    0x08001798   0x08001798   0x000000b8   Code   RO         1043    .text.HAL_TIMEx_MasterConfigSynchronization  stm32f4xx_hal_tim_ex.o
    0x08001850   0x08001850   0x0000005a   Code   RO          729    .text.HAL_TIM_Base_Init  stm32f4xx_hal_tim.o
    0x080018aa   0x080018aa   0x00000002   PAD
    0x080018ac   0x080018ac   0x00000048   Code   RO           87    .text.HAL_TIM_Base_MspInit  tim.o
    0x080018f4   0x080018f4   0x000000a8   Code   RO          743    .text.HAL_TIM_Base_Start_IT  stm32f4xx_hal_tim.o
    0x0800199c   0x0800199c   0x00000002   Code   RO          865    .text.HAL_TIM_IC_CaptureCallback  stm32f4xx_hal_tim.o
    0x0800199e   0x0800199e   0x00000002   PAD
    0x080019a0   0x080019a0   0x00000134   Code   RO          863    .text.HAL_TIM_IRQHandler  stm32f4xx_hal_tim.o
    0x08001ad4   0x08001ad4   0x00000002   Code   RO          867    .text.HAL_TIM_OC_DelayElapsedCallback  stm32f4xx_hal_tim.o
    0x08001ad6   0x08001ad6   0x00000002   PAD
    0x08001ad8   0x08001ad8   0x00000002   Code   RO          869    .text.HAL_TIM_PWM_PulseFinishedCallback  stm32f4xx_hal_tim.o
    0x08001ada   0x08001ada   0x00000002   PAD
    0x08001adc   0x08001adc   0x00000014   Code   RO           17    .text.HAL_TIM_PeriodElapsedCallback  main.o
    0x08001af0   0x08001af0   0x00000002   Code   RO          873    .text.HAL_TIM_TriggerCallback  stm32f4xx_hal_tim.o
    0x08001af2   0x08001af2   0x00000002   PAD
    0x08001af4   0x08001af4   0x0000005c   Code   RO         1121    .text.HAL_UARTEx_ReceiveToIdle_DMA  stm32f4xx_hal_uart.o
    0x08001b50   0x08001b50   0x00000008   Code   RO         1980    .text.HAL_UARTEx_RxEventCallback  callback.o
    0x08001b58   0x08001b58   0x00000002   Code   RO         1157    .text.HAL_UART_ErrorCallback  stm32f4xx_hal_uart.o
    0x08001b5a   0x08001b5a   0x00000002   PAD
    0x08001b5c   0x08001b5c   0x00000252   Code   RO         1151    .text.HAL_UART_IRQHandler  stm32f4xx_hal_uart.o
    0x08001dae   0x08001dae   0x00000002   PAD
    0x08001db0   0x08001db0   0x00000060   Code   RO         1067    .text.HAL_UART_Init  stm32f4xx_hal_uart.o
    0x08001e10   0x08001e10   0x00000300   Code   RO          106    .text.HAL_UART_MspInit  usart.o
    0x08002110   0x08002110   0x00000002   Code   RO         1169    .text.HAL_UART_RxCpltCallback  stm32f4xx_hal_uart.o
    0x08002112   0x08002112   0x00000002   PAD
    0x08002114   0x08002114   0x00000002   Code   RO         1171    .text.HAL_UART_RxHalfCpltCallback  stm32f4xx_hal_uart.o
    0x08002116   0x08002116   0x00000002   PAD
    0x08002118   0x08002118   0x00000002   Code   RO         1165    .text.HAL_UART_TxCpltCallback  stm32f4xx_hal_uart.o
    0x0800211a   0x0800211a   0x00000002   PAD
    0x0800211c   0x0800211c   0x00000002   Code   RO          129    .text.HardFault_Handler  stm32f4xx_it.o
    0x0800211e   0x0800211e   0x00000002   PAD
    0x08002120   0x08002120   0x00000014   Code   RO         1926    .text.Init          init.o
    0x08002134   0x08002134   0x0000003c   Code   RO           57    .text.MX_CAN1_Init  can.o
    0x08002170   0x08002170   0x0000003c   Code   RO           59    .text.MX_CAN2_Init  can.o
    0x080021ac   0x080021ac   0x0000009a   Code   RO           76    .text.MX_DMA_Init   dma.o
    0x08002246   0x08002246   0x00000002   PAD
    0x08002248   0x08002248   0x00000084   Code   RO           37    .text.MX_FREERTOS_Init  freertos.o
    0x080022cc   0x080022cc   0x000000be   Code   RO           28    .text.MX_GPIO_Init  gpio.o
    0x0800238a   0x0800238a   0x00000002   PAD
    0x0800238c   0x0800238c   0x00000054   Code   RO           85    .text.MX_TIM7_Init  tim.o
    0x080023e0   0x080023e0   0x00000038   Code   RO          100    .text.MX_USART1_UART_Init  usart.o
    0x08002418   0x08002418   0x00000044   Code   RO          102    .text.MX_USART3_UART_Init  usart.o
    0x0800245c   0x0800245c   0x00000038   Code   RO          104    .text.MX_USART6_UART_Init  usart.o
    0x08002494   0x08002494   0x00000002   Code   RO          131    .text.MemManage_Handler  stm32f4xx_it.o
    0x08002496   0x08002496   0x00000002   PAD
    0x08002498   0x08002498   0x00000002   Code   RO          127    .text.NMI_Handler   stm32f4xx_it.o
    0x0800249a   0x0800249a   0x00000002   PAD
    0x0800249c   0x0800249c   0x0000002c   Code   RO          570    .text.NVIC_EncodePriority  stm32f4xx_hal_cortex.o
    0x080024c8   0x080024c8   0x00000008   PAD
    0x080024d0   0x080024d0   0x00000064   Code   RO         1874    .text.PendSV_Handler  port.o
    0x08002534   0x08002534   0x00000008   Code   RO         1970    .text.RefeeTask     refeetask.o
    0x0800253c   0x0800253c   0x00000004   PAD
    0x08002540   0x08002540   0x00000024   Code   RO         1858    .text.SVC_Handler   port.o
    0x08002564   0x08002564   0x00000008   Code   RO         1652    .text.SVC_Setup     cmsis_os2.o
    0x0800256c   0x0800256c   0x00000008   Code   RO           39    .text.StartDefaultTask  freertos.o
    0x08002574   0x08002574   0x0000001a   Code   RO         1642    .text.SysTick_Handler  cmsis_os2.o
    0x0800258e   0x0800258e   0x00000002   PAD
    0x08002590   0x08002590   0x000000a4   Code   RO           13    .text.SystemClock_Config  main.o
    0x08002634   0x08002634   0x00000012   Code   RO         1199    .text.SystemInit    system_stm32f4xx.o
    0x08002646   0x08002646   0x00000002   PAD
    0x08002648   0x08002648   0x00000010   Code   RO          147    .text.TIM1_UP_TIM10_IRQHandler  stm32f4xx_it.o
    0x08002658   0x08002658   0x00000010   Code   RO          153    .text.TIM7_IRQHandler  stm32f4xx_it.o
    0x08002668   0x08002668   0x00000134   Code   RO          733    .text.TIM_Base_SetConfig  stm32f4xx_hal_tim.o
    0x0800279c   0x0800279c   0x00000010   Code   RO         1155    .text.UART_DMAAbortOnError  stm32f4xx_hal_uart.o
    0x080027ac   0x080027ac   0x0000004c   Code   RO         1101    .text.UART_DMAError  stm32f4xx_hal_uart.o
    0x080027f8   0x080027f8   0x00000084   Code   RO         1187    .text.UART_DMAReceiveCplt  stm32f4xx_hal_uart.o
    0x0800287c   0x0800287c   0x0000001e   Code   RO         1189    .text.UART_DMARxHalfCplt  stm32f4xx_hal_uart.o
    0x0800289a   0x0800289a   0x00000002   PAD
    0x0800289c   0x0800289c   0x00000050   Code   RO         1115    .text.UART_EndRxTransfer  stm32f4xx_hal_uart.o
    0x080028ec   0x080028ec   0x00000018   Code   RO         1163    .text.UART_EndTransmit_IT  stm32f4xx_hal_uart.o
    0x08002904   0x08002904   0x0000001c   Code   RO         1113    .text.UART_EndTxTransfer  stm32f4xx_hal_uart.o
    0x08002920   0x08002920   0x000000c8   Code   RO         1153    .text.UART_Receive_IT  stm32f4xx_hal_uart.o
    0x080029e8   0x080029e8   0x000000dc   Code   RO         1071    .text.UART_SetConfig  stm32f4xx_hal_uart.o
    0x08002ac4   0x08002ac4   0x00000096   Code   RO         1105    .text.UART_Start_Receive_DMA  stm32f4xx_hal_uart.o
    0x08002b5a   0x08002b5a   0x00000002   PAD
    0x08002b5c   0x08002b5c   0x00000052   Code   RO         1161    .text.UART_Transmit_IT  stm32f4xx_hal_uart.o
    0x08002bae   0x08002bae   0x00000002   PAD
    0x08002bb0   0x08002bb0   0x00000010   Code   RO          149    .text.USART1_IRQHandler  stm32f4xx_it.o
    0x08002bc0   0x08002bc0   0x00000010   Code   RO          151    .text.USART3_IRQHandler  stm32f4xx_it.o
    0x08002bd0   0x08002bd0   0x00000010   Code   RO          167    .text.USART6_IRQHandler  stm32f4xx_it.o
    0x08002be0   0x08002be0   0x00000002   Code   RO          135    .text.UsageFault_Handler  stm32f4xx_it.o
    0x08002be2   0x08002be2   0x00000002   PAD
    0x08002be4   0x08002be4   0x00000008   Code   RO         1982    .text._GLOBAL__sub_I_CallBack.cpp  callback.o
    0x08002bec   0x08002bec   0x00000008   Code   RO         1928    .text._GLOBAL__sub_I_Init.cpp  init.o
    0x08002bf4   0x08002bf4   0x00000008   Code   RO         1905    .text._GLOBAL__sub_I_dr16.cpp  dr16.o
    0x08002bfc   0x08002bfc   0x0000001a   Code   RO         1895    .text._ZN10RM_Clicker4InitEv  dr16.o
    0x08002c16   0x08002c16   0x00000002   PAD
    0x08002c18   0x08002c18   0x0000005a   Code   RO         1903    .text._ZN10RM_Clicker5ParseEP20__UART_HandleTypeDefi  dr16.o
    0x08002c72   0x08002c72   0x00000002   PAD
    0x08002c74   0x08002c74   0x00000074   Code   RO         1897    .text._ZN10RM_Clicker9ParseDataEv  dr16.o
    0x08002ce8   0x08002ce8   0x0000000c   Code   RO         1899    .text._ZN10RM_ClickerC2Ev  dr16.o
    0x08002cf4   0x08002cf4   0x0000000c   Code   RO         1921    .text._ZN13RM_StaticTime10UpLastTimeEv  dr16.o
    0x08002d00   0x08002d00   0x00000020   Code   RO          574    .text.__NVIC_EnableIRQ  stm32f4xx_hal_cortex.o
    0x08002d20   0x08002d20   0x00000010   Code   RO          566    .text.__NVIC_GetPriorityGrouping  stm32f4xx_hal_cortex.o
    0x08002d30   0x08002d30   0x00000022   Code   RO          568    .text.__NVIC_SetPriority  stm32f4xx_hal_cortex.o
    0x08002d52   0x08002d52   0x00000002   PAD
    0x08002d54   0x08002d54   0x0000000e   Code   RO         1806    .text.__NVIC_SetPriority  cmsis_os2.o
    0x08002d62   0x08002d62   0x00000002   PAD
    0x08002d64   0x08002d64   0x00000020   Code   RO          562    .text.__NVIC_SetPriorityGrouping  stm32f4xx_hal_cortex.o
    0x08002d84   0x08002d84   0x00000010   Code   RO         1891    .text.__cxx_global_var_init  dr16.o
    0x08002d94   0x08002d94   0x00000010   Code   RO         1924    .text.__cxx_global_var_init  init.o
    0x08002da4   0x08002da4   0x00000010   Code   RO         1978    .text.__cxx_global_var_init  callback.o
    0x08002db4   0x08002db4   0x0000003e   Code   RO           11    .text.main          main.o
    0x08002df2   0x08002df2   0x00000002   PAD
    0x08002df4   0x08002df4   0x00000020   Code   RO         1710    .text.osDelay       cmsis_os2.o
    0x08002e14   0x08002e14   0x00000028   Code   RO         1644    .text.osKernelInitialize  cmsis_os2.o
    0x08002e3c   0x08002e3c   0x00000034   Code   RO         1650    .text.osKernelStart  cmsis_os2.o
    0x08002e70   0x08002e70   0x000000b4   Code   RO         1674    .text.osThreadNew   cmsis_os2.o
    0x08002f24   0x08002f24   0x00000080   Code   RO         1436    .text.prvAddCurrentTaskToDelayedList  tasks.o
    0x08002fa4   0x08002fa4   0x000000ac   Code   RO         1422    .text.prvAddNewTaskToReadyList  tasks.o
    0x08003050   0x08003050   0x0000007c   Code   RO         1573    .text.prvCheckForValidListAndQueue  timers.o
    0x080030cc   0x080030cc   0x0000004e   Code   RO         1540    .text.prvCheckTasksWaitingTermination  tasks.o
    0x0800311a   0x0800311a   0x00000002   PAD
    0x0800311c   0x0800311c   0x00000026   Code   RO         1313    .text.prvCopyDataFromQueue  queue.o
    0x08003142   0x08003142   0x00000002   PAD
    0x08003144   0x08003144   0x0000007a   Code   RO         1301    .text.prvCopyDataToQueue  queue.o
    0x080031be   0x080031be   0x00000002   PAD
    0x080031c0   0x080031c0   0x00000036   Code   RO         1428    .text.prvDeleteTCB  tasks.o
    0x080031f6   0x080031f6   0x00000002   PAD
    0x080031f8   0x080031f8   0x00000020   Code   RO         1611    .text.prvGetNextExpireTime  timers.o
    0x08003218   0x08003218   0x00000076   Code   RO         1824    .text.prvHeapInit   heap_4.o
    0x0800328e   0x0800328e   0x00000002   PAD
    0x08003290   0x08003290   0x0000002a   Code   RO         1462    .text.prvIdleTask   tasks.o
    0x080032ba   0x080032ba   0x00000002   PAD
    0x080032bc   0x080032bc   0x00000020   Code   RO         1275    .text.prvInitialiseNewQueue  queue.o
    0x080032dc   0x080032dc   0x00000098   Code   RO         1420    .text.prvInitialiseNewTask  tasks.o
    0x08003374   0x08003374   0x00000070   Code   RO         1538    .text.prvInitialiseTaskLists  tasks.o
    0x080033e4   0x080033e4   0x00000062   Code   RO         1826    .text.prvInsertBlockIntoFreeList  heap_4.o
    0x08003446   0x08003446   0x00000002   PAD
    0x08003448   0x08003448   0x00000040   Code   RO         1623    .text.prvInsertTimerInActiveList  timers.o
    0x08003488   0x08003488   0x00000018   Code   RO         1315    .text.prvIsQueueEmpty  queue.o
    0x080034a0   0x080034a0   0x0000001c   Code   RO         1303    .text.prvIsQueueFull  queue.o
    0x080034bc   0x080034bc   0x00000028   Code   RO         1866    .text.prvPortStartFirstTask  port.o
    0x080034e4   0x080034e4   0x0000006e   Code   RO         1619    .text.prvProcessExpiredTimer  timers.o
    0x08003552   0x08003552   0x00000002   PAD
    0x08003554   0x08003554   0x00000122   Code   RO         1615    .text.prvProcessReceivedCommands  timers.o
    0x08003676   0x08003676   0x00000002   PAD
    0x08003678   0x08003678   0x00000080   Code   RO         1613    .text.prvProcessTimerOrBlockTask  timers.o
    0x080036f8   0x080036f8   0x00000028   Code   RO         1430    .text.prvResetNextTaskUnblockTime  tasks.o
    0x08003720   0x08003720   0x0000002a   Code   RO         1617    .text.prvSampleTimeNow  timers.o
    0x0800374a   0x0800374a   0x00000002   PAD
    0x0800374c   0x0800374c   0x0000008e   Code   RO         1621    .text.prvSwitchTimerLists  timers.o
    0x080037da   0x080037da   0x00000002   PAD
    0x080037dc   0x080037dc   0x00000032   Code   RO         1856    .text.prvTaskExitError  port.o
    0x0800380e   0x0800380e   0x00000002   PAD
    0x08003810   0x08003810   0x00000016   Code   RO         1575    .text.prvTimerTask  timers.o
    0x08003826   0x08003826   0x00000002   PAD
    0x08003828   0x08003828   0x00000072   Code   RO         1305    .text.prvUnlockQueue  queue.o
    0x0800389a   0x0800389a   0x00000002   PAD
    0x0800389c   0x0800389c   0x00000138   Code   RO         1822    .text.pvPortMalloc  heap_4.o
    0x080039d4   0x080039d4   0x00000028   Code   RO         1854    .text.pxPortInitialiseStack  port.o
    0x080039fc   0x080039fc   0x00000028   Code   RO         1261    .text.uxListRemove  list.o
    0x08003a24   0x08003a24   0x0000001a   Code   RO         1802    .text.vApplicationGetIdleTaskMemory  cmsis_os2.o
    0x08003a3e   0x08003a3e   0x00000002   PAD
    0x08003a40   0x08003a40   0x0000001c   Code   RO         1804    .text.vApplicationGetTimerTaskMemory  cmsis_os2.o
    0x08003a5c   0x08003a5c   0x00000016   Code   RO         1253    .text.vListInitialise  list.o
    0x08003a72   0x08003a72   0x00000002   PAD
    0x08003a74   0x08003a74   0x00000006   Code   RO         1255    .text.vListInitialiseItem  list.o
    0x08003a7a   0x08003a7a   0x00000002   PAD
    0x08003a7c   0x08003a7c   0x0000003a   Code   RO         1259    .text.vListInsert   list.o
    0x08003ab6   0x08003ab6   0x00000002   PAD
    0x08003ab8   0x08003ab8   0x0000001c   Code   RO         1257    .text.vListInsertEnd  list.o
    0x08003ad4   0x08003ad4   0x00000014   Code   RO         1864    .text.vPortEnableVFP  port.o
    0x08003ae8   0x08003ae8   0x00000046   Code   RO         1870    .text.vPortEnterCritical  port.o
    0x08003b2e   0x08003b2e   0x00000002   PAD
    0x08003b30   0x08003b30   0x0000002e   Code   RO         1872    .text.vPortExitCritical  port.o
    0x08003b5e   0x08003b5e   0x00000002   PAD
    0x08003b60   0x08003b60   0x0000008a   Code   RO         1828    .text.vPortFree     heap_4.o
    0x08003bea   0x08003bea   0x00000002   PAD
    0x08003bec   0x08003bec   0x00000034   Code   RO         1862    .text.vPortSetupTimerInterrupt  port.o
    0x08003c20   0x08003c20   0x00000062   Code   RO         1878    .text.vPortValidateInterruptPriority  port.o
    0x08003c82   0x08003c82   0x00000002   PAD
    0x08003c84   0x08003c84   0x00000028   Code   RO         1345    .text.vQueueAddToRegistry  queue.o
    0x08003cac   0x08003cac   0x00000044   Code   RO         1349    .text.vQueueWaitForMessageRestricted  queue.o
    0x08003cf0   0x08003cf0   0x00000054   Code   RO         1440    .text.vTaskDelay    tasks.o
    0x08003d44   0x08003d44   0x0000001a   Code   RO         1494    .text.vTaskInternalSetTimeOutState  tasks.o
    0x08003d5e   0x08003d5e   0x00000002   PAD
    0x08003d60   0x08003d60   0x0000000e   Code   RO         1498    .text.vTaskMissedYield  tasks.o
    0x08003d6e   0x08003d6e   0x00000002   PAD
    0x08003d70   0x08003d70   0x00000032   Code   RO         1482    .text.vTaskPlaceOnEventList  tasks.o
    0x08003da2   0x08003da2   0x00000002   PAD
    0x08003da4   0x08003da4   0x0000003e   Code   RO         1486    .text.vTaskPlaceOnEventListRestricted  tasks.o
    0x08003de2   0x08003de2   0x00000002   PAD
    0x08003de4   0x08003de4   0x000000a8   Code   RO         1460    .text.vTaskStartScheduler  tasks.o
    0x08003e8c   0x08003e8c   0x00000010   Code   RO         1434    .text.vTaskSuspendAll  tasks.o
    0x08003e9c   0x08003e9c   0x0000009a   Code   RO         1452    .text.vTaskSwitchContext  tasks.o
    0x08003f36   0x08003f36   0x00000002   PAD
    0x08003f38   0x08003f38   0x00000116   Code   RO         1860    .text.xPortStartScheduler  port.o
    0x0800404e   0x0800404e   0x00000002   PAD
    0x08004050   0x08004050   0x0000002e   Code   RO         1876    .text.xPortSysTickHandler  port.o
    0x0800407e   0x0800407e   0x00000002   PAD
    0x08004080   0x08004080   0x00000096   Code   RO         1273    .text.xQueueGenericCreateStatic  queue.o
    0x08004116   0x08004116   0x00000002   PAD
    0x08004118   0x08004118   0x0000007e   Code   RO         1271    .text.xQueueGenericReset  queue.o
    0x08004196   0x08004196   0x00000002   PAD
    0x08004198   0x08004198   0x000001a2   Code   RO         1291    .text.xQueueGenericSend  queue.o
    0x0800433a   0x0800433a   0x00000002   PAD
    0x0800433c   0x0800433c   0x000000ce   Code   RO         1307    .text.xQueueGenericSendFromISR  queue.o
    0x0800440a   0x0800440a   0x00000002   PAD
    0x0800440c   0x0800440c   0x00000180   Code   RO         1311    .text.xQueueReceive  queue.o
    0x0800458c   0x0800458c   0x00000088   Code   RO         1496    .text.xTaskCheckForTimeOut  tasks.o
    0x08004614   0x08004614   0x00000066   Code   RO         1424    .text.xTaskCreate   tasks.o
    0x0800467a   0x0800467a   0x00000002   PAD
    0x0800467c   0x0800467c   0x00000076   Code   RO         1418    .text.xTaskCreateStatic  tasks.o
    0x080046f2   0x080046f2   0x00000002   PAD
    0x080046f4   0x080046f4   0x00000026   Code   RO         1512    .text.xTaskGetSchedulerState  tasks.o
    0x0800471a   0x0800471a   0x00000002   PAD
    0x0800471c   0x0800471c   0x0000000c   Code   RO         1468    .text.xTaskGetTickCount  tasks.o
    0x08004728   0x08004728   0x00000152   Code   RO         1466    .text.xTaskIncrementTick  tasks.o
    0x0800487a   0x0800487a   0x00000002   PAD
    0x0800487c   0x0800487c   0x00000092   Code   RO         1516    .text.xTaskPriorityDisinherit  tasks.o
    0x0800490e   0x0800490e   0x00000002   PAD
    0x08004910   0x08004910   0x0000008e   Code   RO         1488    .text.xTaskRemoveFromEventList  tasks.o
    0x0800499e   0x0800499e   0x00000002   PAD
    0x080049a0   0x080049a0   0x00000114   Code   RO         1438    .text.xTaskResumeAll  tasks.o
    0x08004ab4   0x08004ab4   0x00000080   Code   RO         1571    .text.xTimerCreateTimerTask  timers.o
    0x08004b34   0x08004b34   0x00000068   Code   RO         1583    .text.xTimerGenericCommand  timers.o
    0x08004b9c   0x08004b9c   0x0000001a   Code   RO         2092    x$fpl$fpinit        fz_wm.l(fpinit.o)
    0x08004bb6   0x08004bb6   0x00000010   Data   RO         1204    .rodata.AHBPrescTable  system_stm32f4xx.o
    0x08004bc6   0x08004bc6   0x00000008   Data   RO         1205    .rodata.APBPrescTable  system_stm32f4xx.o
    0x08004bce   0x08004bce   0x00000002   PAD
    0x08004bd0   0x08004bd0   0x00000024   Data   RO           43    .rodata.chassisTask_attributes  freertos.o
    0x08004bf4   0x08004bf4   0x00000024   Data   RO           44    .rodata.communicationTa_attributes  freertos.o
    0x08004c18   0x08004c18   0x00000024   Data   RO           42    .rodata.defaultTask_attributes  freertos.o
    0x08004c3c   0x08004c3c   0x00000024   Data   RO           45    .rodata.refeeTask_attributes  freertos.o
    0x08004c60   0x08004c60   0x00000032   Data   RO           41    .rodata.str1.1      freertos.o
    0x08004c92   0x08004c92   0x00000002   PAD
    0x08004c94   0x08004c94   0x00000020   Data   RO         2193    Region$$Table       anon$$obj.o
    0x08004cb4   0x08004cb4   0x00000004   Data   RO         1911    .init_array         dr16.o
    0x08004cb8   0x08004cb4   0x00000004   Data   RO         1931    .init_array         init.o
    0x08004cbc   0x08004cb4   0x00000004   Data   RO         1985    .init_array         callback.o
    0x08004cc0   0x08004cb4   0x00000000   Data   RO         2012    .init_array         c_w.l(init_aeabi.o)


    Execution Region RW_IRAM1 (Exec base: 0x20000000, Load base: 0x08004cc0, Size: 0x00005408, Max: 0x0001c000, ABSOLUTE)

    Exec Addr    Load Addr    Size         Type   Attr      Idx    E Section Name        Object

    0x20000000   0x08004cc0   0x00000004   Data   RW         1203    .data.SystemCoreClock  system_stm32f4xx.o
    0x20000004   0x08004cc4   0x00000001   Data   RW          693    .data.uwTickFreq    stm32f4xx_hal.o
    0x20000005   0x08004cc5   0x00000003   PAD
    0x20000008   0x08004cc8   0x00000004   Data   RW          692    .data.uwTickPrio    stm32f4xx_hal.o
    0x2000000c   0x08004ccc   0x00000004   Data   RW         1882    .data.uxCriticalNesting  port.o
    0x20000010        -       0x00000060   Zero   RW         2117    .bss                c_w.l(libspace.o)
    0x20000070        -       0x00000004   Zero   RW           67    .bss.HAL_RCC_CAN1_CLK_ENABLED  can.o
    0x20000074        -       0x00000004   Zero   RW         1808    .bss.KernelState    cmsis_os2.o
    0x20000078        -       0x00000001   Zero   RW         1907    .bss._ZL4dr16       dr16.o
    0x20000079        -       0x00000001   Zero   RW         1930    .bss._ZL4dr16       init.o
    0x2000007a        -       0x00000001   Zero   RW         1984    .bss._ZL4dr16       callback.o
    0x2000007b        -       0x00000012   Zero   RW         1910    .bss._ZN10RM_Clicker5pDataE  dr16.o
    0x2000008d   0x08004cd0   0x00000003   PAD
    0x20000090        -       0x00000016   Zero   RW         1908    .bss._ZN10RM_Clicker6RC_CtlE  dr16.o
    0x200000a6   0x08004cd0   0x00000002   PAD
    0x200000a8        -       0x00000008   Zero   RW         1909    .bss._ZN10RM_Clicker7dirTimeE  dr16.o
    0x200000b0        -       0x00000004   Zero   RW           47    .bss.chassisTaskHandle  freertos.o
    0x200000b4        -       0x00000004   Zero   RW           48    .bss.communicationTaHandle  freertos.o
    0x200000b8        -       0x00000004   Zero   RW           46    .bss.defaultTaskHandle  freertos.o
    0x200000bc        -       0x00000028   Zero   RW           65    .bss.hcan1          can.o
    0x200000e4        -       0x00000028   Zero   RW           66    .bss.hcan2          can.o
    0x2000010c        -       0x00000060   Zero   RW          114    .bss.hdma_usart1_rx  usart.o
    0x2000016c        -       0x00000060   Zero   RW          113    .bss.hdma_usart1_tx  usart.o
    0x200001cc        -       0x00000060   Zero   RW          115    .bss.hdma_usart3_rx  usart.o
    0x2000022c        -       0x00000060   Zero   RW          116    .bss.hdma_usart3_tx  usart.o
    0x2000028c        -       0x00000060   Zero   RW          118    .bss.hdma_usart6_rx  usart.o
    0x200002ec        -       0x00000060   Zero   RW          117    .bss.hdma_usart6_tx  usart.o
    0x2000034c        -       0x00000048   Zero   RW          191    .bss.htim1          stm32f4xx_hal_timebase_tim.o
    0x20000394        -       0x00000048   Zero   RW           91    .bss.htim7          tim.o
    0x200003dc        -       0x00000048   Zero   RW          110    .bss.huart1         usart.o
    0x20000424        -       0x00000048   Zero   RW          111    .bss.huart3         usart.o
    0x2000046c        -       0x00000048   Zero   RW          112    .bss.huart6         usart.o
    0x200004b4        -       0x000000a0   Zero   RW         1633    .bss.prvCheckForValidListAndQueue.ucStaticTimerQueueStorage  timers.o
    0x20000554        -       0x00000050   Zero   RW         1632    .bss.prvCheckForValidListAndQueue.xStaticTimerQueue  timers.o
    0x200005a4        -       0x00000004   Zero   RW         1629    .bss.prvSampleTimeNow.xLastTime  timers.o
    0x200005a8        -       0x00000004   Zero   RW         1542    .bss.pxCurrentTCB   tasks.o
    0x200005ac        -       0x00000004   Zero   RW         1627    .bss.pxCurrentTimerList  timers.o
    0x200005b0        -       0x00000004   Zero   RW         1550    .bss.pxDelayedTaskList  tasks.o
    0x200005b4        -       0x00000004   Zero   RW         1838    .bss.pxEnd          heap_4.o
    0x200005b8        -       0x00000004   Zero   RW         1551    .bss.pxOverflowDelayedTaskList  tasks.o
    0x200005bc        -       0x00000004   Zero   RW         1628    .bss.pxOverflowTimerList  timers.o
    0x200005c0        -       0x00000460   Zero   RW         1553    .bss.pxReadyTasksLists  tasks.o
    0x20000a20        -       0x00000004   Zero   RW           49    .bss.refeeTaskHandle  freertos.o
    0x20000a24        -       0x00003c00   Zero   RW         1845    .bss.ucHeap         heap_4.o
    0x20004624        -       0x00000001   Zero   RW         1880    .bss.ucMaxSysCallPriority  port.o
    0x20004625   0x08004cd0   0x00000003   PAD
    0x20004628        -       0x00000004   Zero   RW         1881    .bss.ulMaxPRIGROUPValue  port.o
    0x2000462c        -       0x00000004   Zero   RW          694    .bss.uwTick         stm32f4xx_hal.o
    0x20004630        -       0x00000004   Zero   RW         1546    .bss.uxCurrentNumberOfTasks  tasks.o
    0x20004634        -       0x00000004   Zero   RW         1545    .bss.uxDeletedTasksWaitingCleanUp  tasks.o
    0x20004638        -       0x00000004   Zero   RW         1548    .bss.uxSchedulerSuspended  tasks.o
    0x2000463c        -       0x00000004   Zero   RW         1543    .bss.uxTaskNumber   tasks.o
    0x20004640        -       0x00000004   Zero   RW         1554    .bss.uxTopReadyPriority  tasks.o
    0x20004644        -       0x00000200   Zero   RW         1811    .bss.vApplicationGetIdleTaskMemory.Idle_Stack  cmsis_os2.o
    0x20004844        -       0x0000005c   Zero   RW         1810    .bss.vApplicationGetIdleTaskMemory.Idle_TCB  cmsis_os2.o
    0x200048a0        -       0x00000400   Zero   RW         1813    .bss.vApplicationGetTimerTaskMemory.Timer_Stack  cmsis_os2.o
    0x20004ca0        -       0x0000005c   Zero   RW         1812    .bss.vApplicationGetTimerTaskMemory.Timer_TCB  cmsis_os2.o
    0x20004cfc        -       0x00000014   Zero   RW         1630    .bss.xActiveTimerList1  timers.o
    0x20004d10        -       0x00000014   Zero   RW         1631    .bss.xActiveTimerList2  timers.o
    0x20004d24        -       0x00000001   Zero   RW         1839    .bss.xBlockAllocatedBit  heap_4.o
    0x20004d25   0x08004cd0   0x00000003   PAD
    0x20004d28        -       0x00000014   Zero   RW         1561    .bss.xDelayedTaskList1  tasks.o
    0x20004d3c        -       0x00000014   Zero   RW         1562    .bss.xDelayedTaskList2  tasks.o
    0x20004d50        -       0x00000004   Zero   RW         1840    .bss.xFreeBytesRemaining  heap_4.o
    0x20004d54        -       0x00000004   Zero   RW         1556    .bss.xIdleTaskHandle  tasks.o
    0x20004d58        -       0x00000004   Zero   RW         1842    .bss.xMinimumEverFreeBytesRemaining  heap_4.o
    0x20004d5c        -       0x00000004   Zero   RW         1557    .bss.xNextTaskUnblockTime  tasks.o
    0x20004d60        -       0x00000004   Zero   RW         1560    .bss.xNumOfOverflows  tasks.o
    0x20004d64        -       0x00000004   Zero   RW         1843    .bss.xNumberOfSuccessfulAllocations  heap_4.o
    0x20004d68        -       0x00000004   Zero   RW         1844    .bss.xNumberOfSuccessfulFrees  heap_4.o
    0x20004d6c        -       0x00000004   Zero   RW         1559    .bss.xPendedTicks   tasks.o
    0x20004d70        -       0x00000014   Zero   RW         1555    .bss.xPendingReadyList  tasks.o
    0x20004d84        -       0x00000040   Zero   RW         1351    .bss.xQueueRegistry  queue.o
    0x20004dc4        -       0x00000004   Zero   RW         1547    .bss.xSchedulerRunning  tasks.o
    0x20004dc8        -       0x00000008   Zero   RW         1841    .bss.xStart         heap_4.o
    0x20004dd0        -       0x00000014   Zero   RW         1552    .bss.xSuspendedTaskList  tasks.o
    0x20004de4        -       0x00000014   Zero   RW         1544    .bss.xTasksWaitingTermination  tasks.o
    0x20004df8        -       0x00000004   Zero   RW         1549    .bss.xTickCount     tasks.o
    0x20004dfc        -       0x00000004   Zero   RW         1625    .bss.xTimerQueue    timers.o
    0x20004e00        -       0x00000004   Zero   RW         1626    .bss.xTimerTaskHandle  timers.o
    0x20004e04        -       0x00000004   Zero   RW         1558    .bss.xYieldPending  tasks.o
    0x20004e08        -       0x00000200   Zero   RW            2    HEAP                startup_stm32f407xx.o
    0x20005008        -       0x00000400   Zero   RW            1    STACK               startup_stm32f407xx.o


    Execution Region RW_IRAM2 (Exec base: 0x2001c000, Load base: 0x08004cd0, Size: 0x00000000, Max: 0x00004000, ABSOLUTE)

    **** No section assigned to this execution region ****


==============================================================================

Image component sizes


      Code (inc. data)   RO Data    RW Data    ZI Data      Debug   Object Name

        32          0          4          0          1      16106   callback.o
       428          0          0          0         84       6348   can.o
         8          0          0          0          0       1756   chassistask.o
       406          0          0          0       1724      44255   cmsis_os2.o
         8          0          0          0          0       1774   communicationtask.o
       154          0          0          0          0       3326   dma.o
       280          0          4          0         49      19272   dr16.o
       140          0        194          0         16       2795   freertos.o
       190          0          0          0          0       2182   gpio.o
       666          0          0          0      15389       4712   heap_4.o
        44          0          4          0          1      15953   init.o
       154          0          0          0          0       2181   list.o
       252          0          0          0          0       5708   main.o
       876         16          0          4          5       3994   port.o
      1750          0          0          0         64      22174   queue.o
         8          0          0          0          0       1750   refeetask.o
        64         26        392          0       1536        832   startup_stm32f407xx.o
        92          0          0          5          4       7275   stm32f4xx_hal.o
       852          6          0          0          0      12536   stm32f4xx_hal_can.o
       204          0          0          0          0      10601   stm32f4xx_hal_cortex.o
      1052         12          0          0          0       8917   stm32f4xx_hal_dma.o
       420          0          0          0          0       5085   stm32f4xx_hal_gpio.o
        70          0          0          0          0       3344   stm32f4xx_hal_msp.o
      1434          0          0          0          0       7245   stm32f4xx_hal_rcc.o
       882          0          0          0          0      42652   stm32f4xx_hal_tim.o
       188          0          0          0          0      18395   stm32f4xx_hal_tim_ex.o
       164          0          0          0         72       7150   stm32f4xx_hal_timebase_tim.o
      1828          0          0          0          0      24194   stm32f4xx_hal_uart.o
       252          0          0          0          0       2236   stm32f4xx_it.o
        18          0         24          4          0       2617   system_stm32f4xx.o
      2660          8          0          0       1280      29802   tasks.o
       156          0          0          0         72       6819   tim.o
      1186         26          0          0        300      14461   timers.o
       948          0          0          0        792       7794   usart.o

    ----------------------------------------------------------------------
     18068         94        658         16      21400     366241   Object Totals
         0          0         32          0          0          0   (incl. Generated)
       202          0          4          3         11          0   (incl. Padding)

    ----------------------------------------------------------------------

      Code (inc. data)   RO Data    RW Data    ZI Data      Debug   Library Member Name

         8          0          0          0          0         68   __main.o
         0          0          0          0          0          0   __rtentry.o
        12          0          0          0          0          0   __rtentry2.o
         6          0          0          0          0          0   __rtentry4.o
        52          8          0          0          0          0   __scatter.o
        26          0          0          0          0          0   __scatter_copy.o
        28          0          0          0          0          0   __scatter_zi.o
        16          0          0          0          0         68   aeabi_memset4.o
        18          0          0          0          0         80   exit.o
         6          0          0          0          0        152   heapauxi.o
         0          0          0          0          0          0   indicate_semi.o
        36          8          0          0          0         80   init_aeabi.o
         2          0          0          0          0          0   libinit.o
        10          0          0          0          0          0   libinit2.o
         2          0          0          0          0          0   libshutdown.o
         2          0          0          0          0          0   libshutdown2.o
         8          4          0          0         96         68   libspace.o
       240          0          0          0          0        100   lludivv7m.o
        78          0          0          0          0         80   rt_memclr_w.o
       138          0          0          0          0         68   rt_memcpy_v6.o
       100          0          0          0          0         80   rt_memcpy_w.o
         2          0          0          0          0          0   rtexit.o
        10          0          0          0          0          0   rtexit2.o
        12          4          0          0          0         68   sys_exit.o
        74          0          0          0          0         80   sys_stackheap_outer.o
         2          0          0          0          0         68   use_no_semi.o
        26          0          0          0          0        116   fpinit.o

    ----------------------------------------------------------------------
       922         24          0          0         96       1176   Library Totals
         8          0          0          0          0          0   (incl. Padding)

    ----------------------------------------------------------------------

      Code (inc. data)   RO Data    RW Data    ZI Data      Debug   Library Name

       888         24          0          0         96       1060   c_w.l
        26          0          0          0          0        116   fz_wm.l

    ----------------------------------------------------------------------
       922         24          0          0         96       1176   Library Totals

    ----------------------------------------------------------------------

==============================================================================


      Code (inc. data)   RO Data    RW Data    ZI Data      Debug   

     18990        118        658         16      21496     366437   Grand Totals
     18990        118        658         16      21496     366437   ELF Image Totals
     18990        118        658         16          0          0   ROM Totals

==============================================================================

    Total RO  Size (Code + RO Data)                19648 (  19.19kB)
    Total RW  Size (RW Data + ZI Data)             21512 (  21.01kB)
    Total ROM Size (Code + RO Data + RW Data)      19664 (  19.20kB)

==============================================================================

