<html>
<body>
<pre>
<h1>µVision Build Log</h1>
<h2>Tool Versions:</h2>
IDE-Version: ¦ÌVision V5.32.0.0
Copyright (C) 2020 ARM Ltd and ARM Germany GmbH. All rights reserved.
License Information: a Administrator, a, LIC=NQQMA-1NSTQ-BSUYX-HYH2V-A7NG4-73RSR
 
Tool Versions:
Toolchain:       MDK-ARM Plus  Version: 5.32.0.0
Toolchain Path:  E:\Keil5\ARM\ARMCLANG\Bin
C Compiler:      ArmClang.exe V6.14.1
Assembler:       Armasm.exe V6.14.1
Linker/Locator:  ArmLink.exe V6.14.1
Library Manager: ArmAr.exe V6.14.1
Hex Converter:   FromElf.exe V6.14.1
CPU DLL:         SARMCM3.DLL V5.32.0.0
Dialog DLL:      DCM.DLL V1.17.3.0
Target DLL:      CMSIS_AGDI.dll V1.32.12.0
Dialog DLL:      TCM.DLL V1.46.0.0
 
<h2>Project:</h2>
F:\RM_CODE\GS_WHEEL\SG_WHEEL\SG_CHASSIS_C_2024_11_5\MDK-ARM\SG_CHASSIS_C_2024_11_5.uvprojx
Project File Date:  11/06/2024

<h2>Output:</h2>
*** Using Compiler 'V6.14.1', folder: 'E:\Keil5\ARM\ARMCLANG\Bin'
Rebuild target 'SG_CHASSIS_C_2024_11_5'
compiling stm32f4xx_hal_msp.c...
compiling dma.c...
compiling freertos.c...
compiling stm32f4xx_it.c...
compiling stm32f4xx_hal_timebase_tim.c...
compiling main.c...
compiling stm32f4xx_hal_rcc_ex.c...
compiling tim.c...
compiling usart.c...
compiling gpio.c...
compiling can.c...
compiling stm32f4xx_hal_flash_ex.c...
compiling stm32f4xx_hal_flash.c...
compiling stm32f4xx_hal_rcc.c...
compiling stm32f4xx_hal_can.c...
assembling startup_stm32f407xx.s...
compiling stm32f4xx_hal_flash_ramfunc.c...
compiling stm32f4xx_hal_gpio.c...
compiling stm32f4xx_hal_dma_ex.c...
compiling stm32f4xx_hal_dma.c...
compiling stm32f4xx_hal_pwr.c...
compiling stm32f4xx_hal_pwr_ex.c...
compiling croutine.c...
compiling list.c...
compiling stm32f4xx_hal.c...
compiling stm32f4xx_hal_exti.c...
compiling system_stm32f4xx.c...
compiling stm32f4xx_hal_cortex.c...
compiling event_groups.c...
compiling queue.c...
compiling stm32f4xx_hal_tim_ex.c...
compiling stm32f4xx_hal_uart.c...
compiling stream_buffer.c...
compiling timers.c...
compiling stm32f4xx_hal_tim.c...
compiling port.c...
compiling heap_4.c...
compiling CommunicationTask.cpp...
compiling RefeeTask.cpp...
compiling tasks.c...
compiling cmsis_os2.c...
compiling ChassisTask.cpp...
compiling Init.cpp...
compiling dr16.cpp...
compiling CallBack.cpp...
linking...
Program Size: Code=19014 RO-data=662 RW-data=16 ZI-data=21496  
FromELF: creating hex file...
"SG_CHASSIS_C_2024_11_5\SG_CHASSIS_C_2024_11_5.axf" - 0 Error(s), 0 Warning(s).

<h2>Software Packages used:</h2>

Package Vendor: ARM
                http://www.keil.com/pack/ARM.CMSIS.5.7.0.pack
                ARM.CMSIS.5.7.0
                CMSIS (Cortex Microcontroller Software Interface Standard)
   * Component: CORE Version: 5.4.0

Package Vendor: Keil
                https://www.keil.com/pack/Keil.STM32F4xx_DFP.2.17.1.pack
                Keil.STM32F4xx_DFP.2.17.1
                STMicroelectronics STM32F4 Series Device Support, Drivers and Examples

<h2>Collection of Component include folders:</h2>
  .\RTE\_SG_CHASSIS_C_2024_11_5
  C:\Users\Administrator.DESKTOP-IAACAVF\AppData\Local\Arm\Packs\ARM\CMSIS\5.7.0\CMSIS\Core\Include
  C:\Users\Administrator.DESKTOP-IAACAVF\AppData\Local\Arm\Packs\Keil\STM32F4xx_DFP\2.17.1\Drivers\CMSIS\Device\ST\STM32F4xx\Include

<h2>Collection of Component Files used:</h2>

   * Component: ARM::CMSIS:CORE:5.4.0
      Include file:  CMSIS\Core\Include\tz_context.h
Build Time Elapsed:  00:00:03
</pre>
</body>
</html>
